###############################################################################
#
# IAR ELF Linker V9.70.1.475/W64 for ARM                  26/Oct/2025  16:23:45
# Copyright 2007-2025 IAR Systems AB.
#
#    Output file  =
#        D:\PROGRAM\Sipaad_S500_Main_code_250426\Application\EWARM\Debug\Exe\SIP_App.out
#    Map file     =
#        D:\PROGRAM\Sipaad_S500_Main_code_250426\Application\EWARM\Debug\List\SIP_App.map
#    Command line =
#        -f
#        D:\PROGRAM\Sipaad_S500_Main_code_250426\Application\EWARM\Debug\Exe\SIP_App.out.rsp
#        (D:\PROGRAM\Sipaad_S500_Main_code_250426\Application\EWARM\Debug\Obj\Accelerometer_5802565934898969246.dir\accel_i2c.o
#        D:\PROGRAM\Sipaad_S500_Main_code_250426\Application\EWARM\Debug\Obj\A2D_14972411234166948354.dir\ADC_Config.o
#        D:\PROGRAM\Sipaad_S500_Main_code_250426\Application\EWARM\Debug\Obj\Encoding_17640052530797874392.dir\asn1.o
#        D:\PROGRAM\Sipaad_S500_Main_code_250426\Application\EWARM\Debug\Obj\Encoding_17640052530797874392.dir\base64.o
#        D:\PROGRAM\Sipaad_S500_Main_code_250426\Application\EWARM\Debug\Obj\Protocol_10540556707541943501.dir\circular_buffer.o
#        D:\PROGRAM\Sipaad_S500_Main_code_250426\Application\EWARM\Debug\Obj\Common_388439453444075512.dir\cpu_endian.o
#        D:\PROGRAM\Sipaad_S500_Main_code_250426\Application\EWARM\Debug\Obj\Common_388439453444075512.dir\date_time.o
#        D:\PROGRAM\Sipaad_S500_Main_code_250426\Application\EWARM\Debug\Obj\Common_388439453444075512.dir\debug.o
#        D:\PROGRAM\Sipaad_S500_Main_code_250426\Application\EWARM\Debug\Obj\Accelerometer_5802565934898969246.dir\dev_attachment.o
#        D:\PROGRAM\Sipaad_S500_Main_code_250426\Application\EWARM\Debug\Obj\PKC_17023933510945847088.dir\dh.o
#        D:\PROGRAM\Sipaad_S500_Main_code_250426\Application\EWARM\Debug\Obj\IOs_17766050923318551339.dir\Digital_IO.o
#        D:\PROGRAM\Sipaad_S500_Main_code_250426\Application\EWARM\Debug\Obj\PKC_17023933510945847088.dir\dsa.o
#        D:\PROGRAM\Sipaad_S500_Main_code_250426\Application\EWARM\Debug\Obj\Flash_3222999600733985888.dir\Flash.o
#        D:\PROGRAM\Sipaad_S500_Main_code_250426\Application\EWARM\Debug\Obj\EWARM_14282830314136953809.dir\general_functions.o
#        D:\PROGRAM\Sipaad_S500_Main_code_250426\Application\EWARM\Debug\Obj\GPS_13805737646085544899.dir\GPS.o
#        D:\PROGRAM\Sipaad_S500_Main_code_250426\Application\EWARM\Debug\Obj\GPS_13805737646085544899.dir\GPS_USART.o
#        D:\PROGRAM\Sipaad_S500_Main_code_250426\Application\EWARM\Debug\Obj\GSM_14571738266252155766.dir\GSM_BT.o
#        D:\PROGRAM\Sipaad_S500_Main_code_250426\Application\EWARM\Debug\Obj\GSM_14571738266252155766.dir\GSM_Utility.o
#        D:\PROGRAM\Sipaad_S500_Main_code_250426\Application\EWARM\Debug\Obj\GSM_14571738266252155766.dir\HTTP_Process.o
#        D:\PROGRAM\Sipaad_S500_Main_code_250426\Application\EWARM\Debug\Obj\Accelerometer_5802565934898969246.dir\KX023.o
#        D:\PROGRAM\Sipaad_S500_Main_code_250426\Application\EWARM\Debug\Obj\Timers_7884078857485784167.dir\LEDs.o
#        D:\PROGRAM\Sipaad_S500_Main_code_250426\Application\EWARM\Debug\Obj\EWARM_14282830314136953809.dir\main.o
#        D:\PROGRAM\Sipaad_S500_Main_code_250426\Application\EWARM\Debug\Obj\Hash_7788234830195085610.dir\md5.o
#        D:\PROGRAM\Sipaad_S500_Main_code_250426\Application\EWARM\Debug\Obj\GSM_14571738266252155766.dir\Module_USART.o
#        D:\PROGRAM\Sipaad_S500_Main_code_250426\Application\EWARM\Debug\Obj\MPI_4282649160496547225.dir\mpi.o
#        D:\PROGRAM\Sipaad_S500_Main_code_250426\Application\EWARM\Debug\Obj\Encoding_17640052530797874392.dir\oid.o
#        D:\PROGRAM\Sipaad_S500_Main_code_250426\Application\EWARM\Debug\Obj\Common_388439453444075512.dir\os_port_none.o
#        D:\PROGRAM\Sipaad_S500_Main_code_250426\Application\EWARM\Debug\Obj\Certificate_4819519691248422992.dir\pem_import.o
#        D:\PROGRAM\Sipaad_S500_Main_code_250426\Application\EWARM\Debug\Obj\Common_388439453444075512.dir\resource_manager.o
#        D:\PROGRAM\Sipaad_S500_Main_code_250426\Application\EWARM\Debug\Obj\PKC_17023933510945847088.dir\rsa.o
#        D:\PROGRAM\Sipaad_S500_Main_code_250426\Application\EWARM\Debug\Obj\RSA_7683435025872950055.dir\RSA_Cryptographic.o
#        D:\PROGRAM\Sipaad_S500_Main_code_250426\Application\EWARM\Debug\Obj\Protocol_10540556707541943501.dir\sip_protocol.o
#        D:\PROGRAM\Sipaad_S500_Main_code_250426\Application\EWARM\Debug\Obj\GSM_14571738266252155766.dir\SMS_Process.o
#        D:\PROGRAM\Sipaad_S500_Main_code_250426\Application\EWARM\Debug\Obj\SPIF_2069707202072327316.dir\SPIF.o
#        D:\PROGRAM\Sipaad_S500_Main_code_250426\Application\EWARM\Debug\Obj\SPIF_2069707202072327316.dir\SPIF_Driver.o
#        D:\PROGRAM\Sipaad_S500_Main_code_250426\Application\EWARM\Debug\Obj\SPIF_2069707202072327316.dir\SPIF_spi.o
#        D:\PROGRAM\Sipaad_S500_Main_code_250426\Application\EWARM\Debug\Obj\GSM_14571738266252155766.dir\SSL_Process.o
#        D:\PROGRAM\Sipaad_S500_Main_code_250426\Application\EWARM\Debug\Obj\System_14878279498866883008.dir\startup_stm32g070xx.o
#        D:\PROGRAM\Sipaad_S500_Main_code_250426\Application\EWARM\Debug\Obj\Common_388439453444075512.dir\str.o
#        D:\PROGRAM\Sipaad_S500_Main_code_250426\Application\EWARM\Debug\Obj\Protocol_10540556707541943501.dir\system.o
#        D:\PROGRAM\Sipaad_S500_Main_code_250426\Application\EWARM\Debug\Obj\EWARM_14282830314136953809.dir\System_Interrupts.o
#        D:\PROGRAM\Sipaad_S500_Main_code_250426\Application\EWARM\Debug\Obj\System_14878279498866883008.dir\system_stm32g0xx.o
#        D:\PROGRAM\Sipaad_S500_Main_code_250426\Application\EWARM\Debug\Obj\Timers_7884078857485784167.dir\System_Timers.o
#        D:\PROGRAM\Sipaad_S500_Main_code_250426\Application\EWARM\Debug\Obj\EWARM_14282830314136953809.dir\System_Utility.o
#        D:\PROGRAM\Sipaad_S500_Main_code_250426\Application\EWARM\Debug\Obj\Certificate_4819519691248422992.dir\x509_cert_parse.o
#        D:\PROGRAM\Sipaad_S500_Main_code_250426\Application\EWARM\Debug\Obj\Certificate_4819519691248422992.dir\x509_cert_validate.o
#        D:\PROGRAM\Sipaad_S500_Main_code_250426\Application\EWARM\Debug\Obj\Certificate_4819519691248422992.dir\x509_common.o
#        --no_out_extension -o
#        D:\PROGRAM\Sipaad_S500_Main_code_250426\Application\EWARM\Debug\Exe\SIP_App.out
#        --redirect _Printf=_PrintfFullNoMb --redirect _Scanf=_ScanfFullNoMb
#        --map
#        D:\PROGRAM\Sipaad_S500_Main_code_250426\Application\EWARM\Debug\List\SIP_App.map
#        --config
#        D:\PROGRAM\Sipaad_S500_Main_code_250426\Application\EWARM\..\Libraries\System\stm32g070xx_flash.icf
#        --entry __iar_program_start --vfe --text_out locale --cpu=Cortex-M0+
#        --fpu=None) --diagnostics_format=sarif_stdout --dependencies=n
#        D:\PROGRAM\Sipaad_S500_Main_code_250426\Application\EWARM\Debug\Exe\SIP_App.out.iar_deps
#        --dynamic_output
#        D:\PROGRAM\Sipaad_S500_Main_code_250426\Application\EWARM\Debug\Exe\SIP_App.out.iar_dynout
#
###############################################################################

*******************************************************************************
*** RUNTIME MODEL ATTRIBUTES
***

CppFlavor       = *
__CPP_Runtime   = 1
__Heap_Handler  = Basic
__SystemLibrary = DLib
__dlib_version  = 6


*******************************************************************************
*** HEAP SELECTION
***

The basic heap was selected because --advanced_heap
was not specified and the application did not appear to
be primarily optimized for speed.


*******************************************************************************
*** PLACEMENT SUMMARY
***

"A0":  place at address 0x800'4000 {  ro section .intvec };
"P1":  place in [from 0x800'4000 to 0x801'ffff] {  ro };
define block CSTACK with size = 9'728, alignment = 8 { };
define block HEAP with size = 10K, alignment = 8 { };
"P2":  place in [from 0x2000'0100 to 0x2000'8fff] {
           rw,  block CSTACK,  block HEAP };
"P3":  place in [from 0x2000'0000 to 0x2000'00ff] {  rw section BOOT_Data };
initialize by copy {  rw };

  Section            Kind         Address  Alignment      Size  Object
  -------            ----         -------  ---------      ----  ------
"A0":                                                     0xb8
  .intvec            ro code   0x800'4000          4      0xb8  startup_stm32g070xx.o [17]
                             - 0x800'40b8                 0xb8

"P1":                                                 0x1'782b
  .text              ro code   0x800'40b8          4    0x3850  HTTP_Process.o [9]
  .text              ro code   0x800'7908          4     0xc90  LEDs.o [18]
  .text              ro code   0x800'8598          4      0x4e  ABImemset.o [21]
  .text              ro code   0x800'85e6          2       0x2  startup_stm32g070xx.o [17]
  .text              ro code   0x800'85e8          4     0x3c0  SPIF.o [16]
  .text              ro code   0x800'89a8          4      0xc0  strcmp.o [21]
  .text              ro code   0x800'8a68          4    0x221c  sip_protocol.o [14]
  .text              ro code   0x800'ac84          4     0x6ec  System_Utility.o [5]
  .text              ro code   0x800'b370          4      0x4e  ABImemcpy.o [21]
  .text              ro code   0x800'b3be          2       0x2  startup_stm32g070xx.o [17]
  .text              ro code   0x800'b3c0          4    0x1744  GSM_Utility.o [9]
  .text              ro code   0x800'cb04          4      0x16  uread4.o [21]
  .text              ro code   0x800'cb1a          2      0xe0  I32DivModFast.o [21]
  .text              ro code   0x800'cbfa          2      0x1e  localtim64.o [19]
  .text              ro code   0x800'cc18          4       0xe  strlen.o [21]
  .text              ro code   0x800'cc26          2      0x2e  strstr.o [19]
  .text              ro code   0x800'cc54          4     0x488  SPIF_Driver.o [16]
  .text              ro code   0x800'd0dc          4     0x274  Module_USART.o [9]
  .text              ro code   0x800'd350          4      0x32  I64Mul.o [21]
  .text              ro code   0x800'd382          2       0x2  startup_stm32g070xx.o [17]
  .text              ro code   0x800'd384          4      0x1e  memcmp.o [21]
  .text              ro code   0x800'd3a2          2       0x2  startup_stm32g070xx.o [17]
  .text              ro code   0x800'd3a4          4     0x3b0  Flash.o [7]
  .text              ro code   0x800'd754          2     0x18c  general_functions.o [5]
  .text              ro code   0x800'd8e0          4      0x14  uwrite4.o [21]
  .text              ro code   0x800'd8f4          4      0x3a  FltToS32.o [20]
  .text              ro code   0x800'd92e          2       0x2  startup_stm32g070xx.o [17]
  .text              ro code   0x800'd930          4      0x26  FltToU32.o [20]
  .text              ro code   0x800'd956          2       0x2  startup_stm32g070xx.o [17]
  .text              ro code   0x800'd958          4     0xa04  circular_buffer.o [14]
  .text              ro code   0x800'e35c          4    0x1554  SSL_Process.o [9]
  .text              ro code   0x800'f8b0          2      0xa4  FltDiv.o [20]
  .text              ro code   0x800'f954          2      0xb0  FltMul.o [20]
  .text              ro code   0x800'fa04          4      0x34  IxxToDbl.o [20]
  .text              ro code   0x800'fa38          2     0x184  DblMul.o [20]
  .text              ro code   0x800'fbbc          2      0x62  DblToFlt.o [20]
  .text              ro code   0x800'fc1e          2      0x54  RSA_Cryptographic.o [15]
  .text              ro code   0x800'fc72          2       0x2  startup_stm32g070xx.o [17]
  .text              ro code   0x800'fc74          4     0x408  rsa.o [13]
  .text              ro code   0x801'007c          4      0x28  os_port_none.o [4]
  .text              ro code   0x801'00a4          4     0x846  md5.o [10]
  .text              ro code   0x801'08ea          2       0x2  startup_stm32g070xx.o [17]
  .text              ro code   0x801'08ec          4     0x5a0  KX023.o [2]
  .text              ro code   0x801'0e8c          4     0x270  system.o [14]
  .text              ro code   0x801'10fc          4     0x30c  Digital_IO.o [11]
  .text              ro code   0x801'1408          4    0x1c68  GPS.o [8]
  .text              ro code   0x801'3070          4    0x19a4  SMS_Process.o [9]
  .text              ro code   0x801'4a14          4     0x990  System_Timers.o [18]
  .text              ro code   0x801'53a4          4     0x468  SPIF_spi.o [16]
  .text              ro code   0x801'580c          4     0x5bc  accel_i2c.o [2]
  .text              ro code   0x801'5dc8          4     0x288  GPS_USART.o [8]
  .text              ro code   0x801'6050          4     0x3e8  ADC_Config.o [1]
  .text              ro code   0x801'6438          2      0xba  I64DivMod.o [21]
  .text              ro code   0x801'64f2          2       0x2  startup_stm32g070xx.o [17]
  .text              ro code   0x801'64f4          4      0x20  GSM_BT.o [9]
  .text              ro code   0x801'6514          4       0x2  IntDivZer.o [21]
  .text              ro code   0x801'6516          2       0x4  xTzoff_nop.o [19]
  .text              ro code   0x801'651a          2       0x2  startup_stm32g070xx.o [17]
  .text              ro code   0x801'651c          4     0x188  xttotm64.o [19]
  .text              ro code   0x801'66a4          4      0x12  strchr.o [21]
  .text              ro code   0x801'66b6          2       0x2  startup_stm32g070xx.o [17]
  .text              ro code   0x801'66b8          4     0x5ba  pem_import.o [3]
  .text              ro code   0x801'6c72          2       0x2  startup_stm32g070xx.o [17]
  .text              ro code   0x801'6c74          4     0xc4a  mpi.o [12]
  .text              ro code   0x801'78be          2       0x2  startup_stm32g070xx.o [17]
  .text              ro code   0x801'78c0          4     0x140  heap0.o [19]
  .text              ro code   0x801'7a00          2       0x8  heaptramp0.o [19]
  .text              ro code   0x801'7a08          2     0x3fe  mpi.o [12]
  .text              ro code   0x801'7e06          2     0x10a  mpi.o [12]
  .text              ro code   0x801'7f10          2     0x120  FltAddSub.o [20]
  .text              ro code   0x801'8030          4      0x28  FltCmpGe.o [20]
  .text              ro code   0x801'8058          4      0x5e  IxxToFlt.o [20]
  .text              ro code   0x801'80b6          2       0x2  startup_stm32g070xx.o [17]
  .text              ro code   0x801'80b8          4      0x32  FltToDbl.o [20]
  .text              ro code   0x801'80ea          2      0xc2  DblDiv.o [20]
  .text              ro code   0x801'81ac          2     0x1b4  DblAddSub.o [20]
  .text              ro code   0x801'8360          4     0x44c  cos_sin64.o [20]
  .text              ro code   0x801'87ac          4     0x1a8  atan2_64.o [20]
  .text              ro code   0x801'8954          2      0xc0  sqrt.o [20]
  .text              ro code   0x801'8a14          2       0x8  abs.o [19]
  .text              ro code   0x801'8a1c          4      0x26  FltCmpLe.o [20]
  .text              ro code   0x801'8a42          2       0x2  startup_stm32g070xx.o [17]
  .text              ro code   0x801'8a44          4     0xb90  dev_attachment.o [2]
  .text              ro code   0x801'95d4          4       0x2  I64DivZer.o [21]
  .text              ro code   0x801'95d6          2       0x2  startup_stm32g070xx.o [17]
  .text              ro code   0x801'95d8          4      0xcc  xDaysTo64.o [19]
  .text              ro code   0x801'96a4          2       0x6  xisdst_nop64.o [19]
  .text              ro code   0x801'96aa          2       0x2  startup_stm32g070xx.o [17]
  .text              ro code   0x801'96ac          4      0xcc  base64.o [6]
  .text              ro code   0x801'9778          4     0x178  asn1.o [6]
  .text              ro code   0x801'98f0          2      0x6c  mpi.o [12]
  .text              ro code   0x801'995c          4      0x2c  xgetmemchunk.o [19]
  .text              ro code   0x801'9988          2      0x32  DblCmpLe.o [20]
  .text              ro code   0x801'99ba          2       0x2  startup_stm32g070xx.o [17]
  .text              ro code   0x801'99bc          4      0x52  DblToI32.o [20]
  .text              ro code   0x801'9a0e          2       0x2  startup_stm32g070xx.o [17]
  .text              ro code   0x801'9a10          4     0x228  iar_Atan64.o [20]
  .text              ro code   0x801'9c38          4      0x42  oid.o [6]
  .text              ro code   0x801'9c7a          2       0x2  startup_stm32g070xx.o [17]
  .text              ro code   0x801'9c7c          4     0x164  System_Interrupts.o [5]
  .rodata            const     0x801'9de0          4     0x100  md5.o [10]
  .rodata            const     0x801'9ee0          4      0x80  base64.o [6]
  .text              ro code   0x801'9f60          2      0x80  lz77_init_single.o [21]
  .rodata            const     0x801'9fe0          4      0x48  SSL_Process.o [9]
  .rodata            const     0x801'a028          4      0x40  md5.o [10]
  .rodata            const     0x801'a068          8      0x40  iar_Atan64.o [20]
  .rodata            const     0x801'a0a8          4      0x3c  SSL_Process.o [9]
  .rodata            const     0x801'a0e4          4      0x3c  SSL_Process.o [9]
  .rodata            const     0x801'a120          4      0x3c  SSL_Process.o [9]
  .rodata            const     0x801'a15c          4      0x3c  SSL_Process.o [9]
  .text              ro code   0x801'a198          2      0x3c  zero_init3.o [21]
  .rodata            const     0x801'a1d4          4      0x38  GPS.o [8]
  .rodata            const     0x801'a20c          4      0x38  GPS.o [8]
  .rodata            const     0x801'a244          4      0x34  SSL_Process.o [9]
  .rodata            const     0x801'a278          4      0x34  SSL_Process.o [9]
  .rodata            const     0x801'a2ac          4      0x34  SSL_Process.o [9]
  .text              ro code   0x801'a2e0          4      0x30  main.o [5]
  .rodata            const     0x801'a310          4      0x2c  SSL_Process.o [9]
  .rodata            const     0x801'a33c          4      0x28  SMS_Process.o [9]
  .rodata            const     0x801'a364          4      0x28  SSL_Process.o [9]
  .rodata            const     0x801'a38c          4      0x28  SSL_Process.o [9]
  .rodata            const     0x801'a3b4          4      0x28  SSL_Process.o [9]
  .text              ro code   0x801'a3dc          4      0x28  data_init.o [21]
  .rodata            const     0x801'a404          4      0x24  HTTP_Process.o [9]
  .rodata            const     0x801'a428          4      0x24  rsa.o [13]
  .rodata            const     0x801'a44c          4      0x24  SMS_Process.o [9]
  .text              ro code   0x801'a470          4      0x22  cmain.o [21]
  .text              ro code   0x801'a492          2       0x4  low_level_init.o [19]
  .text              ro code   0x801'a496          2       0x8  exit.o [19]
  .text              ro code   0x801'a49e          2       0x2  startup_stm32g070xx.o [17]
  .text              ro code   0x801'a4a0          4       0x4  cexit.o [21]
  .text              ro code   0x801'a4a4          4       0xa  cexit_2.o [21]
  .text              ro code   0x801'a4ae          2       0x2  startup_stm32g070xx.o [17]
  .text              ro code   0x801'a4b0          4       0xc  XXexit.o [21]
  .iar.init_table    const     0x801'a4bc          4      0x20  - Linker created -
  .rodata            const     0x801'a4dc          4      0x20  os_port_none.o [4]
  .rodata            const     0x801'a4fc          4      0x20  pem_import.o [3]
  .rodata            const     0x801'a51c          4      0x20  pem_import.o [3]
  .rodata            const     0x801'a53c          4      0x20  SSL_Process.o [9]
  .rodata            const     0x801'a55c          4      0x20  SSL_Process.o [9]
  .rodata            const     0x801'a57c          4      0x1c  GSM_BT.o [9]
  .rodata            const     0x801'a598          4      0x1c  GSM_Utility.o [9]
  .rodata            const     0x801'a5b4          4      0x1c  GSM_Utility.o [9]
  .rodata            const     0x801'a5d0          4      0x1c  GSM_Utility.o [9]
  .rodata            const     0x801'a5ec          4      0x1c  os_port_none.o [4]
  .rodata            const     0x801'a608          4      0x1c  pem_import.o [3]
  .rodata            const     0x801'a624          4      0x1c  pem_import.o [3]
  .rodata            const     0x801'a640          4      0x1c  SMS_Process.o [9]
  .rodata            const     0x801'a65c          4      0x1c  SSL_Process.o [9]
  .rodata            const     0x801'a678          4      0x1c  SSL_Process.o [9]
  .rodata            const     0x801'a694          4      0x1c  SSL_Process.o [9]
  .rodata            const     0x801'a6b0          4      0x1c  SSL_Process.o [9]
  .rodata            const     0x801'a6cc          4      0x1c  SSL_Process.o [9]
  .rodata            const     0x801'a6e8          4      0x1c  SSL_Process.o [9]
  .text              ro code   0x801'a704          4      0x1c  cstartup_M.o [21]
  .rodata            const     0x801'a720          4      0x18  GPS.o [8]
  .rodata            const     0x801'a738          4      0x18  GSM_Utility.o [9]
  .rodata            const     0x801'a750          4      0x18  GSM_Utility.o [9]
  .rodata            const     0x801'a768          4      0x18  HTTP_Process.o [9]
  .rodata            const     0x801'a780          4      0x18  HTTP_Process.o [9]
  .rodata            const     0x801'a798          4      0x18  HTTP_Process.o [9]
  .rodata            const     0x801'a7b0          4      0x18  HTTP_Process.o [9]
  .rodata            const     0x801'a7c8          4      0x18  pem_import.o [3]
  .rodata            const     0x801'a7e0          4      0x18  pem_import.o [3]
  .rodata            const     0x801'a7f8          4      0x18  pem_import.o [3]
  .rodata            const     0x801'a810          4      0x18  pem_import.o [3]
  .rodata            const     0x801'a828          4      0x18  rsa.o [13]
  .rodata            const     0x801'a840          4      0x18  rsa.o [13]
  .rodata            const     0x801'a858          4      0x18  rsa.o [13]
  .rodata            const     0x801'a870          4      0x18  rsa.o [13]
  .rodata            const     0x801'a888          4      0x18  rsa.o [13]
  .rodata            const     0x801'a8a0          4      0x18  SSL_Process.o [9]
  .rodata            const     0x801'a8b8          4      0x18  SSL_Process.o [9]
  .rodata            const     0x801'a8d0          4      0x14  GPS.o [8]
  .rodata            const     0x801'a8e4          4      0x14  GPS.o [8]
  .rodata            const     0x801'a8f8          4      0x14  GSM_Utility.o [9]
  .rodata            const     0x801'a90c          4      0x14  GSM_Utility.o [9]
  .rodata            const     0x801'a920          4      0x14  GSM_Utility.o [9]
  .rodata            const     0x801'a934          4      0x14  GSM_Utility.o [9]
  .rodata            const     0x801'a948          4      0x14  HTTP_Process.o [9]
  .rodata            const     0x801'a95c          4      0x14  HTTP_Process.o [9]
  .rodata            const     0x801'a970          4      0x14  HTTP_Process.o [9]
  .rodata            const     0x801'a984          4      0x14  HTTP_Process.o [9]
  .rodata            const     0x801'a998          4      0x14  HTTP_Process.o [9]
  .rodata            const     0x801'a9ac          4      0x14  HTTP_Process.o [9]
  .rodata            const     0x801'a9c0          4      0x14  HTTP_Process.o [9]
  .rodata            const     0x801'a9d4          4      0x14  HTTP_Process.o [9]
  .rodata            const     0x801'a9e8          4      0x14  HTTP_Process.o [9]
  .rodata            const     0x801'a9fc          4      0x14  HTTP_Process.o [9]
  .rodata            const     0x801'aa10          4      0x14  HTTP_Process.o [9]
  .rodata            const     0x801'aa24          4      0x14  HTTP_Process.o [9]
  .rodata            const     0x801'aa38          4      0x14  HTTP_Process.o [9]
  .rodata            const     0x801'aa4c          4      0x14  pem_import.o [3]
  .rodata            const     0x801'aa60          4      0x14  pem_import.o [3]
  .rodata            const     0x801'aa74          4      0x14  rsa.o [13]
  .rodata            const     0x801'aa88          4      0x14  sip_protocol.o [14]
  .rodata            const     0x801'aa9c          4      0x14  sip_protocol.o [14]
  .rodata            const     0x801'aab0          4      0x14  sip_protocol.o [14]
  .rodata            const     0x801'aac4          4      0x14  SMS_Process.o [9]
  .rodata            const     0x801'aad8          4      0x14  SMS_Process.o [9]
  .rodata            const     0x801'aaec          4      0x14  SMS_Process.o [9]
  .rodata            const     0x801'ab00          4      0x14  SMS_Process.o [9]
  .rodata            const     0x801'ab14          4      0x14  SMS_Process.o [9]
  .rodata            const     0x801'ab28          4      0x14  SSL_Process.o [9]
  .rodata            const     0x801'ab3c          4      0x14  System_Utility.o [5]
  .rodata            const     0x801'ab50          4      0x10  GPS.o [8]
  .rodata            const     0x801'ab60          4      0x10  GPS.o [8]
  .rodata            const     0x801'ab70          4      0x10  GSM_BT.o [9]
  .rodata            const     0x801'ab80          4      0x10  GSM_Utility.o [9]
  .rodata            const     0x801'ab90          4      0x10  GSM_Utility.o [9]
  .rodata            const     0x801'aba0          4      0x10  GSM_Utility.o [9]
  .rodata            const     0x801'abb0          4      0x10  GSM_Utility.o [9]
  .rodata            const     0x801'abc0          4      0x10  GSM_Utility.o [9]
  .rodata            const     0x801'abd0          4      0x10  HTTP_Process.o [9]
  .rodata            const     0x801'abe0          4      0x10  HTTP_Process.o [9]
  .rodata            const     0x801'abf0          4      0x10  HTTP_Process.o [9]
  .rodata            const     0x801'ac00          4      0x10  HTTP_Process.o [9]
  .rodata            const     0x801'ac10          4      0x10  HTTP_Process.o [9]
  .rodata            const     0x801'ac20          4      0x10  HTTP_Process.o [9]
  .rodata            const     0x801'ac30          4      0x10  HTTP_Process.o [9]
  .rodata            const     0x801'ac40          4      0x10  HTTP_Process.o [9]
  .rodata            const     0x801'ac50          4      0x10  HTTP_Process.o [9]
  .rodata            const     0x801'ac60          4      0x10  HTTP_Process.o [9]
  .rodata            const     0x801'ac70          4      0x10  HTTP_Process.o [9]
  .rodata            const     0x801'ac80          4      0x10  HTTP_Process.o [9]
  .rodata            const     0x801'ac90          4      0x10  HTTP_Process.o [9]
  .rodata            const     0x801'aca0          4      0x10  HTTP_Process.o [9]
  .rodata            const     0x801'acb0          4      0x10  HTTP_Process.o [9]
  .rodata            const     0x801'acc0          4      0x10  HTTP_Process.o [9]
  .rodata            const     0x801'acd0          4      0x10  HTTP_Process.o [9]
  .rodata            const     0x801'ace0          4      0x10  HTTP_Process.o [9]
  .rodata            const     0x801'acf0          4      0x10  HTTP_Process.o [9]
  .rodata            const     0x801'ad00          4      0x10  HTTP_Process.o [9]
  .rodata            const     0x801'ad10          4      0x10  HTTP_Process.o [9]
  .rodata            const     0x801'ad20          4      0x10  HTTP_Process.o [9]
  .rodata            const     0x801'ad30          4      0x10  HTTP_Process.o [9]
  .rodata            const     0x801'ad40          4      0x10  HTTP_Process.o [9]
  .rodata            const     0x801'ad50          4      0x10  HTTP_Process.o [9]
  .rodata            const     0x801'ad60          4      0x10  HTTP_Process.o [9]
  .rodata            const     0x801'ad70          4      0x10  HTTP_Process.o [9]
  .rodata            const     0x801'ad80          4      0x10  HTTP_Process.o [9]
  .rodata            const     0x801'ad90          4      0x10  HTTP_Process.o [9]
  .rodata            const     0x801'ada0          4      0x10  HTTP_Process.o [9]
  .rodata            const     0x801'adb0          4      0x10  HTTP_Process.o [9]
  .rodata            const     0x801'adc0          4      0x10  HTTP_Process.o [9]
  .rodata            const     0x801'add0          4      0x10  pem_import.o [3]
  .rodata            const     0x801'ade0          4      0x10  pem_import.o [3]
  .rodata            const     0x801'adf0          4      0x10  pem_import.o [3]
  .rodata            const     0x801'ae00          4      0x10  rsa.o [13]
  .rodata            const     0x801'ae10          4      0x10  rsa.o [13]
  .rodata            const     0x801'ae20          4      0x10  rsa.o [13]
  .rodata            const     0x801'ae30          4      0x10  rsa.o [13]
  .rodata            const     0x801'ae40          4      0x10  rsa.o [13]
  .rodata            const     0x801'ae50          4      0x10  sip_protocol.o [14]
  .rodata            const     0x801'ae60          4      0x10  SMS_Process.o [9]
  .rodata            const     0x801'ae70          4      0x10  SMS_Process.o [9]
  .rodata            const     0x801'ae80          4      0x10  SMS_Process.o [9]
  .rodata            const     0x801'ae90          4      0x10  SMS_Process.o [9]
  .rodata            const     0x801'aea0          4      0x10  SMS_Process.o [9]
  .rodata            const     0x801'aeb0          4      0x10  SMS_Process.o [9]
  .rodata            const     0x801'aec0          4      0x10  SMS_Process.o [9]
  .rodata            const     0x801'aed0          4      0x10  SMS_Process.o [9]
  .rodata            const     0x801'aee0          4      0x10  SSL_Process.o [9]
  .rodata            const     0x801'aef0          4      0x10  SSL_Process.o [9]
  .rodata            const     0x801'af00          4      0x10  SSL_Process.o [9]
  .rodata            const     0x801'af10          4      0x10  SSL_Process.o [9]
  .rodata            const     0x801'af20          4      0x10  SSL_Process.o [9]
  .rodata            const     0x801'af30          4      0x10  SSL_Process.o [9]
  .rodata            const     0x801'af40          4      0x10  SSL_Process.o [9]
  .rodata            const     0x801'af50          4      0x10  SSL_Process.o [9]
  .rodata            const     0x801'af60          4      0x10  SSL_Process.o [9]
  .text              ro code   0x801'af70          4      0x10  startup_stm32g070xx.o [17]
  .rodata            const     0x801'af80          4       0xc  GPS.o [8]
  .rodata            const     0x801'af8c          4       0xc  GSM_Utility.o [9]
  .rodata            const     0x801'af98          4       0xc  GSM_Utility.o [9]
  .rodata            const     0x801'afa4          4       0xc  GSM_Utility.o [9]
  .rodata            const     0x801'afb0          4       0xc  GSM_Utility.o [9]
  .rodata            const     0x801'afbc          4       0xc  GSM_Utility.o [9]
  .rodata            const     0x801'afc8          4       0xc  GSM_Utility.o [9]
  .rodata            const     0x801'afd4          4       0xc  GSM_Utility.o [9]
  .rodata            const     0x801'afe0          4       0xc  GSM_Utility.o [9]
  .rodata            const     0x801'afec          4       0xc  GSM_Utility.o [9]
  .rodata            const     0x801'aff8          4       0xc  GSM_Utility.o [9]
  .rodata            const     0x801'b004          4       0xc  GSM_Utility.o [9]
  .rodata            const     0x801'b010          4       0xc  GSM_Utility.o [9]
  .rodata            const     0x801'b01c          4       0xc  GSM_Utility.o [9]
  .rodata            const     0x801'b028          4       0xc  GSM_Utility.o [9]
  .rodata            const     0x801'b034          4       0xc  GSM_Utility.o [9]
  .rodata            const     0x801'b040          4       0xc  GSM_Utility.o [9]
  .rodata            const     0x801'b04c          4       0xc  GSM_Utility.o [9]
  .rodata            const     0x801'b058          4       0xc  GSM_Utility.o [9]
  .rodata            const     0x801'b064          4       0xc  GSM_Utility.o [9]
  .rodata            const     0x801'b070          4       0xc  GSM_Utility.o [9]
  .rodata            const     0x801'b07c          4       0xc  GSM_Utility.o [9]
  .rodata            const     0x801'b088          4       0xc  GSM_Utility.o [9]
  .rodata            const     0x801'b094          4       0xc  GSM_Utility.o [9]
  .rodata            const     0x801'b0a0          4       0xc  GSM_Utility.o [9]
  .rodata            const     0x801'b0ac          4       0xc  GSM_Utility.o [9]
  .rodata            const     0x801'b0b8          4       0xc  GSM_Utility.o [9]
  .rodata            const     0x801'b0c4          4       0xc  GSM_Utility.o [9]
  .rodata            const     0x801'b0d0          4       0xc  GSM_Utility.o [9]
  .rodata            const     0x801'b0dc          4       0xc  GSM_Utility.o [9]
  .rodata            const     0x801'b0e8          4       0xc  GSM_Utility.o [9]
  .rodata            const     0x801'b0f4          4       0xc  GSM_Utility.o [9]
  .rodata            const     0x801'b100          4       0xc  GSM_Utility.o [9]
  .rodata            const     0x801'b10c          4       0xc  HTTP_Process.o [9]
  .rodata            const     0x801'b118          4       0xc  HTTP_Process.o [9]
  .rodata            const     0x801'b124          4       0xc  HTTP_Process.o [9]
  .rodata            const     0x801'b130          4       0xc  HTTP_Process.o [9]
  .rodata            const     0x801'b13c          4       0xc  HTTP_Process.o [9]
  .rodata            const     0x801'b148          4       0xc  HTTP_Process.o [9]
  .rodata            const     0x801'b154          4       0xc  HTTP_Process.o [9]
  .rodata            const     0x801'b160          4       0xc  HTTP_Process.o [9]
  .rodata            const     0x801'b16c          4       0xc  HTTP_Process.o [9]
  .rodata            const     0x801'b178          4       0xc  HTTP_Process.o [9]
  .rodata            const     0x801'b184          4       0xc  HTTP_Process.o [9]
  .rodata            const     0x801'b190          4       0xc  HTTP_Process.o [9]
  .rodata            const     0x801'b19c          4       0xc  HTTP_Process.o [9]
  .rodata            const     0x801'b1a8          4       0xc  HTTP_Process.o [9]
  .rodata            const     0x801'b1b4          4       0xc  HTTP_Process.o [9]
  .rodata            const     0x801'b1c0          4       0xc  HTTP_Process.o [9]
  .rodata            const     0x801'b1cc          4       0xc  HTTP_Process.o [9]
  .rodata            const     0x801'b1d8          4       0xc  HTTP_Process.o [9]
  .rodata            const     0x801'b1e4          4       0xc  HTTP_Process.o [9]
  .rodata            const     0x801'b1f0          4       0xc  HTTP_Process.o [9]
  .rodata            const     0x801'b1fc          4       0xc  HTTP_Process.o [9]
  .rodata            const     0x801'b208          4       0xc  HTTP_Process.o [9]
  .rodata            const     0x801'b214          4       0xc  HTTP_Process.o [9]
  .rodata            const     0x801'b220          4       0xc  HTTP_Process.o [9]
  .rodata            const     0x801'b22c          4       0xc  HTTP_Process.o [9]
  .rodata            const     0x801'b238          4       0xc  HTTP_Process.o [9]
  .rodata            const     0x801'b244          4       0xc  HTTP_Process.o [9]
  .rodata            const     0x801'b250          4       0xc  HTTP_Process.o [9]
  .rodata            const     0x801'b25c          4       0xc  HTTP_Process.o [9]
  .rodata            const     0x801'b268          4       0xc  HTTP_Process.o [9]
  .rodata            const     0x801'b274          4       0xc  HTTP_Process.o [9]
  .rodata            const     0x801'b280          4       0xc  HTTP_Process.o [9]
  .rodata            const     0x801'b28c          4       0xc  HTTP_Process.o [9]
  .rodata            const     0x801'b298          4       0xc  HTTP_Process.o [9]
  .rodata            const     0x801'b2a4          4       0xc  rsa.o [13]
  .rodata            const     0x801'b2b0          4       0xc  rsa.o [13]
  .rodata            const     0x801'b2bc          4       0xc  SMS_Process.o [9]
  .rodata            const     0x801'b2c8          4       0xc  SMS_Process.o [9]
  .rodata            const     0x801'b2d4          4       0xc  SMS_Process.o [9]
  .rodata            const     0x801'b2e0          4       0xc  SMS_Process.o [9]
  .rodata            const     0x801'b2ec          4       0xc  SMS_Process.o [9]
  .rodata            const     0x801'b2f8          4       0xc  SMS_Process.o [9]
  .rodata            const     0x801'b304          4       0xc  SMS_Process.o [9]
  .rodata            const     0x801'b310          4       0xc  SMS_Process.o [9]
  .rodata            const     0x801'b31c          4       0xc  SMS_Process.o [9]
  .rodata            const     0x801'b328          4       0xc  SMS_Process.o [9]
  .rodata            const     0x801'b334          4       0xc  SMS_Process.o [9]
  .rodata            const     0x801'b340          4       0xc  SMS_Process.o [9]
  .rodata            const     0x801'b34c          4       0xc  SMS_Process.o [9]
  .rodata            const     0x801'b358          4       0xc  SMS_Process.o [9]
  .rodata            const     0x801'b364          4       0xc  SMS_Process.o [9]
  .rodata            const     0x801'b370          4       0xc  SMS_Process.o [9]
  .rodata            const     0x801'b37c          4       0xc  SMS_Process.o [9]
  .rodata            const     0x801'b388          4       0xc  SMS_Process.o [9]
  .rodata            const     0x801'b394          4       0xc  SMS_Process.o [9]
  .rodata            const     0x801'b3a0          4       0xc  SSL_Process.o [9]
  .rodata            const     0x801'b3ac          4       0xc  SSL_Process.o [9]
  .rodata            const     0x801'b3b8          4       0xc  SSL_Process.o [9]
  .rodata            const     0x801'b3c4          4       0xc  SSL_Process.o [9]
  .rodata            const     0x801'b3d0          4       0xc  SSL_Process.o [9]
  .rodata            const     0x801'b3dc          4       0xc  SSL_Process.o [9]
  .rodata            const     0x801'b3e8          4       0xc  SSL_Process.o [9]
  .rodata            const     0x801'b3f4          4       0xc  SSL_Process.o [9]
  .rodata            const     0x801'b400          4       0xc  SSL_Process.o [9]
  .rodata            const     0x801'b40c          4       0xc  SSL_Process.o [9]
  .rodata            const     0x801'b418          4       0xc  SSL_Process.o [9]
  .rodata            const     0x801'b424          4       0xc  SSL_Process.o [9]
  .rodata            const     0x801'b430          4       0xc  SSL_Process.o [9]
  .rodata            const     0x801'b43c          4       0xc  SSL_Process.o [9]
  .rodata            const     0x801'b448          4       0x8  GPS.o [8]
  .rodata            const     0x801'b450          4       0x8  GPS.o [8]
  .rodata            const     0x801'b458          4       0x8  GPS.o [8]
  .rodata            const     0x801'b460          4       0x8  GSM_Utility.o [9]
  .rodata            const     0x801'b468          4       0x8  GSM_Utility.o [9]
  .rodata            const     0x801'b470          4       0x8  GSM_Utility.o [9]
  .rodata            const     0x801'b478          4       0x8  GSM_Utility.o [9]
  .rodata            const     0x801'b480          4       0x8  GSM_Utility.o [9]
  .rodata            const     0x801'b488          4       0x8  GSM_Utility.o [9]
  .rodata            const     0x801'b490          4       0x8  GSM_Utility.o [9]
  .rodata            const     0x801'b498          4       0x8  GSM_Utility.o [9]
  .rodata            const     0x801'b4a0          4       0x8  GSM_Utility.o [9]
  .rodata            const     0x801'b4a8          4       0x8  GSM_Utility.o [9]
  .rodata            const     0x801'b4b0          4       0x8  GSM_Utility.o [9]
  .rodata            const     0x801'b4b8          4       0x8  GSM_Utility.o [9]
  .rodata            const     0x801'b4c0          4       0x8  GSM_Utility.o [9]
  .rodata            const     0x801'b4c8          4       0x8  GSM_Utility.o [9]
  .rodata            const     0x801'b4d0          4       0x8  GSM_Utility.o [9]
  .rodata            const     0x801'b4d8          4       0x8  GSM_Utility.o [9]
  .rodata            const     0x801'b4e0          4       0x8  GSM_Utility.o [9]
  .rodata            const     0x801'b4e8          4       0x8  GSM_Utility.o [9]
  .rodata            const     0x801'b4f0          4       0x8  GSM_Utility.o [9]
  .rodata            const     0x801'b4f8          4       0x8  GSM_Utility.o [9]
  .rodata            const     0x801'b500          4       0x8  HTTP_Process.o [9]
  .rodata            const     0x801'b508          4       0x8  HTTP_Process.o [9]
  .rodata            const     0x801'b510          4       0x8  HTTP_Process.o [9]
  .rodata            const     0x801'b518          4       0x8  HTTP_Process.o [9]
  .rodata            const     0x801'b520          4       0x8  HTTP_Process.o [9]
  .rodata            const     0x801'b528          4       0x8  HTTP_Process.o [9]
  .rodata            const     0x801'b530          4       0x8  HTTP_Process.o [9]
  .rodata            const     0x801'b538          4       0x8  HTTP_Process.o [9]
  .rodata            const     0x801'b540          4       0x8  HTTP_Process.o [9]
  .rodata            const     0x801'b548          4       0x8  HTTP_Process.o [9]
  .rodata            const     0x801'b550          4       0x8  HTTP_Process.o [9]
  .rodata            const     0x801'b558          4       0x8  HTTP_Process.o [9]
  .rodata            const     0x801'b560          4       0x8  HTTP_Process.o [9]
  .rodata            const     0x801'b568          4       0x8  HTTP_Process.o [9]
  .rodata            const     0x801'b570          4       0x8  HTTP_Process.o [9]
  .rodata            const     0x801'b578          4       0x8  SMS_Process.o [9]
  .rodata            const     0x801'b580          4       0x8  SMS_Process.o [9]
  .rodata            const     0x801'b588          4       0x8  SMS_Process.o [9]
  .rodata            const     0x801'b590          4       0x8  SMS_Process.o [9]
  .rodata            const     0x801'b598          4       0x8  SMS_Process.o [9]
  .rodata            const     0x801'b5a0          4       0x8  SMS_Process.o [9]
  .rodata            const     0x801'b5a8          4       0x8  SMS_Process.o [9]
  .rodata            const     0x801'b5b0          4       0x8  SMS_Process.o [9]
  .rodata            const     0x801'b5b8          4       0x8  SMS_Process.o [9]
  .rodata            const     0x801'b5c0          4       0x8  SMS_Process.o [9]
  .rodata            const     0x801'b5c8          4       0x8  SMS_Process.o [9]
  .rodata            const     0x801'b5d0          4       0x8  SMS_Process.o [9]
  .rodata            const     0x801'b5d8          4       0x8  SMS_Process.o [9]
  .rodata            const     0x801'b5e0          4       0x8  SMS_Process.o [9]
  .rodata            const     0x801'b5e8          4       0x8  SMS_Process.o [9]
  .rodata            const     0x801'b5f0          4       0x8  SMS_Process.o [9]
  .rodata            const     0x801'b5f8          4       0x8  SMS_Process.o [9]
  .rodata            const     0x801'b600          4       0x8  SMS_Process.o [9]
  .rodata            const     0x801'b608          4       0x8  SMS_Process.o [9]
  .rodata            const     0x801'b610          4       0x8  SMS_Process.o [9]
  .rodata            const     0x801'b618          4       0x8  SMS_Process.o [9]
  .rodata            const     0x801'b620          4       0x8  SMS_Process.o [9]
  .rodata            const     0x801'b628          4       0x8  SMS_Process.o [9]
  .rodata            const     0x801'b630          4       0x8  SMS_Process.o [9]
  .rodata            const     0x801'b638          4       0x8  SMS_Process.o [9]
  .rodata            const     0x801'b640          4       0x8  SMS_Process.o [9]
  .rodata            const     0x801'b648          4       0x8  SSL_Process.o [9]
  .rodata            const     0x801'b650          4       0x8  SSL_Process.o [9]
  .rodata            const     0x801'b658          4       0x8  SSL_Process.o [9]
  .rodata            const     0x801'b660          4       0x8  SSL_Process.o [9]
  .text              ro code   0x801'b668          4       0x2  system_stm32g0xx.o [17]
  .rodata            const     0x801'b66a                  0x1  HTTP_Process.o [9]
  .rodata            const     0x801'b66b                  0x1  SSL_Process.o [9]
  .rodata            const     0x801'b66c                  0x0  zero_init3.o [21]
  .rodata            const     0x801'b66c                  0x0  lz77_init_single.o [21]
  Initializer bytes  const     0x801'b66c                0x277  <for P2-1>
                             - 0x801'b8e3             0x1'782b

"P3":                                                     0x10
  BOOT_Data          uninit   0x2000'0000          4       0x4  main.o [5]
  BOOT_Data          uninit   0x2000'0004          4       0x4  main.o [5]
  BOOT_Data          uninit   0x2000'0008          4       0x4  main.o [5]
  BOOT_Data          uninit   0x2000'000c          4       0x4  main.o [5]
                            - 0x2000'0010                 0x10

"P2", part 1 of 3:                                       0x307
  P2-1                        0x2000'0100                0x307  <Init block>
    .data            inited   0x2000'0100          4       0x8  Digital_IO.o [11]
    .data            inited   0x2000'0108          4       0x8  Digital_IO.o [11]
    .data            inited   0x2000'0110          4      0x18  GPS.o [8]
    .data            inited   0x2000'0128          4       0x4  HTTP_Process.o [9]
    .data            inited   0x2000'012c          4      0x58  HTTP_Process.o [9]
    .data            inited   0x2000'0184          4      0x58  HTTP_Process.o [9]
    .data            inited   0x2000'01dc          4      0x24  SMS_Process.o [9]
    .data            inited   0x2000'0200          4      0x24  SMS_Process.o [9]
    .data            inited   0x2000'0224          4      0xec  SSL_Process.o [9]
    .data            inited   0x2000'0310          4      0xec  SSL_Process.o [9]
    .data            inited   0x2000'03fc          4       0x4  system_stm32g0xx.o [17]
    .data            inited   0x2000'0400          2       0x2  GSM_Utility.o [9]
    .data            inited   0x2000'0402                  0x1  main.o [5]
    .data            inited   0x2000'0403                  0x1  sip_protocol.o [14]
    .data            inited   0x2000'0404                  0x1  sip_protocol.o [14]
    .data            inited   0x2000'0405                  0x1  sip_protocol.o [14]
    .data            inited   0x2000'0406                  0x1  System_Timers.o [18]
                            - 0x2000'0407                0x307

"P2", part 2 of 3:                                      0x1ba4
  .bss               zero     0x2000'0408          4     0x9c4  HTTP_Process.o [9]
  .bss               zero     0x2000'0dcc          4     0x354  sip_protocol.o [14]
  .bss               zero     0x2000'1120          4     0x21c  Module_USART.o [9]
  .bss               zero     0x2000'133c          4     0x1e0  sip_protocol.o [14]
  .bss               zero     0x2000'151c          4     0x160  GPS_USART.o [8]
  .bss               zero     0x2000'167c          4     0x160  GSM_Utility.o [9]
  .bss               zero     0x2000'17dc          4     0x140  KX023.o [2]
  .bss               zero     0x2000'191c          4     0x12c  SMS_Process.o [9]
  .bss               zero     0x2000'1a48          4     0x10c  sip_protocol.o [14]
  .bss               zero     0x2000'1b54          4      0x80  SMS_Process.o [9]
  .bss               zero     0x2000'1bd4          4      0x3c  HTTP_Process.o [9]
  .bss               zero     0x2000'1c10          4      0x3c  sip_protocol.o [14]
  .bss               zero     0x2000'1c4c          4      0x2c  GPS.o [8]
  .bss               zero     0x2000'1c78          4      0x2c  xttotm64.o [19]
  .bss               zero     0x2000'1ca4          4      0x28  SPIF.o [16]
  .bss               zero     0x2000'1ccc          4      0x24  GPS.o [8]
  .bss               zero     0x2000'1cf0          4      0x20  SMS_Process.o [9]
  .bss               zero     0x2000'1d10          4      0x1c  KX023.o [2]
  .bss               zero     0x2000'1d2c                 0x19  circular_buffer.o [14]
  .bss               zero     0x2000'1d45                 0x19  circular_buffer.o [14]
  .bss               zero     0x2000'1d5e          2       0x2  ADC_Config.o [1]
  .bss               zero     0x2000'1d60          4      0x18  ADC_Config.o [1]
  .bss               zero     0x2000'1d78          4      0x18  GPS.o [8]
  .bss               zero     0x2000'1d90          4      0x18  GPS.o [8]
  .bss               zero     0x2000'1da8          4      0x18  HTTP_Process.o [9]
  .bss               zero     0x2000'1dc0          4      0x14  sip_protocol.o [14]
  .bss               zero     0x2000'1dd4          4      0x10  circular_buffer.o [14]
  .bss               zero     0x2000'1de4          4      0x10  sip_protocol.o [14]
  .bss               zero     0x2000'1df4          4      0x10  system.o [14]
  .bss               zero     0x2000'1e04          4       0xc  GSM_Utility.o [9]
  .bss               zero     0x2000'1e10          8       0x8  GPS.o [8]
  .bss               zero     0x2000'1e18          8       0x8  GPS.o [8]
  .bss               zero     0x2000'1e20          4       0x8  sip_protocol.o [14]
  .bss               zero     0x2000'1e28          8       0x8  sip_protocol.o [14]
  .bss               zero     0x2000'1e30          8       0x8  sip_protocol.o [14]
  .bss               zero     0x2000'1e38          4       0x8  heap0.o [19]
  .bss               zero     0x2000'1e40          4       0x4  ADC_Config.o [1]
  .bss               zero     0x2000'1e44          4       0x4  ADC_Config.o [1]
  .bss               zero     0x2000'1e48          4       0x4  Digital_IO.o [11]
  .bss               zero     0x2000'1e4c          4       0x4  Digital_IO.o [11]
  .bss               zero     0x2000'1e50          4       0x4  GPS.o [8]
  .bss               zero     0x2000'1e54          4       0x4  GPS.o [8]
  .bss               zero     0x2000'1e58          4       0x4  GPS.o [8]
  .bss               zero     0x2000'1e5c          4       0x4  GPS.o [8]
  .bss               zero     0x2000'1e60          4       0x4  GPS.o [8]
  .bss               zero     0x2000'1e64          4       0x4  GSM_Utility.o [9]
  .bss               zero     0x2000'1e68          4       0x4  GSM_Utility.o [9]
  .bss               zero     0x2000'1e6c          4       0x4  HTTP_Process.o [9]
  .bss               zero     0x2000'1e70          4       0x4  HTTP_Process.o [9]
  .bss               zero     0x2000'1e74          4       0x4  HTTP_Process.o [9]
  .bss               zero     0x2000'1e78          4       0x4  sip_protocol.o [14]
  .bss               zero     0x2000'1e7c          4       0x4  sip_protocol.o [14]
  .bss               zero     0x2000'1e80          4       0x4  sip_protocol.o [14]
  .bss               zero     0x2000'1e84          4       0x4  sip_protocol.o [14]
  .bss               zero     0x2000'1e88          4       0x4  sip_protocol.o [14]
  .bss               zero     0x2000'1e8c          4       0x4  sip_protocol.o [14]
  .bss               zero     0x2000'1e90          4       0x4  sip_protocol.o [14]
  .bss               zero     0x2000'1e94          4       0x4  sip_protocol.o [14]
  .bss               zero     0x2000'1e98          4       0x4  sip_protocol.o [14]
  .bss               zero     0x2000'1e9c          4       0x4  sip_protocol.o [14]
  .bss               zero     0x2000'1ea0          4       0x4  sip_protocol.o [14]
  .bss               zero     0x2000'1ea4          4       0x4  sip_protocol.o [14]
  .bss               zero     0x2000'1ea8          4       0x4  sip_protocol.o [14]
  .bss               zero     0x2000'1eac          4       0x4  sip_protocol.o [14]
  .bss               zero     0x2000'1eb0          4       0x4  System_Timers.o [18]
  .bss               zero     0x2000'1eb4          4       0x4  System_Timers.o [18]
  .bss               zero     0x2000'1eb8          4       0x4  System_Utility.o [5]
  .bss               zero     0x2000'1ebc          4       0x4  System_Utility.o [5]
  .bss               zero     0x2000'1ec0          4       0x4  xgetmemchunk.o [19]
  .bss               zero     0x2000'1ec4          2       0x2  dev_attachment.o [2]
  .bss               zero     0x2000'1ec6          2       0x2  dev_attachment.o [2]
  .bss               zero     0x2000'1ec8          2       0x2  dev_attachment.o [2]
  .bss               zero     0x2000'1eca          2       0x2  dev_attachment.o [2]
  .bss               zero     0x2000'1ecc          2       0x2  dev_attachment.o [2]
  .bss               zero     0x2000'1ece          2       0x2  dev_attachment.o [2]
  .bss               zero     0x2000'1ed0          2       0x2  dev_attachment.o [2]
  .bss               zero     0x2000'1ed2          2       0x2  dev_attachment.o [2]
  .bss               zero     0x2000'1ed4          2       0x2  dev_attachment.o [2]
  .bss               zero     0x2000'1ed6          2       0x2  dev_attachment.o [2]
  .bss               zero     0x2000'1ed8          2       0x2  dev_attachment.o [2]
  .bss               zero     0x2000'1eda          2       0x2  dev_attachment.o [2]
  .bss               zero     0x2000'1edc          2       0x2  dev_attachment.o [2]
  .bss               zero     0x2000'1ede          2       0x2  dev_attachment.o [2]
  .bss               zero     0x2000'1ee0          2       0x2  dev_attachment.o [2]
  .bss               zero     0x2000'1ee2          2       0x2  dev_attachment.o [2]
  .bss               zero     0x2000'1ee4          2       0x2  dev_attachment.o [2]
  .bss               zero     0x2000'1ee6          2       0x2  dev_attachment.o [2]
  .bss               zero     0x2000'1ee8          2       0x2  dev_attachment.o [2]
  .bss               zero     0x2000'1eea          2       0x2  Digital_IO.o [11]
  .bss               zero     0x2000'1eec          2       0x2  GPS.o [8]
  .bss               zero     0x2000'1eee          2       0x2  GPS.o [8]
  .bss               zero     0x2000'1ef0          2       0x2  GPS.o [8]
  .bss               zero     0x2000'1ef2          2       0x2  GPS.o [8]
  .bss               zero     0x2000'1ef4          2       0x2  GPS.o [8]
  .bss               zero     0x2000'1ef6          2       0x2  GPS_USART.o [8]
  .bss               zero     0x2000'1ef8          2       0x2  GPS_USART.o [8]
  .bss               zero     0x2000'1efa          2       0x2  GPS_USART.o [8]
  .bss               zero     0x2000'1efc          2       0x2  GSM_Utility.o [9]
  .bss               zero     0x2000'1efe          2       0x2  GSM_Utility.o [9]
  .bss               zero     0x2000'1f00          2       0x2  GSM_Utility.o [9]
  .bss               zero     0x2000'1f02          2       0x2  HTTP_Process.o [9]
  .bss               zero     0x2000'1f04          2       0x2  HTTP_Process.o [9]
  .bss               zero     0x2000'1f06          2       0x2  HTTP_Process.o [9]
  .bss               zero     0x2000'1f08          2       0x2  Module_USART.o [9]
  .bss               zero     0x2000'1f0a          2       0x2  Module_USART.o [9]
  .bss               zero     0x2000'1f0c          2       0x2  Module_USART.o [9]
  .bss               zero     0x2000'1f0e          2       0x2  sip_protocol.o [14]
  .bss               zero     0x2000'1f10          2       0x2  sip_protocol.o [14]
  .bss               zero     0x2000'1f12          2       0x2  sip_protocol.o [14]
  .bss               zero     0x2000'1f14          2       0x2  sip_protocol.o [14]
  .bss               zero     0x2000'1f16          2       0x2  sip_protocol.o [14]
  .bss               zero     0x2000'1f18          2       0x2  sip_protocol.o [14]
  .bss               zero     0x2000'1f1a          2       0x2  sip_protocol.o [14]
  .bss               zero     0x2000'1f1c          2       0x2  sip_protocol.o [14]
  .bss               zero     0x2000'1f1e          2       0x2  sip_protocol.o [14]
  .bss               zero     0x2000'1f20          2       0x2  sip_protocol.o [14]
  .bss               zero     0x2000'1f22          2       0x2  sip_protocol.o [14]
  .bss               zero     0x2000'1f24          2       0x2  sip_protocol.o [14]
  .bss               zero     0x2000'1f26          2       0x2  SMS_Process.o [9]
  .bss               zero     0x2000'1f28          2       0x2  SPIF.o [16]
  .bss               zero     0x2000'1f2a          2       0x2  SPIF_spi.o [16]
  .bss               zero     0x2000'1f2c          2       0x2  system.o [14]
  .bss               zero     0x2000'1f2e          2       0x2  System_Utility.o [5]
  .bss               zero     0x2000'1f30                  0x1  ADC_Config.o [1]
  .bss               zero     0x2000'1f31                  0x1  dev_attachment.o [2]
  .bss               zero     0x2000'1f32                  0x1  dev_attachment.o [2]
  .bss               zero     0x2000'1f33                  0x1  dev_attachment.o [2]
  .bss               zero     0x2000'1f34                  0x1  dev_attachment.o [2]
  .bss               zero     0x2000'1f35                  0x1  dev_attachment.o [2]
  .bss               zero     0x2000'1f36                  0x1  dev_attachment.o [2]
  .bss               zero     0x2000'1f37                  0x1  dev_attachment.o [2]
  .bss               zero     0x2000'1f38                  0x1  dev_attachment.o [2]
  .bss               zero     0x2000'1f39                  0x1  dev_attachment.o [2]
  .bss               zero     0x2000'1f3a                  0x1  dev_attachment.o [2]
  .bss               zero     0x2000'1f3b                  0x1  dev_attachment.o [2]
  .bss               zero     0x2000'1f3c                  0x1  dev_attachment.o [2]
  .bss               zero     0x2000'1f3d                  0x1  dev_attachment.o [2]
  .bss               zero     0x2000'1f3e                  0x1  dev_attachment.o [2]
  .bss               zero     0x2000'1f3f                  0x1  dev_attachment.o [2]
  .bss               zero     0x2000'1f40                  0x1  dev_attachment.o [2]
  .bss               zero     0x2000'1f41                  0x1  dev_attachment.o [2]
  .bss               zero     0x2000'1f42                  0x1  dev_attachment.o [2]
  .bss               zero     0x2000'1f43                  0x1  dev_attachment.o [2]
  .bss               zero     0x2000'1f44                  0x1  dev_attachment.o [2]
  .bss               zero     0x2000'1f45                  0x1  Digital_IO.o [11]
  .bss               zero     0x2000'1f46                  0x1  Digital_IO.o [11]
  .bss               zero     0x2000'1f47                  0x1  GPS.o [8]
  .bss               zero     0x2000'1f48                  0x1  GPS.o [8]
  .bss               zero     0x2000'1f49                  0x1  GPS.o [8]
  .bss               zero     0x2000'1f4a                  0x1  GPS.o [8]
  .bss               zero     0x2000'1f4b                  0x1  GPS.o [8]
  .bss               zero     0x2000'1f4c                  0x1  GPS.o [8]
  .bss               zero     0x2000'1f4d                  0x1  GPS.o [8]
  .bss               zero     0x2000'1f4e                  0x1  GPS.o [8]
  .bss               zero     0x2000'1f4f                  0x1  GPS.o [8]
  .bss               zero     0x2000'1f50                  0x1  GPS.o [8]
  .bss               zero     0x2000'1f51                  0x1  GPS.o [8]
  .bss               zero     0x2000'1f52                  0x1  GPS.o [8]
  .bss               zero     0x2000'1f53                  0x1  GSM_Utility.o [9]
  .bss               zero     0x2000'1f54                  0x1  GSM_Utility.o [9]
  .bss               zero     0x2000'1f55                  0x1  GSM_Utility.o [9]
  .bss               zero     0x2000'1f56                  0x1  HTTP_Process.o [9]
  .bss               zero     0x2000'1f57                  0x1  HTTP_Process.o [9]
  .bss               zero     0x2000'1f58                  0x1  HTTP_Process.o [9]
  .bss               zero     0x2000'1f59                  0x1  HTTP_Process.o [9]
  .bss               zero     0x2000'1f5a                  0x1  HTTP_Process.o [9]
  .bss               zero     0x2000'1f5b                  0x1  HTTP_Process.o [9]
  .bss               zero     0x2000'1f5c                  0x1  KX023.o [2]
  .bss               zero     0x2000'1f5d                  0x1  KX023.o [2]
  .bss               zero     0x2000'1f5e                  0x1  LEDs.o [18]
  .bss               zero     0x2000'1f5f                  0x1  LEDs.o [18]
  .bss               zero     0x2000'1f60                  0x1  LEDs.o [18]
  .bss               zero     0x2000'1f61                  0x1  LEDs.o [18]
  .bss               zero     0x2000'1f62                  0x1  LEDs.o [18]
  .bss               zero     0x2000'1f63                  0x1  LEDs.o [18]
  .bss               zero     0x2000'1f64                  0x1  LEDs.o [18]
  .bss               zero     0x2000'1f65                  0x1  LEDs.o [18]
  .bss               zero     0x2000'1f66                  0x1  LEDs.o [18]
  .bss               zero     0x2000'1f67                  0x1  LEDs.o [18]
  .bss               zero     0x2000'1f68                  0x1  LEDs.o [18]
  .bss               zero     0x2000'1f69                  0x1  LEDs.o [18]
  .bss               zero     0x2000'1f6a                  0x1  LEDs.o [18]
  .bss               zero     0x2000'1f6b                  0x1  LEDs.o [18]
  .bss               zero     0x2000'1f6c                  0x1  LEDs.o [18]
  .bss               zero     0x2000'1f6d                  0x1  main.o [5]
  .bss               zero     0x2000'1f6e                  0x1  sip_protocol.o [14]
  .bss               zero     0x2000'1f6f                  0x1  sip_protocol.o [14]
  .bss               zero     0x2000'1f70                  0x1  sip_protocol.o [14]
  .bss               zero     0x2000'1f71                  0x1  sip_protocol.o [14]
  .bss               zero     0x2000'1f72                  0x1  sip_protocol.o [14]
  .bss               zero     0x2000'1f73                  0x1  sip_protocol.o [14]
  .bss               zero     0x2000'1f74                  0x1  sip_protocol.o [14]
  .bss               zero     0x2000'1f75                  0x1  sip_protocol.o [14]
  .bss               zero     0x2000'1f76                  0x1  sip_protocol.o [14]
  .bss               zero     0x2000'1f77                  0x1  sip_protocol.o [14]
  .bss               zero     0x2000'1f78                  0x1  sip_protocol.o [14]
  .bss               zero     0x2000'1f79                  0x1  sip_protocol.o [14]
  .bss               zero     0x2000'1f7a                  0x1  sip_protocol.o [14]
  .bss               zero     0x2000'1f7b                  0x1  sip_protocol.o [14]
  .bss               zero     0x2000'1f7c                  0x1  sip_protocol.o [14]
  .bss               zero     0x2000'1f7d                  0x1  sip_protocol.o [14]
  .bss               zero     0x2000'1f7e                  0x1  sip_protocol.o [14]
  .bss               zero     0x2000'1f7f                  0x1  sip_protocol.o [14]
  .bss               zero     0x2000'1f80                  0x1  sip_protocol.o [14]
  .bss               zero     0x2000'1f81                  0x1  sip_protocol.o [14]
  .bss               zero     0x2000'1f82                  0x1  sip_protocol.o [14]
  .bss               zero     0x2000'1f83                  0x1  sip_protocol.o [14]
  .bss               zero     0x2000'1f84                  0x1  sip_protocol.o [14]
  .bss               zero     0x2000'1f85                  0x1  sip_protocol.o [14]
  .bss               zero     0x2000'1f86                  0x1  sip_protocol.o [14]
  .bss               zero     0x2000'1f87                  0x1  sip_protocol.o [14]
  .bss               zero     0x2000'1f88                  0x1  sip_protocol.o [14]
  .bss               zero     0x2000'1f89                  0x1  sip_protocol.o [14]
  .bss               zero     0x2000'1f8a                  0x1  sip_protocol.o [14]
  .bss               zero     0x2000'1f8b                  0x1  sip_protocol.o [14]
  .bss               zero     0x2000'1f8c                  0x1  sip_protocol.o [14]
  .bss               zero     0x2000'1f8d                  0x1  sip_protocol.o [14]
  .bss               zero     0x2000'1f8e                  0x1  sip_protocol.o [14]
  .bss               zero     0x2000'1f8f                  0x1  sip_protocol.o [14]
  .bss               zero     0x2000'1f90                  0x1  sip_protocol.o [14]
  .bss               zero     0x2000'1f91                  0x1  sip_protocol.o [14]
  .bss               zero     0x2000'1f92                  0x1  sip_protocol.o [14]
  .bss               zero     0x2000'1f93                  0x1  sip_protocol.o [14]
  .bss               zero     0x2000'1f94                  0x1  sip_protocol.o [14]
  .bss               zero     0x2000'1f95                  0x1  sip_protocol.o [14]
  .bss               zero     0x2000'1f96                  0x1  sip_protocol.o [14]
  .bss               zero     0x2000'1f97                  0x1  sip_protocol.o [14]
  .bss               zero     0x2000'1f98                  0x1  sip_protocol.o [14]
  .bss               zero     0x2000'1f99                  0x1  sip_protocol.o [14]
  .bss               zero     0x2000'1f9a                  0x1  sip_protocol.o [14]
  .bss               zero     0x2000'1f9b                  0x1  SMS_Process.o [9]
  .bss               zero     0x2000'1f9c                  0x1  SMS_Process.o [9]
  .bss               zero     0x2000'1f9d                  0x1  SMS_Process.o [9]
  .bss               zero     0x2000'1f9e                  0x1  SMS_Process.o [9]
  .bss               zero     0x2000'1f9f                  0x1  SMS_Process.o [9]
  .bss               zero     0x2000'1fa0                  0x1  SMS_Process.o [9]
  .bss               zero     0x2000'1fa1                  0x1  SMS_Process.o [9]
  .bss               zero     0x2000'1fa2                  0x1  SMS_Process.o [9]
  .bss               zero     0x2000'1fa3                  0x1  SSL_Process.o [9]
  .bss               zero     0x2000'1fa4                  0x1  SSL_Process.o [9]
  .bss               zero     0x2000'1fa5                  0x1  system.o [14]
  .bss               zero     0x2000'1fa6                  0x1  system.o [14]
  .bss               zero     0x2000'1fa7                  0x1  system.o [14]
  .bss               zero     0x2000'1fa8                  0x1  system.o [14]
  .bss               zero     0x2000'1fa9                  0x1  system.o [14]
  .bss               zero     0x2000'1faa                  0x1  System_Timers.o [18]
  .bss               zero     0x2000'1fab                  0x1  System_Utility.o [5]
                            - 0x2000'1fac               0x1ba4

"P2", part 3 of 3:                                      0x4e00
  CSTACK                      0x2000'1fb0          8    0x2600  <Block>
    CSTACK           uninit   0x2000'1fb0               0x2600  <Block tail>
  HEAP                        0x2000'45b0          8    0x2800  <Block>
    HEAP             uninit   0x2000'45b0               0x2800  <Block tail>
                            - 0x2000'6db0               0x4e00

Unused ranges:

         From           To    Size
         ----           --    ----
   0x801'b8e3   0x801'ffff  0x471d
  0x2000'0010  0x2000'00ff    0xf0
  0x2000'0407  0x2000'0407     0x1
  0x2000'1fac  0x2000'1faf     0x4
  0x2000'6db0  0x2000'8fff  0x2250


*******************************************************************************
*** INIT TABLE
***

          Address      Size
          -------      ----
Zero (__iar_zero_init3)
    1 destination range, total size 0x1ba4:
          0x2000'0408  0x1ba4

Copy/lz77 (__iar_lz77_init_single3)
    1 source range, total size 0x277 (81% of destination):
           0x801'b66c   0x277
    1 destination range, total size 0x307:
          0x2000'0100   0x307



*******************************************************************************
*** MODULE SUMMARY
***

    Module                 ro code  ro data  rw data
    ------                 -------  -------  -------
command line/config:
    ------------------------------------------------
    Total:

D:\PROGRAM\Sipaad_S500_Main_code_250426\Application\EWARM\Debug\Obj\A2D_14972411234166948354.dir: [1]
    ADC_Config.o             1'000                35
    ------------------------------------------------
    Total:                   1'000                35

D:\PROGRAM\Sipaad_S500_Main_code_250426\Application\EWARM\Debug\Obj\Accelerometer_5802565934898969246.dir: [2]
    KX023.o                  1'440               350
    accel_i2c.o              1'468
    dev_attachment.o         2'960                58
    ------------------------------------------------
    Total:                   5'868               408

D:\PROGRAM\Sipaad_S500_Main_code_250426\Application\EWARM\Debug\Obj\Certificate_4819519691248422992.dir: [3]
    pem_import.o             1'466      304
    ------------------------------------------------
    Total:                   1'466      304

D:\PROGRAM\Sipaad_S500_Main_code_250426\Application\EWARM\Debug\Obj\Common_388439453444075512.dir: [4]
    os_port_none.o              40       60
    ------------------------------------------------
    Total:                      40       60

D:\PROGRAM\Sipaad_S500_Main_code_250426\Application\EWARM\Debug\Obj\EWARM_14282830314136953809.dir: [5]
    System_Interrupts.o        356
    System_Utility.o         1'772       20       11
    general_functions.o        396
    main.o                      48        1       18
    ------------------------------------------------
    Total:                   2'572       21       29

D:\PROGRAM\Sipaad_S500_Main_code_250426\Application\EWARM\Debug\Obj\Encoding_17640052530797874392.dir: [6]
    asn1.o                     376
    base64.o                   204      128
    oid.o                       66
    ------------------------------------------------
    Total:                     646      128

D:\PROGRAM\Sipaad_S500_Main_code_250426\Application\EWARM\Debug\Obj\Flash_3222999600733985888.dir: [7]
    Flash.o                    944
    ------------------------------------------------
    Total:                     944

D:\PROGRAM\Sipaad_S500_Main_code_250426\Application\EWARM\Debug\Obj\GPS_13805737646085544899.dir: [8]
    GPS.o                    7'272      263      210
    GPS_USART.o                648               358
    ------------------------------------------------
    Total:                   7'920      263      568

D:\PROGRAM\Sipaad_S500_Main_code_250426\Application\EWARM\Debug\Obj\GSM_14571738266252155766.dir: [9]
    GSM_BT.o                    32       44
    GSM_Utility.o            5'956      837      383
    HTTP_Process.o          14'416    1'580    2'788
    Module_USART.o             628               546
    SMS_Process.o            6'564      826      542
    SSL_Process.o            5'460    1'662      474
    ------------------------------------------------
    Total:                  33'056    4'949    4'733

D:\PROGRAM\Sipaad_S500_Main_code_250426\Application\EWARM\Debug\Obj\Hash_7788234830195085610.dir: [10]
    md5.o                    2'118      320
    ------------------------------------------------
    Total:                   2'118      320

D:\PROGRAM\Sipaad_S500_Main_code_250426\Application\EWARM\Debug\Obj\IOs_17766050923318551339.dir: [11]
    Digital_IO.o               780       13       28
    ------------------------------------------------
    Total:                     780       13       28

D:\PROGRAM\Sipaad_S500_Main_code_250426\Application\EWARM\Debug\Obj\MPI_4282649160496547225.dir: [12]
    mpi.o                    4'542
    ------------------------------------------------
    Total:                   4'542

D:\PROGRAM\Sipaad_S500_Main_code_250426\Application\EWARM\Debug\Obj\PKC_17023933510945847088.dir: [13]
    rsa.o                    1'032      280
    ------------------------------------------------
    Total:                   1'032      280

D:\PROGRAM\Sipaad_S500_Main_code_250426\Application\EWARM\Debug\Obj\Protocol_10540556707541943501.dir: [14]
    circular_buffer.o        2'564                66
    sip_protocol.o           8'732       79    1'848
    system.o                   624                23
    ------------------------------------------------
    Total:                  11'920       79    1'937

D:\PROGRAM\Sipaad_S500_Main_code_250426\Application\EWARM\Debug\Obj\RSA_7683435025872950055.dir: [15]
    RSA_Cryptographic.o         84
    ------------------------------------------------
    Total:                      84

D:\PROGRAM\Sipaad_S500_Main_code_250426\Application\EWARM\Debug\Obj\SPIF_2069707202072327316.dir: [16]
    SPIF.o                     960                42
    SPIF_Driver.o            1'160
    SPIF_spi.o               1'128                 2
    ------------------------------------------------
    Total:                   3'248                44

D:\PROGRAM\Sipaad_S500_Main_code_250426\Application\EWARM\Debug\Obj\System_14878279498866883008.dir: [17]
    startup_stm32g070xx.o      244
    system_stm32g0xx.o           2        3        4
    ------------------------------------------------
    Total:                     246        3        4

D:\PROGRAM\Sipaad_S500_Main_code_250426\Application\EWARM\Debug\Obj\Timers_7884078857485784167.dir: [18]
    LEDs.o                   3'216                15
    System_Timers.o          2'448        1       10
    ------------------------------------------------
    Total:                   5'664        1       25

dl6M_tlf.a: [19]
    abs.o                        8
    exit.o                       8
    heap0.o                    320                 8
    heaptramp0.o                 8
    localtim64.o                30
    low_level_init.o             4
    strstr.o                    46
    xDaysTo64.o                204
    xTzoff_nop.o                 4
    xgetmemchunk.o              44                 4
    xisdst_nop64.o               6
    xttotm64.o                 392                44
    ------------------------------------------------
    Total:                   1'074                56

m6M_tl.a: [20]
    DblAddSub.o                436
    DblCmpLe.o                  50
    DblDiv.o                   194
    DblMul.o                   388
    DblToFlt.o                  98
    DblToI32.o                  82
    FltAddSub.o                288
    FltCmpGe.o                  40
    FltCmpLe.o                  38
    FltDiv.o                   164
    FltMul.o                   176
    FltToDbl.o                  50
    FltToS32.o                  58
    FltToU32.o                  38
    IxxToDbl.o                  52
    IxxToFlt.o                  94
    atan2_64.o                 424
    cos_sin64.o              1'100
    iar_Atan64.o               552       64
    sqrt.o                     192
    ------------------------------------------------
    Total:                   4'514       64

rt6M_tl.a: [21]
    ABImemcpy.o                 78
    ABImemset.o                 78
    I32DivModFast.o            224
    I64DivMod.o                186
    I64DivZer.o                  2
    I64Mul.o                    50
    IntDivZer.o                  2
    XXexit.o                    12
    cexit.o                      4
    cexit_2.o                   10
    cmain.o                     34
    cstartup_M.o                28
    data_init.o                 40
    lz77_init_single.o         128
    memcmp.o                    30
    strchr.o                    18
    strcmp.o                   192
    strlen.o                    14
    uread4.o                    22
    uwrite4.o                   20
    zero_init3.o                60
    ------------------------------------------------
    Total:                   1'232

    Linker created                       32   19'968
----------------------------------------------------
    Grand Total:            89'966    6'517   27'835


*******************************************************************************
*** ENTRY LIST
***

Entry                       Address   Size  Type      Object
-----                       -------   ----  ----      ------
.iar.init_table$$Base    0x801'a4bc          --   Gb  - Linker created -
.iar.init_table$$Limit   0x801'a4dc          --   Gb  - Linker created -
?main                    0x801'a471         Code  Gb  cmain.o [21]
ADC1_IRQHandler          0x801'66b7         Code  Wk  startup_stm32g070xx.o [17]
ADC_Config               0x801'6051  0x174  Code  Gb  ADC_Config.o [1]
ADC_Values              0x2000'1d60   0x18  Data  Gb  ADC_Config.o [1]
ADC_calculate_average    0x801'626d  0x150  Code  Gb  ADC_Config.o [1]
AVL_Handle_Tasks         0x800'a869  0x394  Code  Gb  sip_protocol.o [14]
AVL_Initiate_Setting     0x800'8aa5  0x12a  Code  Gb  sip_protocol.o [14]
AVL_check_setting_values
                         0x800'8bcf   0x6c  Code  Gb  sip_protocol.o [14]
Accel_I2C_config         0x801'580d   0x9e  Code  Gb  accel_i2c.o [2]
Accel_Recovery_I2C       0x801'0e25   0x44  Code  Gb  KX023.o [2]
Accel_movement_check     0x801'93a5  0x1d6  Code  Gb  dev_attachment.o [2]
Accel_read_byte          0x801'5929  0x186  Code  Gb  accel_i2c.o [2]
Accel_read_nbytes        0x801'5af9  0x1a4  Code  Gb  accel_i2c.o [2]
Accel_write_byte         0x801'5ca5  0x106  Code  Gb  accel_i2c.o [2]
Aldata                  0x2000'1e38    0x8  Data  Lc  heap0.o [19]
BT_Enable                0x801'64f5    0xc  Code  Gb  GSM_BT.o [9]
BT_Set_BT_Name           0x801'6501    0xc  Code  Gb  GSM_BT.o [9]
Base_sample_axis        0x2000'1edc    0x2  Data  Gb  dev_attachment.o [2]
Big_endian_data          0x800'a4e7   0x2a  Code  Gb  sip_protocol.o [14]
Bootloader_Password     0x2000'0000    0x4  Data  Gb  main.o [5]
Bootloader_release_date
                        0x2000'0004    0x4  Data  Gb  main.o [5]
CRC16_CCITT              0x800'a511   0x3a  Code  Gb  sip_protocol.o [14]
CSTACK$$Base            0x2000'1fb0          --   Gb  - Linker created -
CSTACK$$Limit           0x2000'45b0          --   Gb  - Linker created -
Calculate_MovingAverage_Offset
                         0x801'099b   0x90  Code  Gb  KX023.o [2]
Calibration_factor      0x2000'1d5e    0x2  Data  Gb  ADC_Config.o [1]
Car_is_turn_off_for_more_than_4_sec
                        0x2000'1f43    0x1  Data  Gb  dev_attachment.o [2]
Check_data_for_half_SEC
                         0x801'8d79  0x608  Code  Gb  dev_attachment.o [2]
Check_disable_record_production
                         0x800'8d05   0x1e  Code  Gb  sip_protocol.o [14]
Count_of_pre_detached_occure
                        0x2000'1eda    0x2  Data  Gb  dev_attachment.o [2]
Current_ODO_Speed_KMh   0x2000'1e88    0x4  Data  Gb  sip_protocol.o [14]
DMA1_Ch4_7_DMAMUX1_OVR_IRQHandler
                         0x801'651b         Code  Wk  startup_stm32g070xx.o [17]
DMA1_Channel1_IRQHandler
                         0x801'08eb         Code  Wk  startup_stm32g070xx.o [17]
DMA1_Channel2_3_IRQHandler
                         0x801'64f3         Code  Wk  startup_stm32g070xx.o [17]
[...]
                        0x2000'1f71    0x1  Data  Gb  sip_protocol.o [14]
check_location_jump     0x2000'1f49    0x1  Data  Gb  GPS.o [8]
check_server_certificates_and_fwu
                        0x2000'1f91    0x1  Data  Gb  sip_protocol.o [14]
check_server_ok_after_gps_fix
                        0x2000'1f8f    0x1  Data  Gb  sip_protocol.o [14]
check_startup_server_ok
                         0x800'8c3b   0x50  Code  Gb  sip_protocol.o [14]
check_updating_timeunix
                        0x2000'1f4d    0x1  Data  Gb  GPS.o [8]
check_vehicle_idle      0x2000'1f8c    0x1  Data  Gb  sip_protocol.o [14]
compareArray             0x800'd863   0x1e  Code  Gb  general_functions.o [5]
convert_char_to_int      0x800'b531    0x6  Code  Gb  GSM_Utility.o [9]
convert_int_to_char      0x800'b537    0x6  Code  Gb  GSM_Utility.o [9]
cos                      0x801'8799    0xa  Code  Gb  cos_sin64.o [20]
cosl                     0x801'8799    0xa  Code  Gb  cos_sin64.o [20]
create_normal_event     0x2000'1f6f    0x1  Data  Gb  sip_protocol.o [14]
create_normal_event_counter
                        0x2000'1e7c    0x4  Data  Gb  sip_protocol.o [14]
crystal_is_failed       0x2000'1fab    0x1  Data  Gb  System_Utility.o [5]
current_sms_index       0x2000'1f9d    0x1  Data  Gb  SMS_Process.o [9]
data_packet             0x2000'0dcc  0x354  Data  Gb  sip_protocol.o [14]
data_packet_length      0x2000'1f14    0x2  Data  Gb  sip_protocol.o [14]
data_send_rate_counter  0x2000'1e80    0x4  Data  Gb  sip_protocol.o [14]
debug_mode              0x2000'1f9a    0x1  Data  Gb  sip_protocol.o [14]
debug_mode_counter      0x2000'1f1e    0x2  Data  Gb  sip_protocol.o [14]
decrypt_server_response
                         0x800'fc3b   0x38  Code  Gb  RSA_Cryptographic.o [15]
device_has_speed        0x2000'1f4b    0x1  Data  Gb  GPS.o [8]
disable_accel_timer     0x2000'0406    0x1  Data  Gb  System_Timers.o [18]
disable_any_gsm_activity
                        0x2000'1f54    0x1  Data  Gb  GSM_Utility.o [9]
disable_http_pdp        0x2000'1f5b    0x1  Data  Gb  HTTP_Process.o [9]
emePkcs1v15Decode        0x800'ffe3   0x9a  Code  Gb  rsa.o [13]
enable_disable_record_production
                        0x2000'1f72    0x1  Data  Gb  sip_protocol.o [14]
enable_http_process     0x2000'1f56    0x1  Data  Gb  HTTP_Process.o [9]
enable_send_data_to_sipaad
                        0x2000'1f73    0x1  Data  Gb  sip_protocol.o [14]
exit                     0x801'a497    0x8  Code  Gb  exit.o [19]
file_header_is_read     0x2000'1f97    0x1  Data  Gb  sip_protocol.o [14]
firmware_base_address   0x2000'1ea8    0x4  Data  Gb  sip_protocol.o [14]
firmware_chunk_index    0x2000'1f1c    0x2  Data  Gb  sip_protocol.o [14]
firmware_chunk_size     0x2000'1f1a    0x2  Data  Gb  sip_protocol.o [14]
firmware_downloaded_size
                        0x2000'1eac    0x4  Data  Gb  sip_protocol.o [14]
firmware_downloading_process
                        0x2000'1f98    0x1  Data  Gb  sip_protocol.o [14]
force_create_event      0x2000'1f70    0x1  Data  Gb  sip_protocol.o [14]
fota_file_version       0x2000'1ea4    0x4  Data  Gb  sip_protocol.o [14]
free                     0x801'7a01    0x8  Code  Gb  heaptramp0.o [19]
get_n_number_from_till   0x801'14dd   0x7e  Code  Gb  GPS.o [8]
gps_activity            0x2000'1f50    0x1  Data  Gb  GPS.o [8]
gps_enter_sleep         0x2000'1f4e    0x1  Data  Gb  GPS.o [8]
gps_exit_sleep          0x2000'1f4f    0x1  Data  Gb  GPS.o [8]
gps_is_fixed_for_first_time
                        0x2000'1f4a    0x1  Data  Gb  GPS.o [8]
gps_jump_count          0x2000'1f24    0x2  Data  Gb  sip_protocol.o [14]
gps_led_counter         0x2000'1f62    0x1  Data  Gb  LEDs.o [18]
gps_led_pulse_count     0x2000'1f65    0x1  Data  Gb  LEDs.o [18]
gps_led_pulse_mode      0x2000'1f5f    0x1  Data  Gb  LEDs.o [18]
gps_led_state           0x2000'1f68    0x1  Data  Gb  LEDs.o [18]
gps_led_twice_counter   0x2000'1f6b    0x1  Data  Gb  LEDs.o [18]
gps_notfix_event_counter
                        0x2000'1f7b    0x1  Data  Gb  sip_protocol.o [14]
gsm_led_counter         0x2000'1f61    0x1  Data  Gb  LEDs.o [18]
gsm_led_pulse_count     0x2000'1f64    0x1  Data  Gb  LEDs.o [18]
gsm_led_pulse_mode      0x2000'1f5e    0x1  Data  Gb  LEDs.o [18]
gsm_led_state           0x2000'1f67    0x1  Data  Gb  LEDs.o [18]
gsm_led_twice_counter   0x2000'1f6a    0x1  Data  Gb  LEDs.o [18]
gsm_power_status        0x2000'1f7f    0x1  Data  Gb  sip_protocol.o [14]
gsm_pt_timeout          0x2000'1e64    0x4  Data  Gb  GSM_Utility.o [9]
gsm_sr_timeout          0x2000'1e68    0x4  Data  Gb  GSM_Utility.o [9]
halt_event_production_counter
                        0x2000'0403    0x1  Data  Gb  sip_protocol.o [14]
halt_http_process       0x2000'1f58    0x1  Data  Gb  HTTP_Process.o [9]
halt_http_process_counter
                        0x2000'1f02    0x2  Data  Gb  HTTP_Process.o [9]
http_SPIF_Cert_wr_index
                        0x2000'0128    0x4  Data  Gb  HTTP_Process.o [9]
http_SPIF_Fwr_wr_index  0x2000'1e74    0x4  Data  Gb  HTTP_Process.o [9]
http_firmware_upgrade_ready
                        0x2000'1f5a    0x1  Data  Gb  HTTP_Process.o [9]
http_has_request        0x2000'1f57    0x1  Data  Gb  HTTP_Process.o [9]
http_stage_TO_CME_Error
                         0x801'a7b0   0x18  Data  Gb  HTTP_Process.o [9]
http_stage_max_num_of_retries
                         0x801'a780   0x18  Data  Gb  HTTP_Process.o [9]
http_stage_retries_redirect
                         0x801'a798   0x18  Data  Gb  HTTP_Process.o [9]
http_stage_timeout       0x801'a768   0x18  Data  Gb  HTTP_Process.o [9]
idle_started_counter    0x2000'1f16    0x2  Data  Gb  sip_protocol.o [14]
ignition_changed        0x2000'1f45    0x1  Data  Gb  Digital_IO.o [11]
k                        0x801'9de0  0x100  Data  Lc  md5.o [10]
keep_GSM_module_awake   0x2000'0405    0x1  Data  Gb  sip_protocol.o [14]
last_PPS_time_unix      0x2000'1e60    0x4  Data  Gb  GPS.o [8]
last_record_COG         0x2000'1ef0    0x2  Data  Gb  GPS.o [8]
last_record_latitude    0x2000'1e58    0x4  Data  Gb  GPS.o [8]
last_record_longitude   0x2000'1e5c    0x4  Data  Gb  GPS.o [8]
last_record_unixtime    0x2000'1e98    0x4  Data  Gb  sip_protocol.o [14]
last_sipaad_logined_unixtime
                        0x2000'1ea0    0x4  Data  Gb  sip_protocol.o [14]
last_valid_COG          0x2000'1eee    0x2  Data  Gb  GPS.o [8]
last_valid_altitude     0x2000'1eec    0x2  Data  Gb  GPS.o [8]
last_valid_latitude     0x2000'1e50    0x4  Data  Gb  GPS.o [8]
last_valid_longitude    0x2000'1e54    0x4  Data  Gb  GPS.o [8]
line_buffer_counter     0x2000'1efe    0x2  Data  Gb  GSM_Utility.o [9]
line_buffer_rd_index    0x2000'1efc    0x2  Data  Gb  GSM_Utility.o [9]
lmos                     0x801'9674   0x18  Data  Lc  xDaysTo64.o [19]
localtime                0x800'cbfb   0x1e  Code  Gb  localtim64.o [19]
logined_to_the_server   0x2000'1f87    0x1  Data  Gb  sip_protocol.o [14]
low_battery_detection   0x2000'1f7a    0x1  Data  Gb  sip_protocol.o [14]
main                     0x801'a2e1   0x30  Code  Gb  main.o [5]
main_sumation_value     0x2000'1e40    0x4  Data  Gb  ADC_Config.o [1]
mainpower_connection_counter
                        0x2000'1f22    0x2  Data  Gb  sip_protocol.o [14]
mainpower_disconnection_counter
                        0x2000'1f20    0x2  Data  Gb  sip_protocol.o [14]
md5Final                 0x801'0131   0x78  Code  Gb  md5.o [10]
md5Init                  0x801'00a5   0x1e  Code  Gb  md5.o [10]
md5ProcessBlock          0x801'01c1  0x72a  Code  Gb  md5.o [10]
md5Update                0x801'00c3   0x6e  Code  Gb  md5.o [10]
memcmp                   0x800'd385         Code  Gb  memcmp.o [21]
mos                      0x801'968c   0x18  Data  Lc  xDaysTo64.o [19]
moving_status           0x2000'1f4c    0x1  Data  Gb  GPS.o [8]
mpiAdd                   0x801'7191   0x4c  Code  Gb  mpi.o [12]
mpiAddAbs                0x801'7229   0xfc  Code  Gb  mpi.o [12]
mpiComp                  0x801'6d79   0x94  Code  Gb  mpi.o [12]
mpiCompAbs               0x801'6e43   0x72  Code  Gb  mpi.o [12]
mpiCompInt               0x801'6e0d   0x36  Code  Gb  mpi.o [12]
mpiCopy                  0x801'6eb5   0x6a  Code  Gb  mpi.o [12]
mpiExpMod                0x801'7a09  0x3fe  Code  Wk  mpi.o [12]
mpiExport                0x801'70b7   0xda  Code  Gb  mpi.o [12]
mpiFree                  0x801'6c81   0x2c  Code  Gb  mpi.o [12]
mpiGetBitLength          0x801'6d15   0x3e  Code  Gb  mpi.o [12]
mpiGetBitValue           0x801'6d53   0x26  Code  Gb  mpi.o [12]
mpiGetByteLength         0x801'6cd7   0x3e  Code  Gb  mpi.o [12]
mpiGetLength             0x801'6cad   0x2a  Code  Gb  mpi.o [12]
mpiGrow                  0x801'98f1   0x6c  Code  Wk  mpi.o [12]
mpiImport                0x801'6f75  0x142  Code  Gb  mpi.o [12]
mpiInit                  0x801'6c75    0xc  Code  Gb  mpi.o [12]
mpiMod                   0x801'75c1   0xd0  Code  Gb  mpi.o [12]
mpiMontgomeryMul         0x801'76c1  0x132  Code  Gb  mpi.o [12]
mpiMontgomeryRed         0x801'77f3   0x2e  Code  Gb  mpi.o [12]
mpiMul                   0x801'7e07  0x10a  Code  Wk  mpi.o [12]
mpiMulAccCore            0x801'7821   0x9e  Code  Gb  mpi.o [12]
mpiMulMod                0x801'7691   0x30  Code  Gb  mpi.o [12]
mpiSetValue              0x801'6f1f   0x56  Code  Gb  mpi.o [12]
mpiShiftLeft             0x801'7425   0xc4  Code  Gb  mpi.o [12]
mpiShiftRight            0x801'74e9   0xd8  Code  Gb  mpi.o [12]
mpiSub                   0x801'71dd   0x4c  Code  Gb  mpi.o [12]
mpiSubAbs                0x801'7325  0x100  Code  Gb  mpi.o [12]
new_firmware_available  0x2000'1f96    0x1  Data  Gb  sip_protocol.o [14]
number_of_http_process_run
                        0x2000'1f59    0x1  Data  Gb  HTTP_Process.o [9]
oidComp                  0x801'9c39   0x42  Code  Gb  oid.o [6]
osAllocMem               0x801'007d    0xe  Code  Gb  os_port_none.o [4]
osFreeMem                0x801'008b   0x12  Code  Gb  os_port_none.o [4]
over_speed_happened     0x2000'1f79    0x1  Data  Gb  sip_protocol.o [14]
packet_tag              0x2000'1f8b    0x1  Data  Gb  sip_protocol.o [14]
padding                  0x801'a028   0x40  Data  Lc  md5.o [10]
pemImportRsaPrivateKey   0x801'66b9  0x55c  Code  Gb  pem_import.o [3]
pemSearchTag             0x801'6c3d   0x36  Code  Gb  pem_import.o [3]
push_To_KX023_buffer     0x801'08ed   0xae  Code  Gb  KX023.o [2]
read_buff_index         0x2000'1f47    0x1  Data  Gb  GPS.o [8]
read_buffer_until        0x801'14a1   0x3c  Code  Gb  GPS.o [8]
read_system_IMEI        0x2000'1f7d    0x1  Data  Gb  sip_protocol.o [14]
reconfig_accelerometer  0x2000'1f74    0x1  Data  Gb  sip_protocol.o [14]
reconfig_gps_protection
                        0x2000'1f52    0x1  Data  Gb  GPS.o [8]
reconfig_gps_protection_counter
                        0x2000'1ef4    0x2  Data  Gb  GPS.o [8]
reconfigure_GPS         0x2000'1f51    0x1  Data  Gb  GPS.o [8]
recover_Accel_error     0x2000'1fa6    0x1  Data  Gb  system.o [14]
recover_accel_error_counter
                        0x2000'1f2c    0x2  Data  Gb  system.o [14]
repetition_accident_detection_counter
                        0x2000'1f12    0x2  Data  Gb  sip_protocol.o [14]
repetition_low_battery_counter
                        0x2000'1f10    0x2  Data  Gb  sip_protocol.o [14]
reset_count             0x2000'000c    0x4  Data  Gb  main.o [5]
reset_server_unreachable_counter
                        0x2000'1f18    0x2  Data  Gb  sip_protocol.o [14]
rsaFreePrivateKey        0x800'fcb9   0x44  Code  Gb  rsa.o [13]
rsaInitPrivateKey        0x800'fc75   0x44  Code  Gb  rsa.o [13]
rsadp                    0x800'fec9  0x11a  Code  Gb  rsa.o [13]
rsaesPkcs1v15Decrypt     0x800'fcfd  0x198  Code  Gb  rsa.o [13]
save_changed_setting    0x2000'1f75    0x1  Data  Gb  sip_protocol.o [14]
save_server_ok           0x800'8c8b   0x46  Code  Gb  sip_protocol.o [14]
save_system_IMEI        0x2000'1f7c    0x1  Data  Gb  sip_protocol.o [14]
send_command_to_GSM     0x2000'1f83    0x1  Data  Gb  sip_protocol.o [14]
send_data_less_than_10_records
                        0x2000'1f6e    0x1  Data  Gb  sip_protocol.o [14]
send_request_to_server  0x2000'1f90    0x1  Data  Gb  sip_protocol.o [14]
sending_data_is_in_progress
                        0x2000'1f89    0x1  Data  Gb  sip_protocol.o [14]
server_errors           0x2000'1e78    0x4  Data  Gb  sip_protocol.o [14]
server_fault_count      0x2000'1f93    0x1  Data  Gb  sip_protocol.o [14]
server_is_unreachable   0x2000'1f92    0x1  Data  Gb  sip_protocol.o [14]
server_pack             0x2000'0408  0x9c4  Data  Gb  HTTP_Process.o [9]
server_pack_length      0x2000'1f06    0x2  Data  Gb  HTTP_Process.o [9]
server_packet_count     0x2000'1f86    0x1  Data  Gb  sip_protocol.o [14]
server_packet_retry_number
                        0x2000'1fa3    0x1  Data  Gb  SSL_Process.o [9]
server_packet_type      0x2000'1f8a    0x1  Data  Gb  sip_protocol.o [14]
server_records          0x2000'133c  0x1e0  Data  Gb  sip_protocol.o [14]
server_requests         0x2000'1e20    0x8  Data  Gb  sip_protocol.o [14]
server_security_code    0x2000'1de4   0x10  Data  Gb  sip_protocol.o [14]
server_socket           0x2000'1f88    0x1  Data  Gb  sip_protocol.o [14]
set_gps_sleep_counter   0x2000'1ef2    0x2  Data  Gb  GPS.o [8]
setting                 0x2000'1a48  0x10c  Data  Gb  sip_protocol.o [14]
sim_SMS_stage_TO         0x801'b394    0xc  Data  Gb  SMS_Process.o [9]
sim_SMS_stage_cme_error
                         0x801'b388    0xc  Data  Gb  SMS_Process.o [9]
sim_SMS_stage_timeout_timer
                         0x801'b37c    0xc  Data  Gb  SMS_Process.o [9]
sim_stage_TO_CME_Error   0x801'a15c   0x3c  Data  Gb  SSL_Process.o [9]
sim_stage_max_number_of_retries
                         0x801'a0e4   0x3c  Data  Gb  SSL_Process.o [9]
sim_stage_retries_redirect
                         0x801'a120   0x3c  Data  Gb  SSL_Process.o [9]
sim_stage_timeout        0x801'a0a8   0x3c  Data  Gb  SSL_Process.o [9]
sin                      0x801'87a3    0xa  Code  Gb  cos_sin64.o [20]
sinl                     0x801'87a3    0xa  Code  Gb  cos_sin64.o [20]
sipaad_server_is_ok     0x2000'1f8e    0x1  Data  Gb  sip_protocol.o [14]
sms_panel_send          0x2000'1f85    0x1  Data  Gb  sip_protocol.o [14]
sms_send_length         0x2000'1f26    0x2  Data  Gb  SMS_Process.o [9]
socket_connection_attempts
                        0x2000'1fa4    0x1  Data  Gb  SSL_Process.o [9]
sqrt                     0x801'8955         Code  Gb  sqrt.o [20]
sqrtl                    0x801'8955         Code  Gb  sqrt.o [20]
startup_fixed_counter   0x2000'1f48    0x1  Data  Gb  GPS.o [8]
startup_latitude_average
                        0x2000'1e10    0x8  Data  Gb  GPS.o [8]
startup_longitude_average
                        0x2000'1e18    0x8  Data  Gb  GPS.o [8]
str_to_llint             0x800'b53d   0x58  Code  Gb  GSM_Utility.o [9]
strchr                   0x801'66a5         Code  Gb  strchr.o [21]
strcmp                   0x800'89b9         Code  Gb  strcmp.o [21]
strlen                   0x800'cc19         Code  Gb  strlen.o [21]
strstr                   0x800'cc27   0x2e  Code  Gb  strstr.o [19]
sysTick_decrement       0x2000'1eb8    0x4  Data  Gb  System_Utility.o [5]
sys_led_counter         0x2000'1f63    0x1  Data  Gb  LEDs.o [18]
sys_led_pulse_count     0x2000'1f66    0x1  Data  Gb  LEDs.o [18]
sys_led_pulse_mode      0x2000'1f60    0x1  Data  Gb  LEDs.o [18]
sys_led_state           0x2000'1f69    0x1  Data  Gb  LEDs.o [18]
sys_led_twice_counter   0x2000'1f6c    0x1  Data  Gb  LEDs.o [18]
system_IMEI             0x2000'1e28    0x8  Data  Gb  sip_protocol.o [14]
system_Serial           0x2000'1e30    0x8  Data  Gb  sip_protocol.o [14]
system_Unixtime         0x2000'0008    0x4  Data  Gb  main.o [5]
system_current_state    0x2000'1fa8    0x1  Data  Gb  system.o [14]
system_error            0x2000'1df4   0x10  Data  Gb  system.o [14]
system_has_error        0x2000'1fa5    0x1  Data  Gb  system.o [14]
system_has_short_message
                        0x2000'1f9e    0x1  Data  Gb  SMS_Process.o [9]
system_is_initiating    0x2000'0402    0x1  Data  Gb  main.o [5]
system_new_state        0x2000'1fa9    0x1  Data  Gb  system.o [14]
system_pause_change_state_counter
                        0x2000'1fa7    0x1  Data  Gb  system.o [14]
system_temp_params      0x2000'1ca4   0x28  Data  Gb  SPIF.o [16]
system_uptime           0x2000'1eb0    0x4  Data  Gb  System_Timers.o [18]
systick_check_IO_counter
                        0x2000'1eea    0x2  Data  Gb  Digital_IO.o [11]
ten_sec_timer           0x2000'1faa    0x1  Data  Gb  System_Timers.o [18]
timer_of_Count_of_pre_detached_occure
                        0x2000'1f3b    0x1  Data  Gb  dev_attachment.o [2]
timers_does_not_work    0x2000'1f6d    0x1  Data  Gb  main.o [5]
total_generated_record  0x2000'1f0e    0x2  Data  Gb  sip_protocol.o [14]
turn_off_gsm            0x2000'1f80    0x1  Data  Gb  sip_protocol.o [14]
turn_on_gsm             0x2000'1f81    0x1  Data  Gb  sip_protocol.o [14]
vcc_digital_changed     0x2000'1f46    0x1  Data  Gb  Digital_IO.o [11]
vehicle_idle_state      0x2000'1f8d    0x1  Data  Gb  sip_protocol.o [14]
vehicle_total_movement  0x2000'1e84    0x4  Data  Gb  sip_protocol.o [14]
window_dx_accel         0x2000'1ed4    0x2  Data  Gb  dev_attachment.o [2]
window_dy_accel         0x2000'1ed6    0x2  Data  Gb  dev_attachment.o [2]
window_dz_accel         0x2000'1ed8    0x2  Data  Gb  dev_attachment.o [2]
window_end_x_accel      0x2000'1ece    0x2  Data  Gb  dev_attachment.o [2]
window_end_y_accel      0x2000'1ed0    0x2  Data  Gb  dev_attachment.o [2]
window_end_z_accel      0x2000'1ed2    0x2  Data  Gb  dev_attachment.o [2]
window_start_x_accel    0x2000'1ec8    0x2  Data  Gb  dev_attachment.o [2]
window_start_y_accel    0x2000'1eca    0x2  Data  Gb  dev_attachment.o [2]
window_start_z_accel    0x2000'1ecc    0x2  Data  Gb  dev_attachment.o [2]


[1] = D:\PROGRAM\Sipaad_S500_Main_code_250426\Application\EWARM\Debug\Obj\A2D_14972411234166948354.dir
[2] = D:\PROGRAM\Sipaad_S500_Main_code_250426\Application\EWARM\Debug\Obj\Accelerometer_5802565934898969246.dir
[3] = D:\PROGRAM\Sipaad_S500_Main_code_250426\Application\EWARM\Debug\Obj\Certificate_4819519691248422992.dir
[4] = D:\PROGRAM\Sipaad_S500_Main_code_250426\Application\EWARM\Debug\Obj\Common_388439453444075512.dir
[5] = D:\PROGRAM\Sipaad_S500_Main_code_250426\Application\EWARM\Debug\Obj\EWARM_14282830314136953809.dir
[6] = D:\PROGRAM\Sipaad_S500_Main_code_250426\Application\EWARM\Debug\Obj\Encoding_17640052530797874392.dir
[7] = D:\PROGRAM\Sipaad_S500_Main_code_250426\Application\EWARM\Debug\Obj\Flash_3222999600733985888.dir
[8] = D:\PROGRAM\Sipaad_S500_Main_code_250426\Application\EWARM\Debug\Obj\GPS_13805737646085544899.dir
[9] = D:\PROGRAM\Sipaad_S500_Main_code_250426\Application\EWARM\Debug\Obj\GSM_14571738266252155766.dir
[10] = D:\PROGRAM\Sipaad_S500_Main_code_250426\Application\EWARM\Debug\Obj\Hash_7788234830195085610.dir
[11] = D:\PROGRAM\Sipaad_S500_Main_code_250426\Application\EWARM\Debug\Obj\IOs_17766050923318551339.dir
[12] = D:\PROGRAM\Sipaad_S500_Main_code_250426\Application\EWARM\Debug\Obj\MPI_4282649160496547225.dir
[13] = D:\PROGRAM\Sipaad_S500_Main_code_250426\Application\EWARM\Debug\Obj\PKC_17023933510945847088.dir
[14] = D:\PROGRAM\Sipaad_S500_Main_code_250426\Application\EWARM\Debug\Obj\Protocol_10540556707541943501.dir
[15] = D:\PROGRAM\Sipaad_S500_Main_code_250426\Application\EWARM\Debug\Obj\RSA_7683435025872950055.dir
[16] = D:\PROGRAM\Sipaad_S500_Main_code_250426\Application\EWARM\Debug\Obj\SPIF_2069707202072327316.dir
[17] = D:\PROGRAM\Sipaad_S500_Main_code_250426\Application\EWARM\Debug\Obj\System_14878279498866883008.dir
[18] = D:\PROGRAM\Sipaad_S500_Main_code_250426\Application\EWARM\Debug\Obj\Timers_7884078857485784167.dir
[19] = dl6M_tlf.a
[20] = m6M_tl.a
[21] = rt6M_tl.a

  89'966 bytes of readonly  code memory
   6'517 bytes of readonly  data memory
  27'835 bytes of readwrite data memory

Errors: none
Warnings: none
