###############################################################################
#
# IAR ELF Linker V9.70.1.475/W64 for ARM                  25/Oct/2025  13:30:10
# Copyright 2007-2025 IAR Systems AB.
#
#    Output file  =
#        D:\PROGRAM\Sipaad_S500_Main_code_250426\Application\EWARM\Debug\Exe\SIP_App.out
#    Map file     =
#        D:\PROGRAM\Sipaad_S500_Main_code_250426\Application\EWARM\Debug\List\SIP_App.map
#    Command line =
#        -f
#        D:\PROGRAM\Sipaad_S500_Main_code_250426\Application\EWARM\Debug\Exe\SIP_App.out.rsp
#        (D:\PROGRAM\Sipaad_S500_Main_code_250426\Application\EWARM\Debug\Obj\Accelerometer_5802565934898969246.dir\accel_i2c.o
#        D:\PROGRAM\Sipaad_S500_Main_code_250426\Application\EWARM\Debug\Obj\A2D_14972411234166948354.dir\ADC_Config.o
#        D:\PROGRAM\Sipaad_S500_Main_code_250426\Application\EWARM\Debug\Obj\Encoding_17640052530797874392.dir\asn1.o
#        D:\PROGRAM\Sipaad_S500_Main_code_250426\Application\EWARM\Debug\Obj\Encoding_17640052530797874392.dir\base64.o
#        D:\PROGRAM\Sipaad_S500_Main_code_250426\Application\EWARM\Debug\Obj\Protocol_10540556707541943501.dir\circular_buffer.o
#        D:\PROGRAM\Sipaad_S500_Main_code_250426\Application\EWARM\Debug\Obj\Common_388439453444075512.dir\cpu_endian.o
#        D:\PROGRAM\Sipaad_S500_Main_code_250426\Application\EWARM\Debug\Obj\Common_388439453444075512.dir\date_time.o
#        D:\PROGRAM\Sipaad_S500_Main_code_250426\Application\EWARM\Debug\Obj\Common_388439453444075512.dir\debug.o
#        D:\PROGRAM\Sipaad_S500_Main_code_250426\Application\EWARM\Debug\Obj\Accelerometer_5802565934898969246.dir\dev_attachment.o
#        D:\PROGRAM\Sipaad_S500_Main_code_250426\Application\EWARM\Debug\Obj\PKC_17023933510945847088.dir\dh.o
#        D:\PROGRAM\Sipaad_S500_Main_code_250426\Application\EWARM\Debug\Obj\IOs_17766050923318551339.dir\Digital_IO.o
#        D:\PROGRAM\Sipaad_S500_Main_code_250426\Application\EWARM\Debug\Obj\PKC_17023933510945847088.dir\dsa.o
#        D:\PROGRAM\Sipaad_S500_Main_code_250426\Application\EWARM\Debug\Obj\Flash_3222999600733985888.dir\Flash.o
#        D:\PROGRAM\Sipaad_S500_Main_code_250426\Application\EWARM\Debug\Obj\EWARM_14282830314136953809.dir\general_functions.o
#        D:\PROGRAM\Sipaad_S500_Main_code_250426\Application\EWARM\Debug\Obj\GPS_13805737646085544899.dir\GPS.o
#        D:\PROGRAM\Sipaad_S500_Main_code_250426\Application\EWARM\Debug\Obj\GPS_13805737646085544899.dir\GPS_USART.o
#        D:\PROGRAM\Sipaad_S500_Main_code_250426\Application\EWARM\Debug\Obj\GSM_14571738266252155766.dir\GSM_BT.o
#        D:\PROGRAM\Sipaad_S500_Main_code_250426\Application\EWARM\Debug\Obj\GSM_14571738266252155766.dir\GSM_Utility.o
#        D:\PROGRAM\Sipaad_S500_Main_code_250426\Application\EWARM\Debug\Obj\GSM_14571738266252155766.dir\HTTP_Process.o
#        D:\PROGRAM\Sipaad_S500_Main_code_250426\Application\EWARM\Debug\Obj\Accelerometer_5802565934898969246.dir\KX023.o
#        D:\PROGRAM\Sipaad_S500_Main_code_250426\Application\EWARM\Debug\Obj\Timers_7884078857485784167.dir\LEDs.o
#        D:\PROGRAM\Sipaad_S500_Main_code_250426\Application\EWARM\Debug\Obj\EWARM_14282830314136953809.dir\main.o
#        D:\PROGRAM\Sipaad_S500_Main_code_250426\Application\EWARM\Debug\Obj\Hash_7788234830195085610.dir\md5.o
#        D:\PROGRAM\Sipaad_S500_Main_code_250426\Application\EWARM\Debug\Obj\GSM_14571738266252155766.dir\Module_USART.o
#        D:\PROGRAM\Sipaad_S500_Main_code_250426\Application\EWARM\Debug\Obj\MPI_4282649160496547225.dir\mpi.o
#        D:\PROGRAM\Sipaad_S500_Main_code_250426\Application\EWARM\Debug\Obj\Encoding_17640052530797874392.dir\oid.o
#        D:\PROGRAM\Sipaad_S500_Main_code_250426\Application\EWARM\Debug\Obj\Common_388439453444075512.dir\os_port_none.o
#        D:\PROGRAM\Sipaad_S500_Main_code_250426\Application\EWARM\Debug\Obj\Certificate_4819519691248422992.dir\pem_import.o
#        D:\PROGRAM\Sipaad_S500_Main_code_250426\Application\EWARM\Debug\Obj\Common_388439453444075512.dir\resource_manager.o
#        D:\PROGRAM\Sipaad_S500_Main_code_250426\Application\EWARM\Debug\Obj\PKC_17023933510945847088.dir\rsa.o
#        D:\PROGRAM\Sipaad_S500_Main_code_250426\Application\EWARM\Debug\Obj\RSA_7683435025872950055.dir\RSA_Cryptographic.o
#        D:\PROGRAM\Sipaad_S500_Main_code_250426\Application\EWARM\Debug\Obj\Protocol_10540556707541943501.dir\sip_protocol.o
#        D:\PROGRAM\Sipaad_S500_Main_code_250426\Application\EWARM\Debug\Obj\GSM_14571738266252155766.dir\SMS_Process.o
#        D:\PROGRAM\Sipaad_S500_Main_code_250426\Application\EWARM\Debug\Obj\SPIF_2069707202072327316.dir\SPIF.o
#        D:\PROGRAM\Sipaad_S500_Main_code_250426\Application\EWARM\Debug\Obj\SPIF_2069707202072327316.dir\SPIF_Driver.o
#        D:\PROGRAM\Sipaad_S500_Main_code_250426\Application\EWARM\Debug\Obj\SPIF_2069707202072327316.dir\SPIF_spi.o
#        D:\PROGRAM\Sipaad_S500_Main_code_250426\Application\EWARM\Debug\Obj\GSM_14571738266252155766.dir\SSL_Process.o
#        D:\PROGRAM\Sipaad_S500_Main_code_250426\Application\EWARM\Debug\Obj\System_14878279498866883008.dir\startup_stm32g070xx.o
#        D:\PROGRAM\Sipaad_S500_Main_code_250426\Application\EWARM\Debug\Obj\Common_388439453444075512.dir\str.o
#        D:\PROGRAM\Sipaad_S500_Main_code_250426\Application\EWARM\Debug\Obj\Protocol_10540556707541943501.dir\system.o
#        D:\PROGRAM\Sipaad_S500_Main_code_250426\Application\EWARM\Debug\Obj\EWARM_14282830314136953809.dir\System_Interrupts.o
#        D:\PROGRAM\Sipaad_S500_Main_code_250426\Application\EWARM\Debug\Obj\System_14878279498866883008.dir\system_stm32g0xx.o
#        D:\PROGRAM\Sipaad_S500_Main_code_250426\Application\EWARM\Debug\Obj\Timers_7884078857485784167.dir\System_Timers.o
#        D:\PROGRAM\Sipaad_S500_Main_code_250426\Application\EWARM\Debug\Obj\EWARM_14282830314136953809.dir\System_Utility.o
#        D:\PROGRAM\Sipaad_S500_Main_code_250426\Application\EWARM\Debug\Obj\Certificate_4819519691248422992.dir\x509_cert_parse.o
#        D:\PROGRAM\Sipaad_S500_Main_code_250426\Application\EWARM\Debug\Obj\Certificate_4819519691248422992.dir\x509_cert_validate.o
#        D:\PROGRAM\Sipaad_S500_Main_code_250426\Application\EWARM\Debug\Obj\Certificate_4819519691248422992.dir\x509_common.o
#        --no_out_extension -o
#        D:\PROGRAM\Sipaad_S500_Main_code_250426\Application\EWARM\Debug\Exe\SIP_App.out
#        --redirect _Printf=_PrintfFullNoMb --redirect _Scanf=_ScanfFullNoMb
#        --map
#        D:\PROGRAM\Sipaad_S500_Main_code_250426\Application\EWARM\Debug\List\SIP_App.map
#        --config
#        D:\PROGRAM\Sipaad_S500_Main_code_250426\Application\EWARM\..\Libraries\System\stm32g070xx_flash.icf
#        --entry __iar_program_start --vfe --text_out locale --cpu=Cortex-M0+
#        --fpu=None) --diagnostics_format=sarif_stdout --dependencies=n
#        D:\PROGRAM\Sipaad_S500_Main_code_250426\Application\EWARM\Debug\Exe\SIP_App.out.iar_deps
#        --dynamic_output
#        D:\PROGRAM\Sipaad_S500_Main_code_250426\Application\EWARM\Debug\Exe\SIP_App.out.iar_dynout
#
###############################################################################

*******************************************************************************
*** RUNTIME MODEL ATTRIBUTES
***

CppFlavor       = *
__CPP_Runtime   = 1
__Heap_Handler  = Basic
__SystemLibrary = DLib
__dlib_version  = 6


*******************************************************************************
*** HEAP SELECTION
***

The basic heap was selected because --advanced_heap
was not specified and the application did not appear to
be primarily optimized for speed.


*******************************************************************************
*** PLACEMENT SUMMARY
***

"A0":  place at address 0x800'4000 {  ro section .intvec };
"P1":  place in [from 0x800'4000 to 0x801'ffff] {  ro };
define block CSTACK with size = 9'728, alignment = 8 { };
define block HEAP with size = 10K, alignment = 8 { };
"P2":  place in [from 0x2000'0100 to 0x2000'8fff] {
           rw,  block CSTACK,  block HEAP };
"P3":  place in [from 0x2000'0000 to 0x2000'00ff] {  rw section BOOT_Data };
initialize by copy {  rw };

  Section            Kind         Address  Alignment      Size  Object
  -------            ----         -------  ---------      ----  ------
"A0":                                                     0xb8
  .intvec            ro code   0x800'4000          4      0xb8  startup_stm32g070xx.o [17]
                             - 0x800'40b8                 0xb8

"P1":                                                 0x1'7669
  .text              ro code   0x800'40b8          4    0x3850  HTTP_Process.o [9]
  .text              ro code   0x800'7908          4     0xc90  LEDs.o [18]
  .text              ro code   0x800'8598          4      0x4e  ABImemset.o [21]
  .text              ro code   0x800'85e6          2       0x2  startup_stm32g070xx.o [17]
  .text              ro code   0x800'85e8          4     0x3c0  SPIF.o [16]
  .text              ro code   0x800'89a8          4      0xc0  strcmp.o [21]
  .text              ro code   0x800'8a68          4    0x221c  sip_protocol.o [14]
  .text              ro code   0x800'ac84          4     0x6ec  System_Utility.o [5]
  .text              ro code   0x800'b370          4      0x4e  ABImemcpy.o [21]
  .text              ro code   0x800'b3be          2       0x2  startup_stm32g070xx.o [17]
  .text              ro code   0x800'b3c0          4    0x1744  GSM_Utility.o [9]
  .text              ro code   0x800'cb04          4      0x16  uread4.o [21]
  .text              ro code   0x800'cb1a          2      0xe0  I32DivModFast.o [21]
  .text              ro code   0x800'cbfa          2      0x1e  localtim64.o [19]
  .text              ro code   0x800'cc18          4       0xe  strlen.o [21]
  .text              ro code   0x800'cc26          2      0x2e  strstr.o [19]
  .text              ro code   0x800'cc54          4     0x488  SPIF_Driver.o [16]
  .text              ro code   0x800'd0dc          4     0x274  Module_USART.o [9]
  .text              ro code   0x800'd350          4      0x32  I64Mul.o [21]
  .text              ro code   0x800'd382          2       0x2  startup_stm32g070xx.o [17]
  .text              ro code   0x800'd384          4      0x1e  memcmp.o [21]
  .text              ro code   0x800'd3a2          2       0x2  startup_stm32g070xx.o [17]
  .text              ro code   0x800'd3a4          4     0x3b0  Flash.o [7]
  .text              ro code   0x800'd754          2     0x18c  general_functions.o [5]
  .text              ro code   0x800'd8e0          4      0x14  uwrite4.o [21]
  .text              ro code   0x800'd8f4          4      0x3a  FltToS32.o [20]
  .text              ro code   0x800'd92e          2       0x2  startup_stm32g070xx.o [17]
  .text              ro code   0x800'd930          4      0x26  FltToU32.o [20]
  .text              ro code   0x800'd956          2       0x2  startup_stm32g070xx.o [17]
  .text              ro code   0x800'd958          4     0xa04  circular_buffer.o [14]
  .text              ro code   0x800'e35c          4    0x1554  SSL_Process.o [9]
  .text              ro code   0x800'f8b0          2      0xa4  FltDiv.o [20]
  .text              ro code   0x800'f954          2      0xb0  FltMul.o [20]
  .text              ro code   0x800'fa04          4      0x34  IxxToDbl.o [20]
  .text              ro code   0x800'fa38          2     0x184  DblMul.o [20]
  .text              ro code   0x800'fbbc          2      0x62  DblToFlt.o [20]
  .text              ro code   0x800'fc1e          2      0x54  RSA_Cryptographic.o [15]
  .text              ro code   0x800'fc72          2       0x2  startup_stm32g070xx.o [17]
  .text              ro code   0x800'fc74          4     0x408  rsa.o [13]
  .text              ro code   0x801'007c          4      0x28  os_port_none.o [4]
  .text              ro code   0x801'00a4          4     0x846  md5.o [10]
  .text              ro code   0x801'08ea          2       0x2  startup_stm32g070xx.o [17]
  .text              ro code   0x801'08ec          4     0x418  KX023.o [2]
  .text              ro code   0x801'0d04          4     0x270  system.o [14]
  .text              ro code   0x801'0f74          4     0x30c  Digital_IO.o [11]
  .text              ro code   0x801'1280          4    0x1c68  GPS.o [8]
  .text              ro code   0x801'2ee8          4    0x19a4  SMS_Process.o [9]
  .text              ro code   0x801'488c          4     0x958  System_Timers.o [18]
  .text              ro code   0x801'51e4          4     0x468  SPIF_spi.o [16]
  .text              ro code   0x801'564c          4     0x5bc  accel_i2c.o [2]
  .text              ro code   0x801'5c08          4     0x288  GPS_USART.o [8]
  .text              ro code   0x801'5e90          4     0x3e8  ADC_Config.o [1]
  .text              ro code   0x801'6278          2      0xba  I64DivMod.o [21]
  .text              ro code   0x801'6332          2       0x2  startup_stm32g070xx.o [17]
  .text              ro code   0x801'6334          4      0x20  GSM_BT.o [9]
  .text              ro code   0x801'6354          4       0x2  IntDivZer.o [21]
  .text              ro code   0x801'6356          2       0x4  xTzoff_nop.o [19]
  .text              ro code   0x801'635a          2       0x2  startup_stm32g070xx.o [17]
  .text              ro code   0x801'635c          4     0x188  xttotm64.o [19]
  .text              ro code   0x801'64e4          4      0x12  strchr.o [21]
  .text              ro code   0x801'64f6          2       0x2  startup_stm32g070xx.o [17]
  .text              ro code   0x801'64f8          4     0x5ba  pem_import.o [3]
  .text              ro code   0x801'6ab2          2       0x2  startup_stm32g070xx.o [17]
  .text              ro code   0x801'6ab4          4     0xc4a  mpi.o [12]
  .text              ro code   0x801'76fe          2       0x2  startup_stm32g070xx.o [17]
  .text              ro code   0x801'7700          4     0x140  heap0.o [19]
  .text              ro code   0x801'7840          2       0x8  heaptramp0.o [19]
  .text              ro code   0x801'7848          2     0x3fe  mpi.o [12]
  .text              ro code   0x801'7c46          2     0x10a  mpi.o [12]
  .text              ro code   0x801'7d50          4      0x5e  IxxToFlt.o [20]
  .text              ro code   0x801'7dae          2       0x2  startup_stm32g070xx.o [17]
  .text              ro code   0x801'7db0          4      0x32  FltToDbl.o [20]
  .text              ro code   0x801'7de2          2      0xc2  DblDiv.o [20]
  .text              ro code   0x801'7ea4          2     0x1b4  DblAddSub.o [20]
  .text              ro code   0x801'8058          2     0x120  FltAddSub.o [20]
  .text              ro code   0x801'8178          4     0x44c  cos_sin64.o [20]
  .text              ro code   0x801'85c4          4     0x1a8  atan2_64.o [20]
  .text              ro code   0x801'876c          2      0xc0  sqrt.o [20]
  .text              ro code   0x801'882c          2       0x8  abs.o [19]
  .text              ro code   0x801'8834          4      0x26  FltCmpLe.o [20]
  .text              ro code   0x801'885a          2       0x2  startup_stm32g070xx.o [17]
  .text              ro code   0x801'885c          4      0x28  FltCmpGe.o [20]
  .text              ro code   0x801'8884          4     0xb90  dev_attachment.o [2]
  .text              ro code   0x801'9414          4       0x2  I64DivZer.o [21]
  .text              ro code   0x801'9416          2       0x2  startup_stm32g070xx.o [17]
  .text              ro code   0x801'9418          4      0xcc  xDaysTo64.o [19]
  .text              ro code   0x801'94e4          2       0x6  xisdst_nop64.o [19]
  .text              ro code   0x801'94ea          2       0x2  startup_stm32g070xx.o [17]
  .text              ro code   0x801'94ec          4      0xcc  base64.o [6]
  .text              ro code   0x801'95b8          4     0x178  asn1.o [6]
  .text              ro code   0x801'9730          2      0x6c  mpi.o [12]
  .text              ro code   0x801'979c          4      0x2c  xgetmemchunk.o [19]
  .text              ro code   0x801'97c8          2      0x32  DblCmpLe.o [20]
  .text              ro code   0x801'97fa          2       0x2  startup_stm32g070xx.o [17]
  .text              ro code   0x801'97fc          4      0x52  DblToI32.o [20]
  .text              ro code   0x801'984e          2       0x2  startup_stm32g070xx.o [17]
  .text              ro code   0x801'9850          4     0x228  iar_Atan64.o [20]
  .text              ro code   0x801'9a78          4      0x42  oid.o [6]
  .text              ro code   0x801'9aba          2       0x2  startup_stm32g070xx.o [17]
  .text              ro code   0x801'9abc          4     0x164  System_Interrupts.o [5]
  .rodata            const     0x801'9c20          4     0x100  md5.o [10]
  .rodata            const     0x801'9d20          4      0x80  base64.o [6]
  .text              ro code   0x801'9da0          2      0x80  lz77_init_single.o [21]
  .rodata            const     0x801'9e20          4      0x48  SSL_Process.o [9]
  .rodata            const     0x801'9e68          4      0x40  md5.o [10]
  .rodata            const     0x801'9ea8          8      0x40  iar_Atan64.o [20]
  .rodata            const     0x801'9ee8          4      0x3c  SSL_Process.o [9]
  .rodata            const     0x801'9f24          4      0x3c  SSL_Process.o [9]
  .rodata            const     0x801'9f60          4      0x3c  SSL_Process.o [9]
  .rodata            const     0x801'9f9c          4      0x3c  SSL_Process.o [9]
  .text              ro code   0x801'9fd8          2      0x3c  zero_init3.o [21]
  .rodata            const     0x801'a014          4      0x38  GPS.o [8]
  .rodata            const     0x801'a04c          4      0x38  GPS.o [8]
  .rodata            const     0x801'a084          4      0x34  SSL_Process.o [9]
  .rodata            const     0x801'a0b8          4      0x34  SSL_Process.o [9]
  .rodata            const     0x801'a0ec          4      0x34  SSL_Process.o [9]
  .text              ro code   0x801'a120          4      0x30  main.o [5]
  .rodata            const     0x801'a150          4      0x2c  SSL_Process.o [9]
  .rodata            const     0x801'a17c          4      0x28  SMS_Process.o [9]
  .rodata            const     0x801'a1a4          4      0x28  SSL_Process.o [9]
  .rodata            const     0x801'a1cc          4      0x28  SSL_Process.o [9]
  .rodata            const     0x801'a1f4          4      0x28  SSL_Process.o [9]
  .text              ro code   0x801'a21c          4      0x28  data_init.o [21]
  .rodata            const     0x801'a244          4      0x24  HTTP_Process.o [9]
  .rodata            const     0x801'a268          4      0x24  rsa.o [13]
  .rodata            const     0x801'a28c          4      0x24  SMS_Process.o [9]
  .text              ro code   0x801'a2b0          4      0x22  cmain.o [21]
  .text              ro code   0x801'a2d2          2       0x4  low_level_init.o [19]
  .text              ro code   0x801'a2d6          2       0x8  exit.o [19]
  .text              ro code   0x801'a2de          2       0x2  startup_stm32g070xx.o [17]
  .text              ro code   0x801'a2e0          4       0x4  cexit.o [21]
  .text              ro code   0x801'a2e4          4       0xa  cexit_2.o [21]
  .text              ro code   0x801'a2ee          2       0x2  startup_stm32g070xx.o [17]
  .text              ro code   0x801'a2f0          4       0xc  XXexit.o [21]
  .iar.init_table    const     0x801'a2fc          4      0x20  - Linker created -
  .rodata            const     0x801'a31c          4      0x20  os_port_none.o [4]
  .rodata            const     0x801'a33c          4      0x20  pem_import.o [3]
  .rodata            const     0x801'a35c          4      0x20  pem_import.o [3]
  .rodata            const     0x801'a37c          4      0x20  SSL_Process.o [9]
  .rodata            const     0x801'a39c          4      0x20  SSL_Process.o [9]
  .rodata            const     0x801'a3bc          4      0x1c  GSM_BT.o [9]
  .rodata            const     0x801'a3d8          4      0x1c  GSM_Utility.o [9]
  .rodata            const     0x801'a3f4          4      0x1c  GSM_Utility.o [9]
  .rodata            const     0x801'a410          4      0x1c  GSM_Utility.o [9]
  .rodata            const     0x801'a42c          4      0x1c  os_port_none.o [4]
  .rodata            const     0x801'a448          4      0x1c  pem_import.o [3]
  .rodata            const     0x801'a464          4      0x1c  pem_import.o [3]
  .rodata            const     0x801'a480          4      0x1c  SMS_Process.o [9]
  .rodata            const     0x801'a49c          4      0x1c  SSL_Process.o [9]
  .rodata            const     0x801'a4b8          4      0x1c  SSL_Process.o [9]
  .rodata            const     0x801'a4d4          4      0x1c  SSL_Process.o [9]
  .rodata            const     0x801'a4f0          4      0x1c  SSL_Process.o [9]
  .rodata            const     0x801'a50c          4      0x1c  SSL_Process.o [9]
  .rodata            const     0x801'a528          4      0x1c  SSL_Process.o [9]
  .text              ro code   0x801'a544          4      0x1c  cstartup_M.o [21]
  .rodata            const     0x801'a560          4      0x18  GPS.o [8]
  .rodata            const     0x801'a578          4      0x18  GSM_Utility.o [9]
  .rodata            const     0x801'a590          4      0x18  GSM_Utility.o [9]
  .rodata            const     0x801'a5a8          4      0x18  HTTP_Process.o [9]
  .rodata            const     0x801'a5c0          4      0x18  HTTP_Process.o [9]
  .rodata            const     0x801'a5d8          4      0x18  HTTP_Process.o [9]
  .rodata            const     0x801'a5f0          4      0x18  HTTP_Process.o [9]
  .rodata            const     0x801'a608          4      0x18  pem_import.o [3]
  .rodata            const     0x801'a620          4      0x18  pem_import.o [3]
  .rodata            const     0x801'a638          4      0x18  pem_import.o [3]
  .rodata            const     0x801'a650          4      0x18  pem_import.o [3]
  .rodata            const     0x801'a668          4      0x18  rsa.o [13]
  .rodata            const     0x801'a680          4      0x18  rsa.o [13]
  .rodata            const     0x801'a698          4      0x18  rsa.o [13]
  .rodata            const     0x801'a6b0          4      0x18  rsa.o [13]
  .rodata            const     0x801'a6c8          4      0x18  rsa.o [13]
  .rodata            const     0x801'a6e0          4      0x18  SSL_Process.o [9]
  .rodata            const     0x801'a6f8          4      0x18  SSL_Process.o [9]
  .rodata            const     0x801'a710          4      0x14  GPS.o [8]
  .rodata            const     0x801'a724          4      0x14  GPS.o [8]
  .rodata            const     0x801'a738          4      0x14  GSM_Utility.o [9]
  .rodata            const     0x801'a74c          4      0x14  GSM_Utility.o [9]
  .rodata            const     0x801'a760          4      0x14  GSM_Utility.o [9]
  .rodata            const     0x801'a774          4      0x14  GSM_Utility.o [9]
  .rodata            const     0x801'a788          4      0x14  HTTP_Process.o [9]
  .rodata            const     0x801'a79c          4      0x14  HTTP_Process.o [9]
  .rodata            const     0x801'a7b0          4      0x14  HTTP_Process.o [9]
  .rodata            const     0x801'a7c4          4      0x14  HTTP_Process.o [9]
  .rodata            const     0x801'a7d8          4      0x14  HTTP_Process.o [9]
  .rodata            const     0x801'a7ec          4      0x14  HTTP_Process.o [9]
  .rodata            const     0x801'a800          4      0x14  HTTP_Process.o [9]
  .rodata            const     0x801'a814          4      0x14  HTTP_Process.o [9]
  .rodata            const     0x801'a828          4      0x14  HTTP_Process.o [9]
  .rodata            const     0x801'a83c          4      0x14  HTTP_Process.o [9]
  .rodata            const     0x801'a850          4      0x14  HTTP_Process.o [9]
  .rodata            const     0x801'a864          4      0x14  HTTP_Process.o [9]
  .rodata            const     0x801'a878          4      0x14  HTTP_Process.o [9]
  .rodata            const     0x801'a88c          4      0x14  pem_import.o [3]
  .rodata            const     0x801'a8a0          4      0x14  pem_import.o [3]
  .rodata            const     0x801'a8b4          4      0x14  rsa.o [13]
  .rodata            const     0x801'a8c8          4      0x14  sip_protocol.o [14]
  .rodata            const     0x801'a8dc          4      0x14  sip_protocol.o [14]
  .rodata            const     0x801'a8f0          4      0x14  sip_protocol.o [14]
  .rodata            const     0x801'a904          4      0x14  SMS_Process.o [9]
  .rodata            const     0x801'a918          4      0x14  SMS_Process.o [9]
  .rodata            const     0x801'a92c          4      0x14  SMS_Process.o [9]
  .rodata            const     0x801'a940          4      0x14  SMS_Process.o [9]
  .rodata            const     0x801'a954          4      0x14  SMS_Process.o [9]
  .rodata            const     0x801'a968          4      0x14  SSL_Process.o [9]
  .rodata            const     0x801'a97c          4      0x14  System_Utility.o [5]
  .rodata            const     0x801'a990          4      0x10  GPS.o [8]
  .rodata            const     0x801'a9a0          4      0x10  GPS.o [8]
  .rodata            const     0x801'a9b0          4      0x10  GSM_BT.o [9]
  .rodata            const     0x801'a9c0          4      0x10  GSM_Utility.o [9]
  .rodata            const     0x801'a9d0          4      0x10  GSM_Utility.o [9]
  .rodata            const     0x801'a9e0          4      0x10  GSM_Utility.o [9]
  .rodata            const     0x801'a9f0          4      0x10  GSM_Utility.o [9]
  .rodata            const     0x801'aa00          4      0x10  GSM_Utility.o [9]
  .rodata            const     0x801'aa10          4      0x10  HTTP_Process.o [9]
  .rodata            const     0x801'aa20          4      0x10  HTTP_Process.o [9]
  .rodata            const     0x801'aa30          4      0x10  HTTP_Process.o [9]
  .rodata            const     0x801'aa40          4      0x10  HTTP_Process.o [9]
  .rodata            const     0x801'aa50          4      0x10  HTTP_Process.o [9]
  .rodata            const     0x801'aa60          4      0x10  HTTP_Process.o [9]
  .rodata            const     0x801'aa70          4      0x10  HTTP_Process.o [9]
  .rodata            const     0x801'aa80          4      0x10  HTTP_Process.o [9]
  .rodata            const     0x801'aa90          4      0x10  HTTP_Process.o [9]
  .rodata            const     0x801'aaa0          4      0x10  HTTP_Process.o [9]
  .rodata            const     0x801'aab0          4      0x10  HTTP_Process.o [9]
  .rodata            const     0x801'aac0          4      0x10  HTTP_Process.o [9]
  .rodata            const     0x801'aad0          4      0x10  HTTP_Process.o [9]
  .rodata            const     0x801'aae0          4      0x10  HTTP_Process.o [9]
  .rodata            const     0x801'aaf0          4      0x10  HTTP_Process.o [9]
  .rodata            const     0x801'ab00          4      0x10  HTTP_Process.o [9]
  .rodata            const     0x801'ab10          4      0x10  HTTP_Process.o [9]
  .rodata            const     0x801'ab20          4      0x10  HTTP_Process.o [9]
  .rodata            const     0x801'ab30          4      0x10  HTTP_Process.o [9]
  .rodata            const     0x801'ab40          4      0x10  HTTP_Process.o [9]
  .rodata            const     0x801'ab50          4      0x10  HTTP_Process.o [9]
  .rodata            const     0x801'ab60          4      0x10  HTTP_Process.o [9]
  .rodata            const     0x801'ab70          4      0x10  HTTP_Process.o [9]
  .rodata            const     0x801'ab80          4      0x10  HTTP_Process.o [9]
  .rodata            const     0x801'ab90          4      0x10  HTTP_Process.o [9]
  .rodata            const     0x801'aba0          4      0x10  HTTP_Process.o [9]
  .rodata            const     0x801'abb0          4      0x10  HTTP_Process.o [9]
  .rodata            const     0x801'abc0          4      0x10  HTTP_Process.o [9]
  .rodata            const     0x801'abd0          4      0x10  HTTP_Process.o [9]
  .rodata            const     0x801'abe0          4      0x10  HTTP_Process.o [9]
  .rodata            const     0x801'abf0          4      0x10  HTTP_Process.o [9]
  .rodata            const     0x801'ac00          4      0x10  HTTP_Process.o [9]
  .rodata            const     0x801'ac10          4      0x10  pem_import.o [3]
  .rodata            const     0x801'ac20          4      0x10  pem_import.o [3]
  .rodata            const     0x801'ac30          4      0x10  pem_import.o [3]
  .rodata            const     0x801'ac40          4      0x10  rsa.o [13]
  .rodata            const     0x801'ac50          4      0x10  rsa.o [13]
  .rodata            const     0x801'ac60          4      0x10  rsa.o [13]
  .rodata            const     0x801'ac70          4      0x10  rsa.o [13]
  .rodata            const     0x801'ac80          4      0x10  rsa.o [13]
  .rodata            const     0x801'ac90          4      0x10  sip_protocol.o [14]
  .rodata            const     0x801'aca0          4      0x10  SMS_Process.o [9]
  .rodata            const     0x801'acb0          4      0x10  SMS_Process.o [9]
  .rodata            const     0x801'acc0          4      0x10  SMS_Process.o [9]
  .rodata            const     0x801'acd0          4      0x10  SMS_Process.o [9]
  .rodata            const     0x801'ace0          4      0x10  SMS_Process.o [9]
  .rodata            const     0x801'acf0          4      0x10  SMS_Process.o [9]
  .rodata            const     0x801'ad00          4      0x10  SMS_Process.o [9]
  .rodata            const     0x801'ad10          4      0x10  SMS_Process.o [9]
  .rodata            const     0x801'ad20          4      0x10  SSL_Process.o [9]
  .rodata            const     0x801'ad30          4      0x10  SSL_Process.o [9]
  .rodata            const     0x801'ad40          4      0x10  SSL_Process.o [9]
  .rodata            const     0x801'ad50          4      0x10  SSL_Process.o [9]
  .rodata            const     0x801'ad60          4      0x10  SSL_Process.o [9]
  .rodata            const     0x801'ad70          4      0x10  SSL_Process.o [9]
  .rodata            const     0x801'ad80          4      0x10  SSL_Process.o [9]
  .rodata            const     0x801'ad90          4      0x10  SSL_Process.o [9]
  .rodata            const     0x801'ada0          4      0x10  SSL_Process.o [9]
  .text              ro code   0x801'adb0          4      0x10  startup_stm32g070xx.o [17]
  .rodata            const     0x801'adc0          4       0xc  GPS.o [8]
  .rodata            const     0x801'adcc          4       0xc  GSM_Utility.o [9]
  .rodata            const     0x801'add8          4       0xc  GSM_Utility.o [9]
  .rodata            const     0x801'ade4          4       0xc  GSM_Utility.o [9]
  .rodata            const     0x801'adf0          4       0xc  GSM_Utility.o [9]
  .rodata            const     0x801'adfc          4       0xc  GSM_Utility.o [9]
  .rodata            const     0x801'ae08          4       0xc  GSM_Utility.o [9]
  .rodata            const     0x801'ae14          4       0xc  GSM_Utility.o [9]
  .rodata            const     0x801'ae20          4       0xc  GSM_Utility.o [9]
  .rodata            const     0x801'ae2c          4       0xc  GSM_Utility.o [9]
  .rodata            const     0x801'ae38          4       0xc  GSM_Utility.o [9]
  .rodata            const     0x801'ae44          4       0xc  GSM_Utility.o [9]
  .rodata            const     0x801'ae50          4       0xc  GSM_Utility.o [9]
  .rodata            const     0x801'ae5c          4       0xc  GSM_Utility.o [9]
  .rodata            const     0x801'ae68          4       0xc  GSM_Utility.o [9]
  .rodata            const     0x801'ae74          4       0xc  GSM_Utility.o [9]
  .rodata            const     0x801'ae80          4       0xc  GSM_Utility.o [9]
  .rodata            const     0x801'ae8c          4       0xc  GSM_Utility.o [9]
  .rodata            const     0x801'ae98          4       0xc  GSM_Utility.o [9]
  .rodata            const     0x801'aea4          4       0xc  GSM_Utility.o [9]
  .rodata            const     0x801'aeb0          4       0xc  GSM_Utility.o [9]
  .rodata            const     0x801'aebc          4       0xc  GSM_Utility.o [9]
  .rodata            const     0x801'aec8          4       0xc  GSM_Utility.o [9]
  .rodata            const     0x801'aed4          4       0xc  GSM_Utility.o [9]
  .rodata            const     0x801'aee0          4       0xc  GSM_Utility.o [9]
  .rodata            const     0x801'aeec          4       0xc  GSM_Utility.o [9]
  .rodata            const     0x801'aef8          4       0xc  GSM_Utility.o [9]
  .rodata            const     0x801'af04          4       0xc  GSM_Utility.o [9]
  .rodata            const     0x801'af10          4       0xc  GSM_Utility.o [9]
  .rodata            const     0x801'af1c          4       0xc  GSM_Utility.o [9]
  .rodata            const     0x801'af28          4       0xc  GSM_Utility.o [9]
  .rodata            const     0x801'af34          4       0xc  GSM_Utility.o [9]
  .rodata            const     0x801'af40          4       0xc  GSM_Utility.o [9]
  .rodata            const     0x801'af4c          4       0xc  HTTP_Process.o [9]
  .rodata            const     0x801'af58          4       0xc  HTTP_Process.o [9]
  .rodata            const     0x801'af64          4       0xc  HTTP_Process.o [9]
  .rodata            const     0x801'af70          4       0xc  HTTP_Process.o [9]
  .rodata            const     0x801'af7c          4       0xc  HTTP_Process.o [9]
  .rodata            const     0x801'af88          4       0xc  HTTP_Process.o [9]
  .rodata            const     0x801'af94          4       0xc  HTTP_Process.o [9]
  .rodata            const     0x801'afa0          4       0xc  HTTP_Process.o [9]
  .rodata            const     0x801'afac          4       0xc  HTTP_Process.o [9]
  .rodata            const     0x801'afb8          4       0xc  HTTP_Process.o [9]
  .rodata            const     0x801'afc4          4       0xc  HTTP_Process.o [9]
  .rodata            const     0x801'afd0          4       0xc  HTTP_Process.o [9]
  .rodata            const     0x801'afdc          4       0xc  HTTP_Process.o [9]
  .rodata            const     0x801'afe8          4       0xc  HTTP_Process.o [9]
  .rodata            const     0x801'aff4          4       0xc  HTTP_Process.o [9]
  .rodata            const     0x801'b000          4       0xc  HTTP_Process.o [9]
  .rodata            const     0x801'b00c          4       0xc  HTTP_Process.o [9]
  .rodata            const     0x801'b018          4       0xc  HTTP_Process.o [9]
  .rodata            const     0x801'b024          4       0xc  HTTP_Process.o [9]
  .rodata            const     0x801'b030          4       0xc  HTTP_Process.o [9]
  .rodata            const     0x801'b03c          4       0xc  HTTP_Process.o [9]
  .rodata            const     0x801'b048          4       0xc  HTTP_Process.o [9]
  .rodata            const     0x801'b054          4       0xc  HTTP_Process.o [9]
  .rodata            const     0x801'b060          4       0xc  HTTP_Process.o [9]
  .rodata            const     0x801'b06c          4       0xc  HTTP_Process.o [9]
  .rodata            const     0x801'b078          4       0xc  HTTP_Process.o [9]
  .rodata            const     0x801'b084          4       0xc  HTTP_Process.o [9]
  .rodata            const     0x801'b090          4       0xc  HTTP_Process.o [9]
  .rodata            const     0x801'b09c          4       0xc  HTTP_Process.o [9]
  .rodata            const     0x801'b0a8          4       0xc  HTTP_Process.o [9]
  .rodata            const     0x801'b0b4          4       0xc  HTTP_Process.o [9]
  .rodata            const     0x801'b0c0          4       0xc  HTTP_Process.o [9]
  .rodata            const     0x801'b0cc          4       0xc  HTTP_Process.o [9]
  .rodata            const     0x801'b0d8          4       0xc  HTTP_Process.o [9]
  .rodata            const     0x801'b0e4          4       0xc  rsa.o [13]
  .rodata            const     0x801'b0f0          4       0xc  rsa.o [13]
  .rodata            const     0x801'b0fc          4       0xc  SMS_Process.o [9]
  .rodata            const     0x801'b108          4       0xc  SMS_Process.o [9]
  .rodata            const     0x801'b114          4       0xc  SMS_Process.o [9]
  .rodata            const     0x801'b120          4       0xc  SMS_Process.o [9]
  .rodata            const     0x801'b12c          4       0xc  SMS_Process.o [9]
  .rodata            const     0x801'b138          4       0xc  SMS_Process.o [9]
  .rodata            const     0x801'b144          4       0xc  SMS_Process.o [9]
  .rodata            const     0x801'b150          4       0xc  SMS_Process.o [9]
  .rodata            const     0x801'b15c          4       0xc  SMS_Process.o [9]
  .rodata            const     0x801'b168          4       0xc  SMS_Process.o [9]
  .rodata            const     0x801'b174          4       0xc  SMS_Process.o [9]
  .rodata            const     0x801'b180          4       0xc  SMS_Process.o [9]
  .rodata            const     0x801'b18c          4       0xc  SMS_Process.o [9]
  .rodata            const     0x801'b198          4       0xc  SMS_Process.o [9]
  .rodata            const     0x801'b1a4          4       0xc  SMS_Process.o [9]
  .rodata            const     0x801'b1b0          4       0xc  SMS_Process.o [9]
  .rodata            const     0x801'b1bc          4       0xc  SMS_Process.o [9]
  .rodata            const     0x801'b1c8          4       0xc  SMS_Process.o [9]
  .rodata            const     0x801'b1d4          4       0xc  SMS_Process.o [9]
  .rodata            const     0x801'b1e0          4       0xc  SSL_Process.o [9]
  .rodata            const     0x801'b1ec          4       0xc  SSL_Process.o [9]
  .rodata            const     0x801'b1f8          4       0xc  SSL_Process.o [9]
  .rodata            const     0x801'b204          4       0xc  SSL_Process.o [9]
  .rodata            const     0x801'b210          4       0xc  SSL_Process.o [9]
  .rodata            const     0x801'b21c          4       0xc  SSL_Process.o [9]
  .rodata            const     0x801'b228          4       0xc  SSL_Process.o [9]
  .rodata            const     0x801'b234          4       0xc  SSL_Process.o [9]
  .rodata            const     0x801'b240          4       0xc  SSL_Process.o [9]
  .rodata            const     0x801'b24c          4       0xc  SSL_Process.o [9]
  .rodata            const     0x801'b258          4       0xc  SSL_Process.o [9]
  .rodata            const     0x801'b264          4       0xc  SSL_Process.o [9]
  .rodata            const     0x801'b270          4       0xc  SSL_Process.o [9]
  .rodata            const     0x801'b27c          4       0xc  SSL_Process.o [9]
  .rodata            const     0x801'b288          4       0x8  GPS.o [8]
  .rodata            const     0x801'b290          4       0x8  GPS.o [8]
  .rodata            const     0x801'b298          4       0x8  GPS.o [8]
  .rodata            const     0x801'b2a0          4       0x8  GSM_Utility.o [9]
  .rodata            const     0x801'b2a8          4       0x8  GSM_Utility.o [9]
  .rodata            const     0x801'b2b0          4       0x8  GSM_Utility.o [9]
  .rodata            const     0x801'b2b8          4       0x8  GSM_Utility.o [9]
  .rodata            const     0x801'b2c0          4       0x8  GSM_Utility.o [9]
  .rodata            const     0x801'b2c8          4       0x8  GSM_Utility.o [9]
  .rodata            const     0x801'b2d0          4       0x8  GSM_Utility.o [9]
  .rodata            const     0x801'b2d8          4       0x8  GSM_Utility.o [9]
  .rodata            const     0x801'b2e0          4       0x8  GSM_Utility.o [9]
  .rodata            const     0x801'b2e8          4       0x8  GSM_Utility.o [9]
  .rodata            const     0x801'b2f0          4       0x8  GSM_Utility.o [9]
  .rodata            const     0x801'b2f8          4       0x8  GSM_Utility.o [9]
  .rodata            const     0x801'b300          4       0x8  GSM_Utility.o [9]
  .rodata            const     0x801'b308          4       0x8  GSM_Utility.o [9]
  .rodata            const     0x801'b310          4       0x8  GSM_Utility.o [9]
  .rodata            const     0x801'b318          4       0x8  GSM_Utility.o [9]
  .rodata            const     0x801'b320          4       0x8  GSM_Utility.o [9]
  .rodata            const     0x801'b328          4       0x8  GSM_Utility.o [9]
  .rodata            const     0x801'b330          4       0x8  GSM_Utility.o [9]
  .rodata            const     0x801'b338          4       0x8  GSM_Utility.o [9]
  .rodata            const     0x801'b340          4       0x8  HTTP_Process.o [9]
  .rodata            const     0x801'b348          4       0x8  HTTP_Process.o [9]
  .rodata            const     0x801'b350          4       0x8  HTTP_Process.o [9]
  .rodata            const     0x801'b358          4       0x8  HTTP_Process.o [9]
  .rodata            const     0x801'b360          4       0x8  HTTP_Process.o [9]
  .rodata            const     0x801'b368          4       0x8  HTTP_Process.o [9]
  .rodata            const     0x801'b370          4       0x8  HTTP_Process.o [9]
  .rodata            const     0x801'b378          4       0x8  HTTP_Process.o [9]
  .rodata            const     0x801'b380          4       0x8  HTTP_Process.o [9]
  .rodata            const     0x801'b388          4       0x8  HTTP_Process.o [9]
  .rodata            const     0x801'b390          4       0x8  HTTP_Process.o [9]
  .rodata            const     0x801'b398          4       0x8  HTTP_Process.o [9]
  .rodata            const     0x801'b3a0          4       0x8  HTTP_Process.o [9]
  .rodata            const     0x801'b3a8          4       0x8  HTTP_Process.o [9]
  .rodata            const     0x801'b3b0          4       0x8  HTTP_Process.o [9]
  .rodata            const     0x801'b3b8          4       0x8  SMS_Process.o [9]
  .rodata            const     0x801'b3c0          4       0x8  SMS_Process.o [9]
  .rodata            const     0x801'b3c8          4       0x8  SMS_Process.o [9]
  .rodata            const     0x801'b3d0          4       0x8  SMS_Process.o [9]
  .rodata            const     0x801'b3d8          4       0x8  SMS_Process.o [9]
  .rodata            const     0x801'b3e0          4       0x8  SMS_Process.o [9]
  .rodata            const     0x801'b3e8          4       0x8  SMS_Process.o [9]
  .rodata            const     0x801'b3f0          4       0x8  SMS_Process.o [9]
  .rodata            const     0x801'b3f8          4       0x8  SMS_Process.o [9]
  .rodata            const     0x801'b400          4       0x8  SMS_Process.o [9]
  .rodata            const     0x801'b408          4       0x8  SMS_Process.o [9]
  .rodata            const     0x801'b410          4       0x8  SMS_Process.o [9]
  .rodata            const     0x801'b418          4       0x8  SMS_Process.o [9]
  .rodata            const     0x801'b420          4       0x8  SMS_Process.o [9]
  .rodata            const     0x801'b428          4       0x8  SMS_Process.o [9]
  .rodata            const     0x801'b430          4       0x8  SMS_Process.o [9]
  .rodata            const     0x801'b438          4       0x8  SMS_Process.o [9]
  .rodata            const     0x801'b440          4       0x8  SMS_Process.o [9]
  .rodata            const     0x801'b448          4       0x8  SMS_Process.o [9]
  .rodata            const     0x801'b450          4       0x8  SMS_Process.o [9]
  .rodata            const     0x801'b458          4       0x8  SMS_Process.o [9]
  .rodata            const     0x801'b460          4       0x8  SMS_Process.o [9]
  .rodata            const     0x801'b468          4       0x8  SMS_Process.o [9]
  .rodata            const     0x801'b470          4       0x8  SMS_Process.o [9]
  .rodata            const     0x801'b478          4       0x8  SMS_Process.o [9]
  .rodata            const     0x801'b480          4       0x8  SMS_Process.o [9]
  .rodata            const     0x801'b488          4       0x8  SSL_Process.o [9]
  .rodata            const     0x801'b490          4       0x8  SSL_Process.o [9]
  .rodata            const     0x801'b498          4       0x8  SSL_Process.o [9]
  .rodata            const     0x801'b4a0          4       0x8  SSL_Process.o [9]
  .text              ro code   0x801'b4a8          4       0x2  system_stm32g0xx.o [17]
  .rodata            const     0x801'b4aa                  0x1  HTTP_Process.o [9]
  .rodata            const     0x801'b4ab                  0x1  SSL_Process.o [9]
  .rodata            const     0x801'b4ac                  0x0  zero_init3.o [21]
  .rodata            const     0x801'b4ac                  0x0  lz77_init_single.o [21]
  Initializer bytes  const     0x801'b4ac                0x275  <for P2-1>
                             - 0x801'b721             0x1'7669

"P3":                                                     0x10
  BOOT_Data          uninit   0x2000'0000          4       0x4  main.o [5]
  BOOT_Data          uninit   0x2000'0004          4       0x4  main.o [5]
  BOOT_Data          uninit   0x2000'0008          4       0x4  main.o [5]
  BOOT_Data          uninit   0x2000'000c          4       0x4  main.o [5]
                            - 0x2000'0010                 0x10

"P2", part 1 of 3:                                       0x307
  P2-1                        0x2000'0100                0x307  <Init block>
    .data            inited   0x2000'0100          4       0x8  Digital_IO.o [11]
    .data            inited   0x2000'0108          4       0x8  Digital_IO.o [11]
    .data            inited   0x2000'0110          4      0x18  GPS.o [8]
    .data            inited   0x2000'0128          4       0x4  HTTP_Process.o [9]
    .data            inited   0x2000'012c          4      0x58  HTTP_Process.o [9]
    .data            inited   0x2000'0184          4      0x58  HTTP_Process.o [9]
    .data            inited   0x2000'01dc          4      0x24  SMS_Process.o [9]
    .data            inited   0x2000'0200          4      0x24  SMS_Process.o [9]
    .data            inited   0x2000'0224          4      0xec  SSL_Process.o [9]
    .data            inited   0x2000'0310          4      0xec  SSL_Process.o [9]
    .data            inited   0x2000'03fc          4       0x4  system_stm32g0xx.o [17]
    .data            inited   0x2000'0400          2       0x2  GSM_Utility.o [9]
    .data            inited   0x2000'0402                  0x1  main.o [5]
    .data            inited   0x2000'0403                  0x1  sip_protocol.o [14]
    .data            inited   0x2000'0404                  0x1  sip_protocol.o [14]
    .data            inited   0x2000'0405                  0x1  sip_protocol.o [14]
    .data            inited   0x2000'0406                  0x1  System_Timers.o [18]
                            - 0x2000'0407                0x307

"P2", part 2 of 3:                                      0x1a60
  .bss               zero     0x2000'0408          4     0x9c4  HTTP_Process.o [9]
  .bss               zero     0x2000'0dcc          4     0x354  sip_protocol.o [14]
  .bss               zero     0x2000'1120          4     0x21c  Module_USART.o [9]
  .bss               zero     0x2000'133c          4     0x1e0  sip_protocol.o [14]
  .bss               zero     0x2000'151c          4     0x160  GPS_USART.o [8]
  .bss               zero     0x2000'167c          4     0x160  GSM_Utility.o [9]
  .bss               zero     0x2000'17dc          4     0x12c  SMS_Process.o [9]
  .bss               zero     0x2000'1908          4     0x10c  sip_protocol.o [14]
  .bss               zero     0x2000'1a14          4      0x80  SMS_Process.o [9]
  .bss               zero     0x2000'1a94          4      0x3c  HTTP_Process.o [9]
  .bss               zero     0x2000'1ad0          4      0x3c  sip_protocol.o [14]
  .bss               zero     0x2000'1b0c          4      0x2c  GPS.o [8]
  .bss               zero     0x2000'1b38          4      0x2c  xttotm64.o [19]
  .bss               zero     0x2000'1b64          4      0x28  SPIF.o [16]
  .bss               zero     0x2000'1b8c          4      0x24  GPS.o [8]
  .bss               zero     0x2000'1bb0          4      0x20  SMS_Process.o [9]
  .bss               zero     0x2000'1bd0          4      0x1c  KX023.o [2]
  .bss               zero     0x2000'1bec                 0x19  circular_buffer.o [14]
  .bss               zero     0x2000'1c05                 0x19  circular_buffer.o [14]
  .bss               zero     0x2000'1c1e          2       0x2  ADC_Config.o [1]
  .bss               zero     0x2000'1c20          4      0x18  ADC_Config.o [1]
  .bss               zero     0x2000'1c38          4      0x18  GPS.o [8]
  .bss               zero     0x2000'1c50          4      0x18  GPS.o [8]
  .bss               zero     0x2000'1c68          4      0x18  HTTP_Process.o [9]
  .bss               zero     0x2000'1c80          4      0x14  sip_protocol.o [14]
  .bss               zero     0x2000'1c94          4      0x10  circular_buffer.o [14]
  .bss               zero     0x2000'1ca4          4      0x10  sip_protocol.o [14]
  .bss               zero     0x2000'1cb4          4      0x10  system.o [14]
  .bss               zero     0x2000'1cc4          4       0xc  GSM_Utility.o [9]
  .bss               zero     0x2000'1cd0          8       0x8  GPS.o [8]
  .bss               zero     0x2000'1cd8          8       0x8  GPS.o [8]
  .bss               zero     0x2000'1ce0          4       0x8  sip_protocol.o [14]
  .bss               zero     0x2000'1ce8          8       0x8  sip_protocol.o [14]
  .bss               zero     0x2000'1cf0          8       0x8  sip_protocol.o [14]
  .bss               zero     0x2000'1cf8          4       0x8  heap0.o [19]
  .bss               zero     0x2000'1d00          4       0x4  ADC_Config.o [1]
  .bss               zero     0x2000'1d04          4       0x4  ADC_Config.o [1]
  .bss               zero     0x2000'1d08          4       0x4  Digital_IO.o [11]
  .bss               zero     0x2000'1d0c          4       0x4  Digital_IO.o [11]
  .bss               zero     0x2000'1d10          4       0x4  GPS.o [8]
  .bss               zero     0x2000'1d14          4       0x4  GPS.o [8]
  .bss               zero     0x2000'1d18          4       0x4  GPS.o [8]
  .bss               zero     0x2000'1d1c          4       0x4  GPS.o [8]
  .bss               zero     0x2000'1d20          4       0x4  GPS.o [8]
  .bss               zero     0x2000'1d24          4       0x4  GSM_Utility.o [9]
  .bss               zero     0x2000'1d28          4       0x4  GSM_Utility.o [9]
  .bss               zero     0x2000'1d2c          4       0x4  HTTP_Process.o [9]
  .bss               zero     0x2000'1d30          4       0x4  HTTP_Process.o [9]
  .bss               zero     0x2000'1d34          4       0x4  HTTP_Process.o [9]
  .bss               zero     0x2000'1d38          4       0x4  sip_protocol.o [14]
  .bss               zero     0x2000'1d3c          4       0x4  sip_protocol.o [14]
  .bss               zero     0x2000'1d40          4       0x4  sip_protocol.o [14]
  .bss               zero     0x2000'1d44          4       0x4  sip_protocol.o [14]
  .bss               zero     0x2000'1d48          4       0x4  sip_protocol.o [14]
  .bss               zero     0x2000'1d4c          4       0x4  sip_protocol.o [14]
  .bss               zero     0x2000'1d50          4       0x4  sip_protocol.o [14]
  .bss               zero     0x2000'1d54          4       0x4  sip_protocol.o [14]
  .bss               zero     0x2000'1d58          4       0x4  sip_protocol.o [14]
  .bss               zero     0x2000'1d5c          4       0x4  sip_protocol.o [14]
  .bss               zero     0x2000'1d60          4       0x4  sip_protocol.o [14]
  .bss               zero     0x2000'1d64          4       0x4  sip_protocol.o [14]
  .bss               zero     0x2000'1d68          4       0x4  sip_protocol.o [14]
  .bss               zero     0x2000'1d6c          4       0x4  sip_protocol.o [14]
  .bss               zero     0x2000'1d70          4       0x4  System_Timers.o [18]
  .bss               zero     0x2000'1d74          4       0x4  System_Utility.o [5]
  .bss               zero     0x2000'1d78          4       0x4  System_Utility.o [5]
  .bss               zero     0x2000'1d7c          4       0x4  xgetmemchunk.o [19]
  .bss               zero     0x2000'1d80          2       0x2  dev_attachment.o [2]
  .bss               zero     0x2000'1d82          2       0x2  dev_attachment.o [2]
  .bss               zero     0x2000'1d84          2       0x2  dev_attachment.o [2]
  .bss               zero     0x2000'1d86          2       0x2  dev_attachment.o [2]
  .bss               zero     0x2000'1d88          2       0x2  dev_attachment.o [2]
  .bss               zero     0x2000'1d8a          2       0x2  dev_attachment.o [2]
  .bss               zero     0x2000'1d8c          2       0x2  dev_attachment.o [2]
  .bss               zero     0x2000'1d8e          2       0x2  dev_attachment.o [2]
  .bss               zero     0x2000'1d90          2       0x2  dev_attachment.o [2]
  .bss               zero     0x2000'1d92          2       0x2  dev_attachment.o [2]
  .bss               zero     0x2000'1d94          2       0x2  dev_attachment.o [2]
  .bss               zero     0x2000'1d96          2       0x2  dev_attachment.o [2]
  .bss               zero     0x2000'1d98          2       0x2  dev_attachment.o [2]
  .bss               zero     0x2000'1d9a          2       0x2  dev_attachment.o [2]
  .bss               zero     0x2000'1d9c          2       0x2  dev_attachment.o [2]
  .bss               zero     0x2000'1d9e          2       0x2  dev_attachment.o [2]
  .bss               zero     0x2000'1da0          2       0x2  dev_attachment.o [2]
  .bss               zero     0x2000'1da2          2       0x2  dev_attachment.o [2]
  .bss               zero     0x2000'1da4          2       0x2  dev_attachment.o [2]
  .bss               zero     0x2000'1da6          2       0x2  Digital_IO.o [11]
  .bss               zero     0x2000'1da8          2       0x2  GPS.o [8]
  .bss               zero     0x2000'1daa          2       0x2  GPS.o [8]
  .bss               zero     0x2000'1dac          2       0x2  GPS.o [8]
  .bss               zero     0x2000'1dae          2       0x2  GPS.o [8]
  .bss               zero     0x2000'1db0          2       0x2  GPS.o [8]
  .bss               zero     0x2000'1db2          2       0x2  GPS_USART.o [8]
  .bss               zero     0x2000'1db4          2       0x2  GPS_USART.o [8]
  .bss               zero     0x2000'1db6          2       0x2  GPS_USART.o [8]
  .bss               zero     0x2000'1db8          2       0x2  GSM_Utility.o [9]
  .bss               zero     0x2000'1dba          2       0x2  GSM_Utility.o [9]
  .bss               zero     0x2000'1dbc          2       0x2  GSM_Utility.o [9]
  .bss               zero     0x2000'1dbe          2       0x2  HTTP_Process.o [9]
  .bss               zero     0x2000'1dc0          2       0x2  HTTP_Process.o [9]
  .bss               zero     0x2000'1dc2          2       0x2  HTTP_Process.o [9]
  .bss               zero     0x2000'1dc4          2       0x2  Module_USART.o [9]
  .bss               zero     0x2000'1dc6          2       0x2  Module_USART.o [9]
  .bss               zero     0x2000'1dc8          2       0x2  Module_USART.o [9]
  .bss               zero     0x2000'1dca          2       0x2  sip_protocol.o [14]
  .bss               zero     0x2000'1dcc          2       0x2  sip_protocol.o [14]
  .bss               zero     0x2000'1dce          2       0x2  sip_protocol.o [14]
  .bss               zero     0x2000'1dd0          2       0x2  sip_protocol.o [14]
  .bss               zero     0x2000'1dd2          2       0x2  sip_protocol.o [14]
  .bss               zero     0x2000'1dd4          2       0x2  sip_protocol.o [14]
  .bss               zero     0x2000'1dd6          2       0x2  sip_protocol.o [14]
  .bss               zero     0x2000'1dd8          2       0x2  sip_protocol.o [14]
  .bss               zero     0x2000'1dda          2       0x2  sip_protocol.o [14]
  .bss               zero     0x2000'1ddc          2       0x2  sip_protocol.o [14]
  .bss               zero     0x2000'1dde          2       0x2  sip_protocol.o [14]
  .bss               zero     0x2000'1de0          2       0x2  sip_protocol.o [14]
  .bss               zero     0x2000'1de2          2       0x2  SMS_Process.o [9]
  .bss               zero     0x2000'1de4          2       0x2  SPIF.o [16]
  .bss               zero     0x2000'1de6          2       0x2  SPIF_spi.o [16]
  .bss               zero     0x2000'1de8          2       0x2  system.o [14]
  .bss               zero     0x2000'1dea          2       0x2  System_Utility.o [5]
  .bss               zero     0x2000'1dec                  0x1  ADC_Config.o [1]
  .bss               zero     0x2000'1ded                  0x1  dev_attachment.o [2]
  .bss               zero     0x2000'1dee                  0x1  dev_attachment.o [2]
  .bss               zero     0x2000'1def                  0x1  dev_attachment.o [2]
  .bss               zero     0x2000'1df0                  0x1  dev_attachment.o [2]
  .bss               zero     0x2000'1df1                  0x1  dev_attachment.o [2]
  .bss               zero     0x2000'1df2                  0x1  dev_attachment.o [2]
  .bss               zero     0x2000'1df3                  0x1  dev_attachment.o [2]
  .bss               zero     0x2000'1df4                  0x1  dev_attachment.o [2]
  .bss               zero     0x2000'1df5                  0x1  dev_attachment.o [2]
  .bss               zero     0x2000'1df6                  0x1  dev_attachment.o [2]
  .bss               zero     0x2000'1df7                  0x1  dev_attachment.o [2]
  .bss               zero     0x2000'1df8                  0x1  dev_attachment.o [2]
  .bss               zero     0x2000'1df9                  0x1  dev_attachment.o [2]
  .bss               zero     0x2000'1dfa                  0x1  dev_attachment.o [2]
  .bss               zero     0x2000'1dfb                  0x1  dev_attachment.o [2]
  .bss               zero     0x2000'1dfc                  0x1  dev_attachment.o [2]
  .bss               zero     0x2000'1dfd                  0x1  dev_attachment.o [2]
  .bss               zero     0x2000'1dfe                  0x1  dev_attachment.o [2]
  .bss               zero     0x2000'1dff                  0x1  dev_attachment.o [2]
  .bss               zero     0x2000'1e00                  0x1  dev_attachment.o [2]
  .bss               zero     0x2000'1e01                  0x1  Digital_IO.o [11]
  .bss               zero     0x2000'1e02                  0x1  Digital_IO.o [11]
  .bss               zero     0x2000'1e03                  0x1  GPS.o [8]
  .bss               zero     0x2000'1e04                  0x1  GPS.o [8]
  .bss               zero     0x2000'1e05                  0x1  GPS.o [8]
  .bss               zero     0x2000'1e06                  0x1  GPS.o [8]
  .bss               zero     0x2000'1e07                  0x1  GPS.o [8]
  .bss               zero     0x2000'1e08                  0x1  GPS.o [8]
  .bss               zero     0x2000'1e09                  0x1  GPS.o [8]
  .bss               zero     0x2000'1e0a                  0x1  GPS.o [8]
  .bss               zero     0x2000'1e0b                  0x1  GPS.o [8]
  .bss               zero     0x2000'1e0c                  0x1  GPS.o [8]
  .bss               zero     0x2000'1e0d                  0x1  GPS.o [8]
  .bss               zero     0x2000'1e0e                  0x1  GPS.o [8]
  .bss               zero     0x2000'1e0f                  0x1  GSM_Utility.o [9]
  .bss               zero     0x2000'1e10                  0x1  GSM_Utility.o [9]
  .bss               zero     0x2000'1e11                  0x1  GSM_Utility.o [9]
  .bss               zero     0x2000'1e12                  0x1  HTTP_Process.o [9]
  .bss               zero     0x2000'1e13                  0x1  HTTP_Process.o [9]
  .bss               zero     0x2000'1e14                  0x1  HTTP_Process.o [9]
  .bss               zero     0x2000'1e15                  0x1  HTTP_Process.o [9]
  .bss               zero     0x2000'1e16                  0x1  HTTP_Process.o [9]
  .bss               zero     0x2000'1e17                  0x1  HTTP_Process.o [9]
  .bss               zero     0x2000'1e18                  0x1  LEDs.o [18]
  .bss               zero     0x2000'1e19                  0x1  LEDs.o [18]
  .bss               zero     0x2000'1e1a                  0x1  LEDs.o [18]
  .bss               zero     0x2000'1e1b                  0x1  LEDs.o [18]
  .bss               zero     0x2000'1e1c                  0x1  LEDs.o [18]
  .bss               zero     0x2000'1e1d                  0x1  LEDs.o [18]
  .bss               zero     0x2000'1e1e                  0x1  LEDs.o [18]
  .bss               zero     0x2000'1e1f                  0x1  LEDs.o [18]
  .bss               zero     0x2000'1e20                  0x1  LEDs.o [18]
  .bss               zero     0x2000'1e21                  0x1  LEDs.o [18]
  .bss               zero     0x2000'1e22                  0x1  LEDs.o [18]
  .bss               zero     0x2000'1e23                  0x1  LEDs.o [18]
  .bss               zero     0x2000'1e24                  0x1  LEDs.o [18]
  .bss               zero     0x2000'1e25                  0x1  LEDs.o [18]
  .bss               zero     0x2000'1e26                  0x1  LEDs.o [18]
  .bss               zero     0x2000'1e27                  0x1  main.o [5]
  .bss               zero     0x2000'1e28                  0x1  sip_protocol.o [14]
  .bss               zero     0x2000'1e29                  0x1  sip_protocol.o [14]
  .bss               zero     0x2000'1e2a                  0x1  sip_protocol.o [14]
  .bss               zero     0x2000'1e2b                  0x1  sip_protocol.o [14]
  .bss               zero     0x2000'1e2c                  0x1  sip_protocol.o [14]
  .bss               zero     0x2000'1e2d                  0x1  sip_protocol.o [14]
  .bss               zero     0x2000'1e2e                  0x1  sip_protocol.o [14]
  .bss               zero     0x2000'1e2f                  0x1  sip_protocol.o [14]
  .bss               zero     0x2000'1e30                  0x1  sip_protocol.o [14]
  .bss               zero     0x2000'1e31                  0x1  sip_protocol.o [14]
  .bss               zero     0x2000'1e32                  0x1  sip_protocol.o [14]
  .bss               zero     0x2000'1e33                  0x1  sip_protocol.o [14]
  .bss               zero     0x2000'1e34                  0x1  sip_protocol.o [14]
  .bss               zero     0x2000'1e35                  0x1  sip_protocol.o [14]
  .bss               zero     0x2000'1e36                  0x1  sip_protocol.o [14]
  .bss               zero     0x2000'1e37                  0x1  sip_protocol.o [14]
  .bss               zero     0x2000'1e38                  0x1  sip_protocol.o [14]
  .bss               zero     0x2000'1e39                  0x1  sip_protocol.o [14]
  .bss               zero     0x2000'1e3a                  0x1  sip_protocol.o [14]
  .bss               zero     0x2000'1e3b                  0x1  sip_protocol.o [14]
  .bss               zero     0x2000'1e3c                  0x1  sip_protocol.o [14]
  .bss               zero     0x2000'1e3d                  0x1  sip_protocol.o [14]
  .bss               zero     0x2000'1e3e                  0x1  sip_protocol.o [14]
  .bss               zero     0x2000'1e3f                  0x1  sip_protocol.o [14]
  .bss               zero     0x2000'1e40                  0x1  sip_protocol.o [14]
  .bss               zero     0x2000'1e41                  0x1  sip_protocol.o [14]
  .bss               zero     0x2000'1e42                  0x1  sip_protocol.o [14]
  .bss               zero     0x2000'1e43                  0x1  sip_protocol.o [14]
  .bss               zero     0x2000'1e44                  0x1  sip_protocol.o [14]
  .bss               zero     0x2000'1e45                  0x1  sip_protocol.o [14]
  .bss               zero     0x2000'1e46                  0x1  sip_protocol.o [14]
  .bss               zero     0x2000'1e47                  0x1  sip_protocol.o [14]
  .bss               zero     0x2000'1e48                  0x1  sip_protocol.o [14]
  .bss               zero     0x2000'1e49                  0x1  sip_protocol.o [14]
  .bss               zero     0x2000'1e4a                  0x1  sip_protocol.o [14]
  .bss               zero     0x2000'1e4b                  0x1  sip_protocol.o [14]
  .bss               zero     0x2000'1e4c                  0x1  sip_protocol.o [14]
  .bss               zero     0x2000'1e4d                  0x1  sip_protocol.o [14]
  .bss               zero     0x2000'1e4e                  0x1  sip_protocol.o [14]
  .bss               zero     0x2000'1e4f                  0x1  sip_protocol.o [14]
  .bss               zero     0x2000'1e50                  0x1  sip_protocol.o [14]
  .bss               zero     0x2000'1e51                  0x1  sip_protocol.o [14]
  .bss               zero     0x2000'1e52                  0x1  sip_protocol.o [14]
  .bss               zero     0x2000'1e53                  0x1  sip_protocol.o [14]
  .bss               zero     0x2000'1e54                  0x1  sip_protocol.o [14]
  .bss               zero     0x2000'1e55                  0x1  SMS_Process.o [9]
  .bss               zero     0x2000'1e56                  0x1  SMS_Process.o [9]
  .bss               zero     0x2000'1e57                  0x1  SMS_Process.o [9]
  .bss               zero     0x2000'1e58                  0x1  SMS_Process.o [9]
  .bss               zero     0x2000'1e59                  0x1  SMS_Process.o [9]
  .bss               zero     0x2000'1e5a                  0x1  SMS_Process.o [9]
  .bss               zero     0x2000'1e5b                  0x1  SMS_Process.o [9]
  .bss               zero     0x2000'1e5c                  0x1  SMS_Process.o [9]
  .bss               zero     0x2000'1e5d                  0x1  SSL_Process.o [9]
  .bss               zero     0x2000'1e5e                  0x1  SSL_Process.o [9]
  .bss               zero     0x2000'1e5f                  0x1  system.o [14]
  .bss               zero     0x2000'1e60                  0x1  system.o [14]
  .bss               zero     0x2000'1e61                  0x1  system.o [14]
  .bss               zero     0x2000'1e62                  0x1  system.o [14]
  .bss               zero     0x2000'1e63                  0x1  system.o [14]
  .bss               zero     0x2000'1e64                  0x1  System_Timers.o [18]
  .bss               zero     0x2000'1e65                  0x1  System_Utility.o [5]
                            - 0x2000'1e66               0x1a5e

"P2", part 3 of 3:                                      0x4e00
  CSTACK                      0x2000'1e68          8    0x2600  <Block>
    CSTACK           uninit   0x2000'1e68               0x2600  <Block tail>
  HEAP                        0x2000'4468          8    0x2800  <Block>
    HEAP             uninit   0x2000'4468               0x2800  <Block tail>
                            - 0x2000'6c68               0x4e00

Unused ranges:

         From           To    Size
         ----           --    ----
   0x801'b721   0x801'ffff  0x48df
  0x2000'0010  0x2000'00ff    0xf0
  0x2000'0407  0x2000'0407     0x1
  0x2000'6c68  0x2000'8fff  0x2398


*******************************************************************************
*** INIT TABLE
***

          Address      Size
          -------      ----
Zero (__iar_zero_init3)
    1 destination range, total size 0x1a5e:
          0x2000'0408  0x1a5e

Copy/lz77 (__iar_lz77_init_single3)
    1 source range, total size 0x275 (81% of destination):
           0x801'b4ac   0x275
    1 destination range, total size 0x307:
          0x2000'0100   0x307



*******************************************************************************
*** MODULE SUMMARY
***

    Module                 ro code  ro data  rw data
    ------                 -------  -------  -------
command line/config:
    ------------------------------------------------
    Total:

D:\PROGRAM\Sipaad_S500_Main_code_250426\Application\EWARM\Debug\Obj\A2D_14972411234166948354.dir: [1]
    ADC_Config.o             1'000                35
    ------------------------------------------------
    Total:                   1'000                35

D:\PROGRAM\Sipaad_S500_Main_code_250426\Application\EWARM\Debug\Obj\Accelerometer_5802565934898969246.dir: [2]
    KX023.o                  1'048                28
    accel_i2c.o              1'468
    dev_attachment.o         2'960                58
    ------------------------------------------------
    Total:                   5'476                86

D:\PROGRAM\Sipaad_S500_Main_code_250426\Application\EWARM\Debug\Obj\Certificate_4819519691248422992.dir: [3]
    pem_import.o             1'466      304
    ------------------------------------------------
    Total:                   1'466      304

D:\PROGRAM\Sipaad_S500_Main_code_250426\Application\EWARM\Debug\Obj\Common_388439453444075512.dir: [4]
    os_port_none.o              40       60
    ------------------------------------------------
    Total:                      40       60

D:\PROGRAM\Sipaad_S500_Main_code_250426\Application\EWARM\Debug\Obj\EWARM_14282830314136953809.dir: [5]
    System_Interrupts.o        356
    System_Utility.o         1'772       20       11
    general_functions.o        396
    main.o                      48        1       18
    ------------------------------------------------
    Total:                   2'572       21       29

D:\PROGRAM\Sipaad_S500_Main_code_250426\Application\EWARM\Debug\Obj\Encoding_17640052530797874392.dir: [6]
    asn1.o                     376
    base64.o                   204      128
    oid.o                       66
    ------------------------------------------------
    Total:                     646      128

D:\PROGRAM\Sipaad_S500_Main_code_250426\Application\EWARM\Debug\Obj\Flash_3222999600733985888.dir: [7]
    Flash.o                    944
    ------------------------------------------------
    Total:                     944

D:\PROGRAM\Sipaad_S500_Main_code_250426\Application\EWARM\Debug\Obj\GPS_13805737646085544899.dir: [8]
    GPS.o                    7'272      264      210
    GPS_USART.o                648               358
    ------------------------------------------------
    Total:                   7'920      264      568

D:\PROGRAM\Sipaad_S500_Main_code_250426\Application\EWARM\Debug\Obj\GSM_14571738266252155766.dir: [9]
    GSM_BT.o                    32       44
    GSM_Utility.o            5'956      837      383
    HTTP_Process.o          14'416    1'579    2'788
    Module_USART.o             628               546
    SMS_Process.o            6'564      826      542
    SSL_Process.o            5'460    1'661      474
    ------------------------------------------------
    Total:                  33'056    4'947    4'733

D:\PROGRAM\Sipaad_S500_Main_code_250426\Application\EWARM\Debug\Obj\Hash_7788234830195085610.dir: [10]
    md5.o                    2'118      320
    ------------------------------------------------
    Total:                   2'118      320

D:\PROGRAM\Sipaad_S500_Main_code_250426\Application\EWARM\Debug\Obj\IOs_17766050923318551339.dir: [11]
    Digital_IO.o               780       12       28
    ------------------------------------------------
    Total:                     780       12       28

D:\PROGRAM\Sipaad_S500_Main_code_250426\Application\EWARM\Debug\Obj\MPI_4282649160496547225.dir: [12]
    mpi.o                    4'542
    ------------------------------------------------
    Total:                   4'542

D:\PROGRAM\Sipaad_S500_Main_code_250426\Application\EWARM\Debug\Obj\PKC_17023933510945847088.dir: [13]
    rsa.o                    1'032      280
    ------------------------------------------------
    Total:                   1'032      280

D:\PROGRAM\Sipaad_S500_Main_code_250426\Application\EWARM\Debug\Obj\Protocol_10540556707541943501.dir: [14]
    circular_buffer.o        2'564                66
    sip_protocol.o           8'732       79    1'848
    system.o                   624                23
    ------------------------------------------------
    Total:                  11'920       79    1'937

D:\PROGRAM\Sipaad_S500_Main_code_250426\Application\EWARM\Debug\Obj\RSA_7683435025872950055.dir: [15]
    RSA_Cryptographic.o         84
    ------------------------------------------------
    Total:                      84

D:\PROGRAM\Sipaad_S500_Main_code_250426\Application\EWARM\Debug\Obj\SPIF_2069707202072327316.dir: [16]
    SPIF.o                     960                42
    SPIF_Driver.o            1'160
    SPIF_spi.o               1'128                 2
    ------------------------------------------------
    Total:                   3'248                44

D:\PROGRAM\Sipaad_S500_Main_code_250426\Application\EWARM\Debug\Obj\System_14878279498866883008.dir: [17]
    startup_stm32g070xx.o      244
    system_stm32g0xx.o           2        3        4
    ------------------------------------------------
    Total:                     246        3        4

D:\PROGRAM\Sipaad_S500_Main_code_250426\Application\EWARM\Debug\Obj\Timers_7884078857485784167.dir: [18]
    LEDs.o                   3'216                15
    System_Timers.o          2'392        1        6
    ------------------------------------------------
    Total:                   5'608        1       21

dl6M_tlf.a: [19]
    abs.o                        8
    exit.o                       8
    heap0.o                    320                 8
    heaptramp0.o                 8
    localtim64.o                30
    low_level_init.o             4
    strstr.o                    46
    xDaysTo64.o                204
    xTzoff_nop.o                 4
    xgetmemchunk.o              44                 4
    xisdst_nop64.o               6
    xttotm64.o                 392                44
    ------------------------------------------------
    Total:                   1'074                56

m6M_tl.a: [20]
    DblAddSub.o                436
    DblCmpLe.o                  50
    DblDiv.o                   194
    DblMul.o                   388
    DblToFlt.o                  98
    DblToI32.o                  82
    FltAddSub.o                288
    FltCmpGe.o                  40
    FltCmpLe.o                  38
    FltDiv.o                   164
    FltMul.o                   176
    FltToDbl.o                  50
    FltToS32.o                  58
    FltToU32.o                  38
    IxxToDbl.o                  52
    IxxToFlt.o                  94
    atan2_64.o                 424
    cos_sin64.o              1'100
    iar_Atan64.o               552       64
    sqrt.o                     192
    ------------------------------------------------
    Total:                   4'514       64

rt6M_tl.a: [21]
    ABImemcpy.o                 78
    ABImemset.o                 78
    I32DivModFast.o            224
    I64DivMod.o                186
    I64DivZer.o                  2
    I64Mul.o                    50
    IntDivZer.o                  2
    XXexit.o                    12
    cexit.o                      4
    cexit_2.o                   10
    cmain.o                     34
    cstartup_M.o                28
    data_init.o                 40
    lz77_init_single.o         128
    memcmp.o                    30
    strchr.o                    18
    strcmp.o                   192
    strlen.o                    14
    uread4.o                    22
    uwrite4.o                   20
    zero_init3.o                60
    ------------------------------------------------
    Total:                   1'232

    Linker created                       32   19'968
----------------------------------------------------
    Grand Total:            89'518    6'515   27'509


*******************************************************************************
*** ENTRY LIST
***

Entry                       Address   Size  Type      Object
-----                       -------   ----  ----      ------
.iar.init_table$$Base    0x801'a2fc          --   Gb  - Linker created -
.iar.init_table$$Limit   0x801'a31c          --   Gb  - Linker created -
?main                    0x801'a2b1         Code  Gb  cmain.o [21]
ADC1_IRQHandler          0x801'64f7         Code  Wk  startup_stm32g070xx.o [17]
ADC_Config               0x801'5e91  0x174  Code  Gb  ADC_Config.o [1]
ADC_Values              0x2000'1c20   0x18  Data  Gb  ADC_Config.o [1]
ADC_calculate_average    0x801'60ad  0x150  Code  Gb  ADC_Config.o [1]
AVL_Handle_Tasks         0x800'a869  0x394  Code  Gb  sip_protocol.o [14]
AVL_Initiate_Setting     0x800'8aa5  0x12a  Code  Gb  sip_protocol.o [14]
AVL_check_setting_values
                         0x800'8bcf   0x6c  Code  Gb  sip_protocol.o [14]
Accel_I2C_config         0x801'564d   0x9e  Code  Gb  accel_i2c.o [2]
Accel_Recovery_I2C       0x801'0ca1   0x44  Code  Gb  KX023.o [2]
Accel_movement_check     0x801'91e5  0x1d6  Code  Gb  dev_attachment.o [2]
Accel_read_byte          0x801'5769  0x186  Code  Gb  accel_i2c.o [2]
Accel_read_nbytes        0x801'5939  0x1a4  Code  Gb  accel_i2c.o [2]
Accel_write_byte         0x801'5ae5  0x106  Code  Gb  accel_i2c.o [2]
Aldata                  0x2000'1cf8    0x8  Data  Lc  heap0.o [19]
BT_Enable                0x801'6335    0xc  Code  Gb  GSM_BT.o [9]
BT_Set_BT_Name           0x801'6341    0xc  Code  Gb  GSM_BT.o [9]
Base_sample_axis        0x2000'1d98    0x2  Data  Gb  dev_attachment.o [2]
Big_endian_data          0x800'a4e7   0x2a  Code  Gb  sip_protocol.o [14]
Bootloader_Password     0x2000'0000    0x4  Data  Gb  main.o [5]
Bootloader_release_date
                        0x2000'0004    0x4  Data  Gb  main.o [5]
CRC16_CCITT              0x800'a511   0x3a  Code  Gb  sip_protocol.o [14]
CSTACK$$Base            0x2000'1e68          --   Gb  - Linker created -
CSTACK$$Limit           0x2000'4468          --   Gb  - Linker created -
Calibration_factor      0x2000'1c1e    0x2  Data  Gb  ADC_Config.o [1]
Car_is_turn_off_for_more_than_4_sec
                        0x2000'1dff    0x1  Data  Gb  dev_attachment.o [2]
Check_data_for_half_SEC
                         0x801'8bb9  0x608  Code  Gb  dev_attachment.o [2]
Check_disable_record_production
                         0x800'8d05   0x1e  Code  Gb  sip_protocol.o [14]
Count_of_pre_detached_occure
                        0x2000'1d96    0x2  Data  Gb  dev_attachment.o [2]
Current_ODO_Speed_KMh   0x2000'1d48    0x4  Data  Gb  sip_protocol.o [14]
DMA1_Ch4_7_DMAMUX1_OVR_IRQHandler
                         0x801'635b         Code  Wk  startup_stm32g070xx.o [17]
DMA1_Channel1_IRQHandler
                         0x801'08eb         Code  Wk  startup_stm32g070xx.o [17]
DMA1_Channel2_3_IRQHandler
                         0x801'6333         Code  Wk  startup_stm32g070xx.o [17]
DMA_Config_for_ADC       0x801'6005   0x76  Code  Gb  ADC_Config.o [1]
Delay                    0x800'b30b    0xe  Code  Gb  System_Utility.o [5]
Device_detached_Flag    0x2000'1df3    0x1  Data  Gb  dev_attachment.o [2]
Device_detached_G_Occur_counter
                        0x2000'1df2    0x1  Data  Gb  dev_attachment.o [2]
Device_detached_G_Occur_counter2
                        0x2000'1dfa    0x1  Data  Gb  dev_attachment.o [2]
[...]
change_record_production
                        0x2000'1e2b    0x1  Data  Gb  sip_protocol.o [14]
check_location_jump     0x2000'1e05    0x1  Data  Gb  GPS.o [8]
check_server_certificates_and_fwu
                        0x2000'1e4b    0x1  Data  Gb  sip_protocol.o [14]
check_server_ok_after_gps_fix
                        0x2000'1e49    0x1  Data  Gb  sip_protocol.o [14]
check_startup_server_ok
                         0x800'8c3b   0x50  Code  Gb  sip_protocol.o [14]
check_updating_timeunix
                        0x2000'1e09    0x1  Data  Gb  GPS.o [8]
check_vehicle_idle      0x2000'1e46    0x1  Data  Gb  sip_protocol.o [14]
compareArray             0x800'd863   0x1e  Code  Gb  general_functions.o [5]
convert_char_to_int      0x800'b531    0x6  Code  Gb  GSM_Utility.o [9]
convert_int_to_char      0x800'b537    0x6  Code  Gb  GSM_Utility.o [9]
cos                      0x801'85b1    0xa  Code  Gb  cos_sin64.o [20]
cosl                     0x801'85b1    0xa  Code  Gb  cos_sin64.o [20]
create_normal_event     0x2000'1e29    0x1  Data  Gb  sip_protocol.o [14]
create_normal_event_counter
                        0x2000'1d3c    0x4  Data  Gb  sip_protocol.o [14]
crystal_is_failed       0x2000'1e65    0x1  Data  Gb  System_Utility.o [5]
current_sms_index       0x2000'1e57    0x1  Data  Gb  SMS_Process.o [9]
data_packet             0x2000'0dcc  0x354  Data  Gb  sip_protocol.o [14]
data_packet_length      0x2000'1dd0    0x2  Data  Gb  sip_protocol.o [14]
data_send_rate_counter  0x2000'1d40    0x4  Data  Gb  sip_protocol.o [14]
debug_mode              0x2000'1e54    0x1  Data  Gb  sip_protocol.o [14]
debug_mode_counter      0x2000'1dda    0x2  Data  Gb  sip_protocol.o [14]
decrypt_server_response
                         0x800'fc3b   0x38  Code  Gb  RSA_Cryptographic.o [15]
device_has_speed        0x2000'1e07    0x1  Data  Gb  GPS.o [8]
disable_accel_timer     0x2000'0406    0x1  Data  Gb  System_Timers.o [18]
disable_any_gsm_activity
                        0x2000'1e10    0x1  Data  Gb  GSM_Utility.o [9]
disable_http_pdp        0x2000'1e17    0x1  Data  Gb  HTTP_Process.o [9]
emePkcs1v15Decode        0x800'ffe3   0x9a  Code  Gb  rsa.o [13]
enable_disable_record_production
                        0x2000'1e2c    0x1  Data  Gb  sip_protocol.o [14]
enable_http_process     0x2000'1e12    0x1  Data  Gb  HTTP_Process.o [9]
enable_send_data_to_sipaad
                        0x2000'1e2d    0x1  Data  Gb  sip_protocol.o [14]
exit                     0x801'a2d7    0x8  Code  Gb  exit.o [19]
file_header_is_read     0x2000'1e51    0x1  Data  Gb  sip_protocol.o [14]
firmware_base_address   0x2000'1d68    0x4  Data  Gb  sip_protocol.o [14]
firmware_chunk_index    0x2000'1dd8    0x2  Data  Gb  sip_protocol.o [14]
firmware_chunk_size     0x2000'1dd6    0x2  Data  Gb  sip_protocol.o [14]
firmware_downloaded_size
                        0x2000'1d6c    0x4  Data  Gb  sip_protocol.o [14]
firmware_downloading_process
                        0x2000'1e52    0x1  Data  Gb  sip_protocol.o [14]
force_create_event      0x2000'1e2a    0x1  Data  Gb  sip_protocol.o [14]
fota_file_version       0x2000'1d64    0x4  Data  Gb  sip_protocol.o [14]
free                     0x801'7841    0x8  Code  Gb  heaptramp0.o [19]
get_n_number_from_till   0x801'1355   0x7e  Code  Gb  GPS.o [8]
gps_activity            0x2000'1e0c    0x1  Data  Gb  GPS.o [8]
gps_enter_sleep         0x2000'1e0a    0x1  Data  Gb  GPS.o [8]
gps_exit_sleep          0x2000'1e0b    0x1  Data  Gb  GPS.o [8]
gps_is_fixed_for_first_time
                        0x2000'1e06    0x1  Data  Gb  GPS.o [8]
gps_jump_count          0x2000'1de0    0x2  Data  Gb  sip_protocol.o [14]
gps_led_counter         0x2000'1e1c    0x1  Data  Gb  LEDs.o [18]
gps_led_pulse_count     0x2000'1e1f    0x1  Data  Gb  LEDs.o [18]
gps_led_pulse_mode      0x2000'1e19    0x1  Data  Gb  LEDs.o [18]
gps_led_state           0x2000'1e22    0x1  Data  Gb  LEDs.o [18]
gps_led_twice_counter   0x2000'1e25    0x1  Data  Gb  LEDs.o [18]
gps_notfix_event_counter
                        0x2000'1e35    0x1  Data  Gb  sip_protocol.o [14]
gsm_led_counter         0x2000'1e1b    0x1  Data  Gb  LEDs.o [18]
gsm_led_pulse_count     0x2000'1e1e    0x1  Data  Gb  LEDs.o [18]
gsm_led_pulse_mode      0x2000'1e18    0x1  Data  Gb  LEDs.o [18]
gsm_led_state           0x2000'1e21    0x1  Data  Gb  LEDs.o [18]
gsm_led_twice_counter   0x2000'1e24    0x1  Data  Gb  LEDs.o [18]
gsm_power_status        0x2000'1e39    0x1  Data  Gb  sip_protocol.o [14]
gsm_pt_timeout          0x2000'1d24    0x4  Data  Gb  GSM_Utility.o [9]
gsm_sr_timeout          0x2000'1d28    0x4  Data  Gb  GSM_Utility.o [9]
halt_event_production_counter
                        0x2000'0403    0x1  Data  Gb  sip_protocol.o [14]
halt_http_process       0x2000'1e14    0x1  Data  Gb  HTTP_Process.o [9]
halt_http_process_counter
                        0x2000'1dbe    0x2  Data  Gb  HTTP_Process.o [9]
http_SPIF_Cert_wr_index
                        0x2000'0128    0x4  Data  Gb  HTTP_Process.o [9]
http_SPIF_Fwr_wr_index  0x2000'1d34    0x4  Data  Gb  HTTP_Process.o [9]
http_firmware_upgrade_ready
                        0x2000'1e16    0x1  Data  Gb  HTTP_Process.o [9]
http_has_request        0x2000'1e13    0x1  Data  Gb  HTTP_Process.o [9]
http_stage_TO_CME_Error
                         0x801'a5f0   0x18  Data  Gb  HTTP_Process.o [9]
http_stage_max_num_of_retries
                         0x801'a5c0   0x18  Data  Gb  HTTP_Process.o [9]
http_stage_retries_redirect
                         0x801'a5d8   0x18  Data  Gb  HTTP_Process.o [9]
http_stage_timeout       0x801'a5a8   0x18  Data  Gb  HTTP_Process.o [9]
idle_started_counter    0x2000'1dd2    0x2  Data  Gb  sip_protocol.o [14]
ignition_changed        0x2000'1e01    0x1  Data  Gb  Digital_IO.o [11]
k                        0x801'9c20  0x100  Data  Lc  md5.o [10]
keep_GSM_module_awake   0x2000'0405    0x1  Data  Gb  sip_protocol.o [14]
last_PPS_time_unix      0x2000'1d20    0x4  Data  Gb  GPS.o [8]
last_record_COG         0x2000'1dac    0x2  Data  Gb  GPS.o [8]
last_record_latitude    0x2000'1d18    0x4  Data  Gb  GPS.o [8]
last_record_longitude   0x2000'1d1c    0x4  Data  Gb  GPS.o [8]
last_record_unixtime    0x2000'1d58    0x4  Data  Gb  sip_protocol.o [14]
last_sipaad_logined_unixtime
                        0x2000'1d60    0x4  Data  Gb  sip_protocol.o [14]
last_valid_COG          0x2000'1daa    0x2  Data  Gb  GPS.o [8]
last_valid_altitude     0x2000'1da8    0x2  Data  Gb  GPS.o [8]
last_valid_latitude     0x2000'1d10    0x4  Data  Gb  GPS.o [8]
last_valid_longitude    0x2000'1d14    0x4  Data  Gb  GPS.o [8]
line_buffer_counter     0x2000'1dba    0x2  Data  Gb  GSM_Utility.o [9]
line_buffer_rd_index    0x2000'1db8    0x2  Data  Gb  GSM_Utility.o [9]
lmos                     0x801'94b4   0x18  Data  Lc  xDaysTo64.o [19]
localtime                0x800'cbfb   0x1e  Code  Gb  localtim64.o [19]
logined_to_the_server   0x2000'1e41    0x1  Data  Gb  sip_protocol.o [14]
low_battery_detection   0x2000'1e34    0x1  Data  Gb  sip_protocol.o [14]
main                     0x801'a121   0x30  Code  Gb  main.o [5]
main_sumation_value     0x2000'1d00    0x4  Data  Gb  ADC_Config.o [1]
mainpower_connection_counter
                        0x2000'1dde    0x2  Data  Gb  sip_protocol.o [14]
mainpower_disconnection_counter
                        0x2000'1ddc    0x2  Data  Gb  sip_protocol.o [14]
md5Final                 0x801'0131   0x78  Code  Gb  md5.o [10]
md5Init                  0x801'00a5   0x1e  Code  Gb  md5.o [10]
md5ProcessBlock          0x801'01c1  0x72a  Code  Gb  md5.o [10]
md5Update                0x801'00c3   0x6e  Code  Gb  md5.o [10]
memcmp                   0x800'd385         Code  Gb  memcmp.o [21]
mos                      0x801'94cc   0x18  Data  Lc  xDaysTo64.o [19]
moving_status           0x2000'1e08    0x1  Data  Gb  GPS.o [8]
mpiAdd                   0x801'6fd1   0x4c  Code  Gb  mpi.o [12]
mpiAddAbs                0x801'7069   0xfc  Code  Gb  mpi.o [12]
mpiComp                  0x801'6bb9   0x94  Code  Gb  mpi.o [12]
mpiCompAbs               0x801'6c83   0x72  Code  Gb  mpi.o [12]
mpiCompInt               0x801'6c4d   0x36  Code  Gb  mpi.o [12]
mpiCopy                  0x801'6cf5   0x6a  Code  Gb  mpi.o [12]
mpiExpMod                0x801'7849  0x3fe  Code  Wk  mpi.o [12]
mpiExport                0x801'6ef7   0xda  Code  Gb  mpi.o [12]
mpiFree                  0x801'6ac1   0x2c  Code  Gb  mpi.o [12]
mpiGetBitLength          0x801'6b55   0x3e  Code  Gb  mpi.o [12]
mpiGetBitValue           0x801'6b93   0x26  Code  Gb  mpi.o [12]
mpiGetByteLength         0x801'6b17   0x3e  Code  Gb  mpi.o [12]
mpiGetLength             0x801'6aed   0x2a  Code  Gb  mpi.o [12]
mpiGrow                  0x801'9731   0x6c  Code  Wk  mpi.o [12]
mpiImport                0x801'6db5  0x142  Code  Gb  mpi.o [12]
mpiInit                  0x801'6ab5    0xc  Code  Gb  mpi.o [12]
mpiMod                   0x801'7401   0xd0  Code  Gb  mpi.o [12]
mpiMontgomeryMul         0x801'7501  0x132  Code  Gb  mpi.o [12]
mpiMontgomeryRed         0x801'7633   0x2e  Code  Gb  mpi.o [12]
mpiMul                   0x801'7c47  0x10a  Code  Wk  mpi.o [12]
mpiMulAccCore            0x801'7661   0x9e  Code  Gb  mpi.o [12]
mpiMulMod                0x801'74d1   0x30  Code  Gb  mpi.o [12]
mpiSetValue              0x801'6d5f   0x56  Code  Gb  mpi.o [12]
mpiShiftLeft             0x801'7265   0xc4  Code  Gb  mpi.o [12]
mpiShiftRight            0x801'7329   0xd8  Code  Gb  mpi.o [12]
mpiSub                   0x801'701d   0x4c  Code  Gb  mpi.o [12]
mpiSubAbs                0x801'7165  0x100  Code  Gb  mpi.o [12]
new_firmware_available  0x2000'1e50    0x1  Data  Gb  sip_protocol.o [14]
number_of_http_process_run
                        0x2000'1e15    0x1  Data  Gb  HTTP_Process.o [9]
oidComp                  0x801'9a79   0x42  Code  Gb  oid.o [6]
osAllocMem               0x801'007d    0xe  Code  Gb  os_port_none.o [4]
osFreeMem                0x801'008b   0x12  Code  Gb  os_port_none.o [4]
over_speed_happened     0x2000'1e33    0x1  Data  Gb  sip_protocol.o [14]
packet_tag              0x2000'1e45    0x1  Data  Gb  sip_protocol.o [14]
padding                  0x801'9e68   0x40  Data  Lc  md5.o [10]
pemImportRsaPrivateKey   0x801'64f9  0x55c  Code  Gb  pem_import.o [3]
pemSearchTag             0x801'6a7d   0x36  Code  Gb  pem_import.o [3]
read_buff_index         0x2000'1e03    0x1  Data  Gb  GPS.o [8]
read_buffer_until        0x801'1319   0x3c  Code  Gb  GPS.o [8]
read_system_IMEI        0x2000'1e37    0x1  Data  Gb  sip_protocol.o [14]
reconfig_accelerometer  0x2000'1e2e    0x1  Data  Gb  sip_protocol.o [14]
reconfig_gps_protection
                        0x2000'1e0e    0x1  Data  Gb  GPS.o [8]
reconfig_gps_protection_counter
                        0x2000'1db0    0x2  Data  Gb  GPS.o [8]
reconfigure_GPS         0x2000'1e0d    0x1  Data  Gb  GPS.o [8]
recover_Accel_error     0x2000'1e60    0x1  Data  Gb  system.o [14]
recover_accel_error_counter
                        0x2000'1de8    0x2  Data  Gb  system.o [14]
repetition_accident_detection_counter
                        0x2000'1dce    0x2  Data  Gb  sip_protocol.o [14]
repetition_low_battery_counter
                        0x2000'1dcc    0x2  Data  Gb  sip_protocol.o [14]
reset_count             0x2000'000c    0x4  Data  Gb  main.o [5]
reset_server_unreachable_counter
                        0x2000'1dd4    0x2  Data  Gb  sip_protocol.o [14]
rsaFreePrivateKey        0x800'fcb9   0x44  Code  Gb  rsa.o [13]
rsaInitPrivateKey        0x800'fc75   0x44  Code  Gb  rsa.o [13]
rsadp                    0x800'fec9  0x11a  Code  Gb  rsa.o [13]
rsaesPkcs1v15Decrypt     0x800'fcfd  0x198  Code  Gb  rsa.o [13]
save_changed_setting    0x2000'1e2f    0x1  Data  Gb  sip_protocol.o [14]
save_server_ok           0x800'8c8b   0x46  Code  Gb  sip_protocol.o [14]
save_system_IMEI        0x2000'1e36    0x1  Data  Gb  sip_protocol.o [14]
send_command_to_GSM     0x2000'1e3d    0x1  Data  Gb  sip_protocol.o [14]
send_data_less_than_10_records
                        0x2000'1e28    0x1  Data  Gb  sip_protocol.o [14]
send_request_to_server  0x2000'1e4a    0x1  Data  Gb  sip_protocol.o [14]
sending_data_is_in_progress
                        0x2000'1e43    0x1  Data  Gb  sip_protocol.o [14]
server_errors           0x2000'1d38    0x4  Data  Gb  sip_protocol.o [14]
server_fault_count      0x2000'1e4d    0x1  Data  Gb  sip_protocol.o [14]
server_is_unreachable   0x2000'1e4c    0x1  Data  Gb  sip_protocol.o [14]
server_pack             0x2000'0408  0x9c4  Data  Gb  HTTP_Process.o [9]
server_pack_length      0x2000'1dc2    0x2  Data  Gb  HTTP_Process.o [9]
server_packet_count     0x2000'1e40    0x1  Data  Gb  sip_protocol.o [14]
server_packet_retry_number
                        0x2000'1e5d    0x1  Data  Gb  SSL_Process.o [9]
server_packet_type      0x2000'1e44    0x1  Data  Gb  sip_protocol.o [14]
server_records          0x2000'133c  0x1e0  Data  Gb  sip_protocol.o [14]
server_requests         0x2000'1ce0    0x8  Data  Gb  sip_protocol.o [14]
server_security_code    0x2000'1ca4   0x10  Data  Gb  sip_protocol.o [14]
server_socket           0x2000'1e42    0x1  Data  Gb  sip_protocol.o [14]
set_gps_sleep_counter   0x2000'1dae    0x2  Data  Gb  GPS.o [8]
setting                 0x2000'1908  0x10c  Data  Gb  sip_protocol.o [14]
sim_SMS_stage_TO         0x801'b1d4    0xc  Data  Gb  SMS_Process.o [9]
sim_SMS_stage_cme_error
                         0x801'b1c8    0xc  Data  Gb  SMS_Process.o [9]
sim_SMS_stage_timeout_timer
                         0x801'b1bc    0xc  Data  Gb  SMS_Process.o [9]
sim_stage_TO_CME_Error   0x801'9f9c   0x3c  Data  Gb  SSL_Process.o [9]
sim_stage_max_number_of_retries
                         0x801'9f24   0x3c  Data  Gb  SSL_Process.o [9]
sim_stage_retries_redirect
                         0x801'9f60   0x3c  Data  Gb  SSL_Process.o [9]
sim_stage_timeout        0x801'9ee8   0x3c  Data  Gb  SSL_Process.o [9]
sin                      0x801'85bb    0xa  Code  Gb  cos_sin64.o [20]
sinl                     0x801'85bb    0xa  Code  Gb  cos_sin64.o [20]
sipaad_server_is_ok     0x2000'1e48    0x1  Data  Gb  sip_protocol.o [14]
sms_panel_send          0x2000'1e3f    0x1  Data  Gb  sip_protocol.o [14]
sms_send_length         0x2000'1de2    0x2  Data  Gb  SMS_Process.o [9]
socket_connection_attempts
                        0x2000'1e5e    0x1  Data  Gb  SSL_Process.o [9]
sqrt                     0x801'876d         Code  Gb  sqrt.o [20]
sqrtl                    0x801'876d         Code  Gb  sqrt.o [20]
startup_fixed_counter   0x2000'1e04    0x1  Data  Gb  GPS.o [8]
startup_latitude_average
                        0x2000'1cd0    0x8  Data  Gb  GPS.o [8]
startup_longitude_average
                        0x2000'1cd8    0x8  Data  Gb  GPS.o [8]
str_to_llint             0x800'b53d   0x58  Code  Gb  GSM_Utility.o [9]
strchr                   0x801'64e5         Code  Gb  strchr.o [21]
strcmp                   0x800'89b9         Code  Gb  strcmp.o [21]
strlen                   0x800'cc19         Code  Gb  strlen.o [21]
strstr                   0x800'cc27   0x2e  Code  Gb  strstr.o [19]
sysTick_decrement       0x2000'1d74    0x4  Data  Gb  System_Utility.o [5]
sys_led_counter         0x2000'1e1d    0x1  Data  Gb  LEDs.o [18]
sys_led_pulse_count     0x2000'1e20    0x1  Data  Gb  LEDs.o [18]
sys_led_pulse_mode      0x2000'1e1a    0x1  Data  Gb  LEDs.o [18]
sys_led_state           0x2000'1e23    0x1  Data  Gb  LEDs.o [18]
sys_led_twice_counter   0x2000'1e26    0x1  Data  Gb  LEDs.o [18]
system_IMEI             0x2000'1ce8    0x8  Data  Gb  sip_protocol.o [14]
system_Serial           0x2000'1cf0    0x8  Data  Gb  sip_protocol.o [14]
system_Unixtime         0x2000'0008    0x4  Data  Gb  main.o [5]
system_current_state    0x2000'1e62    0x1  Data  Gb  system.o [14]
system_error            0x2000'1cb4   0x10  Data  Gb  system.o [14]
system_has_error        0x2000'1e5f    0x1  Data  Gb  system.o [14]
system_has_short_message
                        0x2000'1e58    0x1  Data  Gb  SMS_Process.o [9]
system_is_initiating    0x2000'0402    0x1  Data  Gb  main.o [5]
system_new_state        0x2000'1e63    0x1  Data  Gb  system.o [14]
system_pause_change_state_counter
                        0x2000'1e61    0x1  Data  Gb  system.o [14]
system_temp_params      0x2000'1b64   0x28  Data  Gb  SPIF.o [16]
system_uptime           0x2000'1d70    0x4  Data  Gb  System_Timers.o [18]
systick_check_IO_counter
                        0x2000'1da6    0x2  Data  Gb  Digital_IO.o [11]
ten_sec_timer           0x2000'1e64    0x1  Data  Gb  System_Timers.o [18]
timer_of_Count_of_pre_detached_occure
                        0x2000'1df7    0x1  Data  Gb  dev_attachment.o [2]
timers_does_not_work    0x2000'1e27    0x1  Data  Gb  main.o [5]
total_generated_record  0x2000'1dca    0x2  Data  Gb  sip_protocol.o [14]
turn_off_gsm            0x2000'1e3a    0x1  Data  Gb  sip_protocol.o [14]
turn_on_gsm             0x2000'1e3b    0x1  Data  Gb  sip_protocol.o [14]
vcc_digital_changed     0x2000'1e02    0x1  Data  Gb  Digital_IO.o [11]
vehicle_idle_state      0x2000'1e47    0x1  Data  Gb  sip_protocol.o [14]
vehicle_total_movement  0x2000'1d44    0x4  Data  Gb  sip_protocol.o [14]
window_dx_accel         0x2000'1d90    0x2  Data  Gb  dev_attachment.o [2]
window_dy_accel         0x2000'1d92    0x2  Data  Gb  dev_attachment.o [2]
window_dz_accel         0x2000'1d94    0x2  Data  Gb  dev_attachment.o [2]
window_end_x_accel      0x2000'1d8a    0x2  Data  Gb  dev_attachment.o [2]
window_end_y_accel      0x2000'1d8c    0x2  Data  Gb  dev_attachment.o [2]
window_end_z_accel      0x2000'1d8e    0x2  Data  Gb  dev_attachment.o [2]
window_start_x_accel    0x2000'1d84    0x2  Data  Gb  dev_attachment.o [2]
window_start_y_accel    0x2000'1d86    0x2  Data  Gb  dev_attachment.o [2]
window_start_z_accel    0x2000'1d88    0x2  Data  Gb  dev_attachment.o [2]


[1] = D:\PROGRAM\Sipaad_S500_Main_code_250426\Application\EWARM\Debug\Obj\A2D_14972411234166948354.dir
[2] = D:\PROGRAM\Sipaad_S500_Main_code_250426\Application\EWARM\Debug\Obj\Accelerometer_5802565934898969246.dir
[3] = D:\PROGRAM\Sipaad_S500_Main_code_250426\Application\EWARM\Debug\Obj\Certificate_4819519691248422992.dir
[4] = D:\PROGRAM\Sipaad_S500_Main_code_250426\Application\EWARM\Debug\Obj\Common_388439453444075512.dir
[5] = D:\PROGRAM\Sipaad_S500_Main_code_250426\Application\EWARM\Debug\Obj\EWARM_14282830314136953809.dir
[6] = D:\PROGRAM\Sipaad_S500_Main_code_250426\Application\EWARM\Debug\Obj\Encoding_17640052530797874392.dir
[7] = D:\PROGRAM\Sipaad_S500_Main_code_250426\Application\EWARM\Debug\Obj\Flash_3222999600733985888.dir
[8] = D:\PROGRAM\Sipaad_S500_Main_code_250426\Application\EWARM\Debug\Obj\GPS_13805737646085544899.dir
[9] = D:\PROGRAM\Sipaad_S500_Main_code_250426\Application\EWARM\Debug\Obj\GSM_14571738266252155766.dir
[10] = D:\PROGRAM\Sipaad_S500_Main_code_250426\Application\EWARM\Debug\Obj\Hash_7788234830195085610.dir
[11] = D:\PROGRAM\Sipaad_S500_Main_code_250426\Application\EWARM\Debug\Obj\IOs_17766050923318551339.dir
[12] = D:\PROGRAM\Sipaad_S500_Main_code_250426\Application\EWARM\Debug\Obj\MPI_4282649160496547225.dir
[13] = D:\PROGRAM\Sipaad_S500_Main_code_250426\Application\EWARM\Debug\Obj\PKC_17023933510945847088.dir
[14] = D:\PROGRAM\Sipaad_S500_Main_code_250426\Application\EWARM\Debug\Obj\Protocol_10540556707541943501.dir
[15] = D:\PROGRAM\Sipaad_S500_Main_code_250426\Application\EWARM\Debug\Obj\RSA_7683435025872950055.dir
[16] = D:\PROGRAM\Sipaad_S500_Main_code_250426\Application\EWARM\Debug\Obj\SPIF_2069707202072327316.dir
[17] = D:\PROGRAM\Sipaad_S500_Main_code_250426\Application\EWARM\Debug\Obj\System_14878279498866883008.dir
[18] = D:\PROGRAM\Sipaad_S500_Main_code_250426\Application\EWARM\Debug\Obj\Timers_7884078857485784167.dir
[19] = dl6M_tlf.a
[20] = m6M_tl.a
[21] = rt6M_tl.a

  89'518 bytes of readonly  code memory
   6'515 bytes of readonly  data memory
  27'509 bytes of readwrite data memory

Errors: none
Warnings: none
